#! /opt/homebrew/Cellar/icarus-verilog/12.0/bin/vvp
:ivl_version "12.0 (stable)";
:ivl_delay_selection "TYPICAL";
:vpi_time_precision - 12;
:vpi_module "/opt/homebrew/Cellar/icarus-verilog/12.0/lib/ivl/system.vpi";
:vpi_module "/opt/homebrew/Cellar/icarus-verilog/12.0/lib/ivl/vhdl_sys.vpi";
:vpi_module "/opt/homebrew/Cellar/icarus-verilog/12.0/lib/ivl/vhdl_textio.vpi";
:vpi_module "/opt/homebrew/Cellar/icarus-verilog/12.0/lib/ivl/v2005_math.vpi";
:vpi_module "/opt/homebrew/Cellar/icarus-verilog/12.0/lib/ivl/va_math.vpi";
S_0x1327080f0 .scope module, "tb_pattern_next_logic" "tb_pattern_next_logic" 2 4;
 .timescale -9 -12;
v0x132727030_0 .var/i "b", 31 0;
v0x1327270d0_0 .var "curr_state", 2 0;
v0x132727170_0 .var "exp", 4 0;
v0x132727220_0 .net "match_now", 0 0, v0x132726c20_0;  1 drivers
v0x1327272d0_0 .net "next_state", 2 0, v0x132726cc0_0;  1 drivers
v0x1327273a0_0 .net "pre_match", 0 0, v0x132726d80_0;  1 drivers
v0x132727450_0 .var/i "s", 31 0;
v0x1327274e0_0 .var "serial_in", 0 0;
S_0x1327055e0 .scope autofunction.vec4.s5, "expected" "expected" 2 19, 2 19 0, S_0x1327080f0;
 .timescale -9 -12;
v0x132705750_0 .var "b", 0 0;
; Variable expected is vec4 return value of scope S_0x1327055e0
v0x132726460_0 .var "match", 0 0;
v0x132726510_0 .var "ns", 2 0;
v0x1327265b0_0 .var "pre", 0 0;
v0x132726690_0 .var "s", 2 0;
v0x132726740_0 .var "stable", 2 0;
v0x1327267f0_0 .var "window", 3 0;
TD_tb_pattern_next_logic.expected ;
    %load/vec4 v0x132726690_0;
    %dup/vec4;
    %pushi/vec4 0, 0, 3;
    %cmp/u;
    %jmp/1 T_0.0, 6;
    %dup/vec4;
    %pushi/vec4 1, 0, 3;
    %cmp/u;
    %jmp/1 T_0.1, 6;
    %dup/vec4;
    %pushi/vec4 2, 0, 3;
    %cmp/u;
    %jmp/1 T_0.2, 6;
    %dup/vec4;
    %pushi/vec4 3, 0, 3;
    %cmp/u;
    %jmp/1 T_0.3, 6;
    %dup/vec4;
    %pushi/vec4 4, 0, 3;
    %cmp/u;
    %jmp/1 T_0.4, 6;
    %dup/vec4;
    %pushi/vec4 5, 0, 3;
    %cmp/u;
    %jmp/1 T_0.5, 6;
    %dup/vec4;
    %pushi/vec4 6, 0, 3;
    %cmp/u;
    %jmp/1 T_0.6, 6;
    %dup/vec4;
    %pushi/vec4 7, 0, 3;
    %cmp/u;
    %jmp/1 T_0.7, 6;
    %pushi/vec4 0, 0, 3;
    %store/vec4 v0x132726740_0, 0, 3;
    %jmp T_0.9;
T_0.0 ;
    %load/vec4 v0x132726690_0;
    %store/vec4 v0x132726740_0, 0, 3;
    %jmp T_0.9;
T_0.1 ;
    %load/vec4 v0x132726690_0;
    %store/vec4 v0x132726740_0, 0, 3;
    %jmp T_0.9;
T_0.2 ;
    %load/vec4 v0x132726690_0;
    %store/vec4 v0x132726740_0, 0, 3;
    %jmp T_0.9;
T_0.3 ;
    %load/vec4 v0x132726690_0;
    %store/vec4 v0x132726740_0, 0, 3;
    %jmp T_0.9;
T_0.4 ;
    %load/vec4 v0x132726690_0;
    %store/vec4 v0x132726740_0, 0, 3;
    %jmp T_0.9;
T_0.5 ;
    %load/vec4 v0x132726690_0;
    %store/vec4 v0x132726740_0, 0, 3;
    %jmp T_0.9;
T_0.6 ;
    %load/vec4 v0x132726690_0;
    %store/vec4 v0x132726740_0, 0, 3;
    %jmp T_0.9;
T_0.7 ;
    %load/vec4 v0x132726690_0;
    %store/vec4 v0x132726740_0, 0, 3;
    %jmp T_0.9;
T_0.9 ;
    %pop/vec4 1;
    %load/vec4 v0x132726740_0;
    %load/vec4 v0x132705750_0;
    %concat/vec4; draw_concat_vec4
    %store/vec4 v0x1327267f0_0, 0, 4;
    %load/vec4 v0x132726740_0;
    %parti/s 2, 0, 2;
    %load/vec4 v0x132705750_0;
    %concat/vec4; draw_concat_vec4
    %store/vec4 v0x132726510_0, 0, 3;
    %load/vec4 v0x1327267f0_0;
    %cmpi/e 13, 0, 4;
    %flag_get/vec4 4;
    %jmp/1 T_0.10, 4;
    %load/vec4 v0x1327267f0_0;
    %pushi/vec4 11, 0, 4;
    %cmp/e;
    %flag_get/vec4 4;
    %or;
T_0.10;
    %store/vec4 v0x132726460_0, 0, 1;
    %load/vec4 v0x1327267f0_0;
    %cmpi/e 12, 0, 4;
    %flag_get/vec4 4;
    %jmp/1 T_0.11, 4;
    %load/vec4 v0x1327267f0_0;
    %pushi/vec4 10, 0, 4;
    %cmp/e;
    %flag_get/vec4 4;
    %or;
T_0.11;
    %store/vec4 v0x1327265b0_0, 0, 1;
    %load/vec4 v0x1327265b0_0;
    %load/vec4 v0x132726460_0;
    %concat/vec4; draw_concat_vec4
    %load/vec4 v0x132726510_0;
    %concat/vec4; draw_concat_vec4
    %ret/vec4 0, 0, 5;  Assign to expected (store_vec4_to_lval)
    %end;
S_0x1327268a0 .scope module, "uut" "pattern_next_logic" 2 11, 3 1 0, S_0x1327080f0;
 .timescale -9 -12;
    .port_info 0 /INPUT 3 "curr_state";
    .port_info 1 /INPUT 1 "serial_in";
    .port_info 2 /OUTPUT 3 "next_state";
    .port_info 3 /OUTPUT 1 "match_now";
    .port_info 4 /OUTPUT 1 "pre_match";
v0x132726b60_0 .net "curr_state", 2 0, v0x1327270d0_0;  1 drivers
v0x132726c20_0 .var "match_now", 0 0;
v0x132726cc0_0 .var "next_state", 2 0;
v0x132726d80_0 .var "pre_match", 0 0;
v0x132726e20_0 .net "serial_in", 0 0, v0x1327274e0_0;  1 drivers
v0x132726f00_0 .var "window", 3 0;
E_0x132726b20 .event anyedge, v0x132726b60_0, v0x132726e20_0, v0x132726f00_0;
    .scope S_0x1327268a0;
T_1 ;
    %wait E_0x132726b20;
    %load/vec4 v0x132726b60_0;
    %load/vec4 v0x132726e20_0;
    %concat/vec4; draw_concat_vec4
    %store/vec4 v0x132726f00_0, 0, 4;
    %pushi/vec4 0, 0, 1;
    %store/vec4 v0x132726c20_0, 0, 1;
    %pushi/vec4 0, 0, 1;
    %store/vec4 v0x132726d80_0, 0, 1;
    %load/vec4 v0x132726f00_0;
    %parti/s 3, 0, 2;
    %store/vec4 v0x132726cc0_0, 0, 3;
    %load/vec4 v0x132726f00_0;
    %cmpi/e 13, 0, 4;
    %jmp/1 T_1.2, 4;
    %flag_mov 8, 4;
    %load/vec4 v0x132726f00_0;
    %cmpi/e 11, 0, 4;
    %flag_or 4, 8;
T_1.2;
    %jmp/0xz  T_1.0, 4;
    %pushi/vec4 1, 0, 1;
    %store/vec4 v0x132726c20_0, 0, 1;
    %jmp T_1.1;
T_1.0 ;
    %load/vec4 v0x132726b60_0;
    %cmpi/e 6, 0, 3;
    %jmp/1 T_1.5, 4;
    %flag_mov 8, 4;
    %load/vec4 v0x132726b60_0;
    %cmpi/e 5, 0, 3;
    %flag_or 4, 8;
T_1.5;
    %jmp/0xz  T_1.3, 4;
    %pushi/vec4 1, 0, 1;
    %store/vec4 v0x132726d80_0, 0, 1;
T_1.3 ;
T_1.1 ;
    %jmp T_1;
    .thread T_1, $push;
    .scope S_0x1327080f0;
T_2 ;
    %vpi_call 2 48 "$dumpfile", "tb_pattern_next_logic.vcd" {0 0 0};
    %vpi_call 2 49 "$dumpvars", 32'sb00000000000000000000000000000000, S_0x1327080f0 {0 0 0};
    %pushi/vec4 0, 0, 32;
    %store/vec4 v0x132727450_0, 0, 32;
T_2.0 ;
    %load/vec4 v0x132727450_0;
    %cmpi/s 8, 0, 32;
    %jmp/0xz T_2.1, 5;
    %pushi/vec4 0, 0, 32;
    %store/vec4 v0x132727030_0, 0, 32;
T_2.2 ;
    %load/vec4 v0x132727030_0;
    %cmpi/s 2, 0, 32;
    %jmp/0xz T_2.3, 5;
    %load/vec4 v0x132727450_0;
    %parti/s 3, 0, 2;
    %store/vec4 v0x1327270d0_0, 0, 3;
    %load/vec4 v0x132727030_0;
    %parti/s 1, 0, 2;
    %store/vec4 v0x1327274e0_0, 0, 1;
    %delay 1000, 0;
    %alloc S_0x1327055e0;
    %load/vec4 v0x1327270d0_0;
    %load/vec4 v0x1327274e0_0;
    %store/vec4 v0x132705750_0, 0, 1;
    %store/vec4 v0x132726690_0, 0, 3;
    %callf/vec4 TD_tb_pattern_next_logic.expected, S_0x1327055e0;
    %free S_0x1327055e0;
    %store/vec4 v0x132727170_0, 0, 5;
    %load/vec4 v0x1327272d0_0;
    %load/vec4 v0x132727170_0;
    %parti/s 3, 0, 2;
    %cmp/ne;
    %jmp/1 T_2.7, 6;
    %flag_mov 8, 6;
    %load/vec4 v0x132727220_0;
    %load/vec4 v0x132727170_0;
    %parti/s 1, 3, 3;
    %cmp/ne;
    %flag_or 6, 8;
T_2.7;
    %jmp/1 T_2.6, 6;
    %flag_mov 8, 6;
    %load/vec4 v0x1327273a0_0;
    %load/vec4 v0x132727170_0;
    %parti/s 1, 4, 4;
    %cmp/ne;
    %flag_or 6, 8;
T_2.6;
    %jmp/0xz  T_2.4, 6;
    %vpi_call 2 58 "$fatal", 32'sb00000000000000000000000000000001, "Mismatch for state %0b input %0b -> expected next=%0b match=%0b pre=%0b, got next=%0b match=%0b pre=%0b", v0x1327270d0_0, v0x1327274e0_0, &PV<v0x132727170_0, 0, 3>, &PV<v0x132727170_0, 3, 1>, &PV<v0x132727170_0, 4, 1>, v0x1327272d0_0, v0x132727220_0, v0x1327273a0_0 {0 0 0};
T_2.4 ;
    %load/vec4 v0x132727030_0;
    %addi 1, 0, 32;
    %store/vec4 v0x132727030_0, 0, 32;
    %jmp T_2.2;
T_2.3 ;
    %load/vec4 v0x132727450_0;
    %addi 1, 0, 32;
    %store/vec4 v0x132727450_0, 0, 32;
    %jmp T_2.0;
T_2.1 ;
    %vpi_call 2 64 "$display", "pattern_next_logic: all transitions verified" {0 0 0};
    %vpi_call 2 65 "$finish" {0 0 0};
    %end;
    .thread T_2;
# The file index is used to find the file name in the following table.
:file_names 4;
    "N/A";
    "<interactive>";
    "tb_pattern_next_logic.v";
    "./pattern_next_logic.v";
