#! /opt/homebrew/Cellar/icarus-verilog/12.0/bin/vvp
:ivl_version "12.0 (stable)";
:ivl_delay_selection "TYPICAL";
:vpi_time_precision - 12;
:vpi_module "/opt/homebrew/Cellar/icarus-verilog/12.0/lib/ivl/system.vpi";
:vpi_module "/opt/homebrew/Cellar/icarus-verilog/12.0/lib/ivl/vhdl_sys.vpi";
:vpi_module "/opt/homebrew/Cellar/icarus-verilog/12.0/lib/ivl/vhdl_textio.vpi";
:vpi_module "/opt/homebrew/Cellar/icarus-verilog/12.0/lib/ivl/v2005_math.vpi";
:vpi_module "/opt/homebrew/Cellar/icarus-verilog/12.0/lib/ivl/va_math.vpi";
S_0x14fe09870 .scope module, "tb_gated_dff" "tb_gated_dff" 2 4;
 .timescale -9 -12;
v0x14fe29960_0 .var "clk", 0 0;
v0x14fe29a10_0 .var/i "combo", 31 0;
v0x14fe29aa0_0 .var "d", 0 0;
v0x14fe29b50_0 .var "expected", 0 0;
v0x14fe29be0_0 .var "load", 0 0;
v0x14fe29cb0_0 .net "q", 0 0, v0x14fe296b0_0;  1 drivers
v0x14fe29d60_0 .var "rst_n", 0 0;
v0x14fe29e10_0 .var "scrub", 0 0;
E_0x14fe0a390 .event posedge, v0x14fe15b70_0;
E_0x14fe09ee0 .event negedge, v0x14fe15b70_0;
S_0x14fe099e0 .scope module, "uut" "gated_dff" 2 13, 3 1 0, S_0x14fe09870;
 .timescale -9 -12;
    .port_info 0 /INPUT 1 "clk";
    .port_info 1 /INPUT 1 "rst_n";
    .port_info 2 /INPUT 1 "load";
    .port_info 3 /INPUT 1 "scrub";
    .port_info 4 /INPUT 1 "d";
    .port_info 5 /OUTPUT 1 "q";
v0x14fe15b70_0 .net "clk", 0 0, v0x14fe29960_0;  1 drivers
v0x14fe29580_0 .net "d", 0 0, v0x14fe29aa0_0;  1 drivers
v0x14fe29620_0 .net "load", 0 0, v0x14fe29be0_0;  1 drivers
v0x14fe296b0_0 .var "q", 0 0;
v0x14fe29750_0 .net "rst_n", 0 0, v0x14fe29d60_0;  1 drivers
v0x14fe29830_0 .net "scrub", 0 0, v0x14fe29e10_0;  1 drivers
E_0x14fe0a690/0 .event negedge, v0x14fe29750_0;
E_0x14fe0a690/1 .event posedge, v0x14fe15b70_0;
E_0x14fe0a690 .event/or E_0x14fe0a690/0, E_0x14fe0a690/1;
    .scope S_0x14fe099e0;
T_0 ;
    %wait E_0x14fe0a690;
    %load/vec4 v0x14fe29750_0;
    %nor/r;
    %flag_set/vec4 8;
    %jmp/0xz  T_0.0, 8;
    %pushi/vec4 0, 0, 1;
    %assign/vec4 v0x14fe296b0_0, 0;
    %jmp T_0.1;
T_0.0 ;
    %load/vec4 v0x14fe29830_0;
    %flag_set/vec4 8;
    %jmp/0xz  T_0.2, 8;
    %pushi/vec4 0, 0, 1;
    %assign/vec4 v0x14fe296b0_0, 0;
    %jmp T_0.3;
T_0.2 ;
    %load/vec4 v0x14fe29620_0;
    %nor/r;
    %flag_set/vec4 8;
    %jmp/0xz  T_0.4, 8;
    %load/vec4 v0x14fe296b0_0;
    %assign/vec4 v0x14fe296b0_0, 0;
    %jmp T_0.5;
T_0.4 ;
    %load/vec4 v0x14fe29580_0;
    %assign/vec4 v0x14fe296b0_0, 0;
T_0.5 ;
T_0.3 ;
T_0.1 ;
    %jmp T_0;
    .thread T_0;
    .scope S_0x14fe09870;
T_1 ;
    %pushi/vec4 0, 0, 1;
    %store/vec4 v0x14fe29960_0, 0, 1;
T_1.0 ;
    %delay 5000, 0;
    %load/vec4 v0x14fe29960_0;
    %inv;
    %store/vec4 v0x14fe29960_0, 0, 1;
    %jmp T_1.0;
    %end;
    .thread T_1;
    .scope S_0x14fe09870;
T_2 ;
    %vpi_call 2 30 "$dumpfile", "tb_gated_dff.vcd" {0 0 0};
    %vpi_call 2 31 "$dumpvars", 32'sb00000000000000000000000000000000, S_0x14fe09870 {0 0 0};
    %pushi/vec4 0, 0, 1;
    %store/vec4 v0x14fe29d60_0, 0, 1;
    %pushi/vec4 0, 0, 1;
    %store/vec4 v0x14fe29be0_0, 0, 1;
    %pushi/vec4 0, 0, 1;
    %store/vec4 v0x14fe29e10_0, 0, 1;
    %pushi/vec4 0, 0, 1;
    %store/vec4 v0x14fe29aa0_0, 0, 1;
    %pushi/vec4 0, 0, 1;
    %store/vec4 v0x14fe29b50_0, 0, 1;
    %delay 2000, 0;
    %wait E_0x14fe0a390;
    %delay 1000, 0;
    %load/vec4 v0x14fe29cb0_0;
    %pad/u 32;
    %cmpi/ne 0, 0, 32;
    %jmp/0xz  T_2.0, 6;
    %vpi_call 2 42 "$fatal", 32'sb00000000000000000000000000000001, "Q should reset low while rst_n is 0" {0 0 0};
T_2.0 ;
    %pushi/vec4 1, 0, 1;
    %store/vec4 v0x14fe29d60_0, 0, 1;
    %pushi/vec4 0, 0, 32;
    %store/vec4 v0x14fe29a10_0, 0, 32;
T_2.2 ;
    %load/vec4 v0x14fe29a10_0;
    %cmpi/s 8, 0, 32;
    %jmp/0xz T_2.3, 5;
    %wait E_0x14fe09ee0;
    %load/vec4 v0x14fe29a10_0;
    %parti/s 3, 0, 2;
    %split/vec4 1;
    %store/vec4 v0x14fe29aa0_0, 0, 1;
    %split/vec4 1;
    %store/vec4 v0x14fe29be0_0, 0, 1;
    %store/vec4 v0x14fe29e10_0, 0, 1;
    %wait E_0x14fe0a390;
    %load/vec4 v0x14fe29d60_0;
    %nor/r;
    %flag_set/vec4 8;
    %jmp/0xz  T_2.4, 8;
    %pushi/vec4 0, 0, 1;
    %store/vec4 v0x14fe29b50_0, 0, 1;
    %jmp T_2.5;
T_2.4 ;
    %load/vec4 v0x14fe29e10_0;
    %flag_set/vec4 8;
    %jmp/0xz  T_2.6, 8;
    %pushi/vec4 0, 0, 1;
    %store/vec4 v0x14fe29b50_0, 0, 1;
    %jmp T_2.7;
T_2.6 ;
    %load/vec4 v0x14fe29be0_0;
    %flag_set/vec4 8;
    %jmp/0xz  T_2.8, 8;
    %load/vec4 v0x14fe29aa0_0;
    %store/vec4 v0x14fe29b50_0, 0, 1;
T_2.8 ;
T_2.7 ;
T_2.5 ;
    %delay 1000, 0;
    %load/vec4 v0x14fe29cb0_0;
    %load/vec4 v0x14fe29b50_0;
    %cmp/ne;
    %jmp/0xz  T_2.10, 6;
    %vpi_call 2 59 "$fatal", 32'sb00000000000000000000000000000001, "Mismatch after combo %0b: scrub=%0b load=%0b d=%0b expected=%0b got=%0b", &PV<v0x14fe29a10_0, 0, 3>, v0x14fe29e10_0, v0x14fe29be0_0, v0x14fe29aa0_0, v0x14fe29b50_0, v0x14fe29cb0_0 {0 0 0};
T_2.10 ;
    %load/vec4 v0x14fe29a10_0;
    %addi 1, 0, 32;
    %store/vec4 v0x14fe29a10_0, 0, 32;
    %jmp T_2.2;
T_2.3 ;
    %wait E_0x14fe09ee0;
    %pushi/vec4 1, 0, 1;
    %store/vec4 v0x14fe29be0_0, 0, 1;
    %pushi/vec4 1, 0, 1;
    %store/vec4 v0x14fe29aa0_0, 0, 1;
    %pushi/vec4 1, 0, 1;
    %store/vec4 v0x14fe29e10_0, 0, 1;
    %pushi/vec4 0, 0, 1;
    %store/vec4 v0x14fe29b50_0, 0, 1;
    %wait E_0x14fe0a390;
    %delay 1000, 0;
    %load/vec4 v0x14fe29cb0_0;
    %load/vec4 v0x14fe29b50_0;
    %cmp/ne;
    %jmp/0xz  T_2.12, 6;
    %vpi_call 2 72 "$fatal", 32'sb00000000000000000000000000000001, "Scrub should dominate load and drive reset value" {0 0 0};
T_2.12 ;
    %wait E_0x14fe09ee0;
    %pushi/vec4 0, 0, 1;
    %store/vec4 v0x14fe29e10_0, 0, 1;
    %pushi/vec4 1, 0, 1;
    %store/vec4 v0x14fe29be0_0, 0, 1;
    %pushi/vec4 1, 0, 1;
    %store/vec4 v0x14fe29aa0_0, 0, 1;
    %wait E_0x14fe0a390;
    %pushi/vec4 1, 0, 1;
    %store/vec4 v0x14fe29b50_0, 0, 1;
    %delay 1000, 0;
    %load/vec4 v0x14fe29cb0_0;
    %load/vec4 v0x14fe29b50_0;
    %cmp/ne;
    %jmp/0xz  T_2.14, 6;
    %vpi_call 2 82 "$fatal", 32'sb00000000000000000000000000000001, "Failed to capture 1 before scrub test" {0 0 0};
T_2.14 ;
    %wait E_0x14fe09ee0;
    %pushi/vec4 1, 0, 1;
    %store/vec4 v0x14fe29e10_0, 0, 1;
    %pushi/vec4 0, 0, 1;
    %store/vec4 v0x14fe29be0_0, 0, 1;
    %wait E_0x14fe0a390;
    %pushi/vec4 0, 0, 1;
    %store/vec4 v0x14fe29b50_0, 0, 1;
    %delay 1000, 0;
    %load/vec4 v0x14fe29cb0_0;
    %load/vec4 v0x14fe29b50_0;
    %cmp/ne;
    %jmp/0xz  T_2.16, 6;
    %vpi_call 2 90 "$fatal", 32'sb00000000000000000000000000000001, "Scrub pulse should clear q to 0" {0 0 0};
T_2.16 ;
    %delay 2000, 0;
    %pushi/vec4 0, 0, 1;
    %store/vec4 v0x14fe29d60_0, 0, 1;
    %delay 1000, 0;
    %load/vec4 v0x14fe29cb0_0;
    %pad/u 32;
    %cmpi/ne 0, 0, 32;
    %jmp/0xz  T_2.18, 6;
    %vpi_call 2 95 "$fatal", 32'sb00000000000000000000000000000001, "Q should clear asynchronously when rst_n drops" {0 0 0};
T_2.18 ;
    %pushi/vec4 1, 0, 1;
    %store/vec4 v0x14fe29d60_0, 0, 1;
    %pushi/vec4 0, 0, 1;
    %store/vec4 v0x14fe29be0_0, 0, 1;
    %pushi/vec4 0, 0, 1;
    %store/vec4 v0x14fe29e10_0, 0, 1;
    %pushi/vec4 1, 0, 1;
    %store/vec4 v0x14fe29aa0_0, 0, 1;
    %pushi/vec4 0, 0, 1;
    %store/vec4 v0x14fe29b50_0, 0, 1;
    %pushi/vec4 4, 0, 32;
T_2.20 %dup/vec4;
    %pushi/vec4 0, 0, 32;
    %cmp/s;
    %jmp/1xz T_2.21, 5;
    %jmp/1 T_2.21, 4;
    %pushi/vec4 1, 0, 32;
    %sub;
    %wait E_0x14fe0a390;
    %delay 1000, 0;
    %load/vec4 v0x14fe29cb0_0;
    %load/vec4 v0x14fe29b50_0;
    %cmp/ne;
    %jmp/0xz  T_2.22, 6;
    %vpi_call 2 106 "$fatal", 32'sb00000000000000000000000000000001, "Hold failed with load=0 after reset" {0 0 0};
T_2.22 ;
    %jmp T_2.20;
T_2.21 ;
    %pop/vec4 1;
    %vpi_call 2 109 "$display", "All gated_dff cases passed" {0 0 0};
    %vpi_call 2 110 "$finish" {0 0 0};
    %end;
    .thread T_2;
# The file index is used to find the file name in the following table.
:file_names 4;
    "N/A";
    "<interactive>";
    "tb_gated_dff.v";
    "./gated_dff.v";
