#! /opt/homebrew/Cellar/icarus-verilog/12.0/bin/vvp
:ivl_version "12.0 (stable)";
:ivl_delay_selection "TYPICAL";
:vpi_time_precision - 12;
:vpi_module "/opt/homebrew/Cellar/icarus-verilog/12.0/lib/ivl/system.vpi";
:vpi_module "/opt/homebrew/Cellar/icarus-verilog/12.0/lib/ivl/vhdl_sys.vpi";
:vpi_module "/opt/homebrew/Cellar/icarus-verilog/12.0/lib/ivl/vhdl_textio.vpi";
:vpi_module "/opt/homebrew/Cellar/icarus-verilog/12.0/lib/ivl/v2005_math.vpi";
:vpi_module "/opt/homebrew/Cellar/icarus-verilog/12.0/lib/ivl/va_math.vpi";
S_0x11cf09500 .scope module, "direction_fsm_tb" "direction_fsm_tb" 2 4;
 .timescale -9 -12;
v0x11cf1fad0_0 .var "clk", 0 0;
v0x11cf1fbf0_0 .net "direction", 1 0, L_0x11cf1feb0;  1 drivers
v0x11cf1fc80_0 .var "direction_name", 39 0;
v0x11cf1fd10_0 .var "reset_n", 0 0;
v0x11cf1fe20_0 .var "turn_right", 0 0;
E_0x11cf0b250 .event negedge, v0x11cf0ec00_0;
E_0x11cf0f1c0 .event posedge, v0x11cf0ec00_0;
E_0x11cf05870 .event anyedge, v0x11cf1f7c0_0;
S_0x11cf05250 .scope module, "dut" "direction_fsm" 2 11, 3 2 0, S_0x11cf09500;
 .timescale -9 -12;
    .port_info 0 /INPUT 1 "clk";
    .port_info 1 /INPUT 1 "reset_n";
    .port_info 2 /INPUT 1 "turn_right";
    .port_info 3 /OUTPUT 2 "direction";
P_0x11cf0aeb0 .param/l "EAST" 0 3 10, C4<01>;
P_0x11cf0aef0 .param/l "NORTH" 0 3 8, C4<00>;
P_0x11cf0af30 .param/l "SOUTH" 0 3 9, C4<10>;
P_0x11cf0af70 .param/l "WEST" 0 3 11, C4<11>;
L_0x11cf1feb0 .functor BUFZ 2, L_0x11cf20120, C4<00>, C4<00>, C4<00>;
v0x11cf1f680_0 .net "clk", 0 0, v0x11cf1fad0_0;  1 drivers
v0x11cf1f720_0 .net "current_state", 1 0, L_0x11cf20120;  1 drivers
v0x11cf1f7c0_0 .net "direction", 1 0, L_0x11cf1feb0;  alias, 1 drivers
v0x11cf1f870_0 .var "next_state", 1 0;
v0x11cf1f930_0 .net "reset_n", 0 0, v0x11cf1fd10_0;  1 drivers
v0x11cf1fa00_0 .net "turn_right", 0 0, v0x11cf1fe20_0;  1 drivers
E_0x11cf0a850 .event anyedge, v0x11cf1f4d0_0, v0x11cf1fa00_0;
S_0x11cf053c0 .scope module, "r1" "register2bit" 3 26, 4 2 0, S_0x11cf05250;
 .timescale -9 -12;
    .port_info 0 /INPUT 1 "clk";
    .port_info 1 /INPUT 1 "rst";
    .port_info 2 /INPUT 2 "in";
    .port_info 3 /OUTPUT 2 "out";
v0x11cf1f360_0 .net "clk", 0 0, v0x11cf1fad0_0;  alias, 1 drivers
v0x11cf1f440_0 .net "in", 1 0, v0x11cf1f870_0;  1 drivers
v0x11cf1f4d0_0 .net "out", 1 0, L_0x11cf20120;  alias, 1 drivers
v0x11cf1f570_0 .net "rst", 0 0, v0x11cf1fd10_0;  alias, 1 drivers
L_0x11cf1ffa0 .part v0x11cf1f870_0, 0, 1;
L_0x11cf20080 .part v0x11cf1f870_0, 1, 1;
L_0x11cf20120 .concat8 [ 1 1 0 0], v0x11cf1ec90_0, v0x11cf1f1b0_0;
S_0x11cf0f210 .scope module, "f1" "d_flipflop" 4 3, 5 1 0, S_0x11cf053c0;
 .timescale -9 -12;
    .port_info 0 /INPUT 1 "clk";
    .port_info 1 /INPUT 1 "reset_n";
    .port_info 2 /INPUT 1 "d";
    .port_info 3 /OUTPUT 1 "q";
v0x11cf0ec00_0 .net "clk", 0 0, v0x11cf1fad0_0;  alias, 1 drivers
v0x11cf1ebf0_0 .net "d", 0 0, L_0x11cf1ffa0;  1 drivers
v0x11cf1ec90_0 .var "q", 0 0;
v0x11cf1ed40_0 .net "reset_n", 0 0, v0x11cf1fd10_0;  alias, 1 drivers
E_0x11cf0e9c0/0 .event negedge, v0x11cf1ed40_0;
E_0x11cf0e9c0/1 .event posedge, v0x11cf0ec00_0;
E_0x11cf0e9c0 .event/or E_0x11cf0e9c0/0, E_0x11cf0e9c0/1;
S_0x11cf1ee40 .scope module, "f2" "d_flipflop" 4 4, 5 1 0, S_0x11cf053c0;
 .timescale -9 -12;
    .port_info 0 /INPUT 1 "clk";
    .port_info 1 /INPUT 1 "reset_n";
    .port_info 2 /INPUT 1 "d";
    .port_info 3 /OUTPUT 1 "q";
v0x11cf1f070_0 .net "clk", 0 0, v0x11cf1fad0_0;  alias, 1 drivers
v0x11cf1f120_0 .net "d", 0 0, L_0x11cf20080;  1 drivers
v0x11cf1f1b0_0 .var "q", 0 0;
v0x11cf1f260_0 .net "reset_n", 0 0, v0x11cf1fd10_0;  alias, 1 drivers
    .scope S_0x11cf0f210;
T_0 ;
    %wait E_0x11cf0e9c0;
    %load/vec4 v0x11cf1ed40_0;
    %nor/r;
    %flag_set/vec4 8;
    %jmp/0xz  T_0.0, 8;
    %pushi/vec4 0, 0, 1;
    %assign/vec4 v0x11cf1ec90_0, 0;
    %jmp T_0.1;
T_0.0 ;
    %load/vec4 v0x11cf1ebf0_0;
    %assign/vec4 v0x11cf1ec90_0, 0;
T_0.1 ;
    %jmp T_0;
    .thread T_0;
    .scope S_0x11cf1ee40;
T_1 ;
    %wait E_0x11cf0e9c0;
    %load/vec4 v0x11cf1f260_0;
    %nor/r;
    %flag_set/vec4 8;
    %jmp/0xz  T_1.0, 8;
    %pushi/vec4 0, 0, 1;
    %assign/vec4 v0x11cf1f1b0_0, 0;
    %jmp T_1.1;
T_1.0 ;
    %load/vec4 v0x11cf1f120_0;
    %assign/vec4 v0x11cf1f1b0_0, 0;
T_1.1 ;
    %jmp T_1;
    .thread T_1;
    .scope S_0x11cf05250;
T_2 ;
    %wait E_0x11cf0a850;
    %load/vec4 v0x11cf1f720_0;
    %dup/vec4;
    %pushi/vec4 0, 0, 2;
    %cmp/u;
    %jmp/1 T_2.0, 6;
    %dup/vec4;
    %pushi/vec4 2, 0, 2;
    %cmp/u;
    %jmp/1 T_2.1, 6;
    %dup/vec4;
    %pushi/vec4 1, 0, 2;
    %cmp/u;
    %jmp/1 T_2.2, 6;
    %dup/vec4;
    %pushi/vec4 3, 0, 2;
    %cmp/u;
    %jmp/1 T_2.3, 6;
    %jmp T_2.4;
T_2.0 ;
    %load/vec4 v0x11cf1fa00_0;
    %flag_set/vec4 8;
    %jmp/0 T_2.5, 8;
    %pushi/vec4 1, 0, 2;
    %jmp/1 T_2.6, 8;
T_2.5 ; End of true expr.
    %pushi/vec4 3, 0, 2;
    %jmp/0 T_2.6, 8;
 ; End of false expr.
    %blend;
T_2.6;
    %store/vec4 v0x11cf1f870_0, 0, 2;
    %jmp T_2.4;
T_2.1 ;
    %load/vec4 v0x11cf1fa00_0;
    %flag_set/vec4 8;
    %jmp/0 T_2.7, 8;
    %pushi/vec4 3, 0, 2;
    %jmp/1 T_2.8, 8;
T_2.7 ; End of true expr.
    %pushi/vec4 1, 0, 2;
    %jmp/0 T_2.8, 8;
 ; End of false expr.
    %blend;
T_2.8;
    %store/vec4 v0x11cf1f870_0, 0, 2;
    %jmp T_2.4;
T_2.2 ;
    %load/vec4 v0x11cf1fa00_0;
    %flag_set/vec4 8;
    %jmp/0 T_2.9, 8;
    %pushi/vec4 2, 0, 2;
    %jmp/1 T_2.10, 8;
T_2.9 ; End of true expr.
    %pushi/vec4 0, 0, 2;
    %jmp/0 T_2.10, 8;
 ; End of false expr.
    %blend;
T_2.10;
    %store/vec4 v0x11cf1f870_0, 0, 2;
    %jmp T_2.4;
T_2.3 ;
    %load/vec4 v0x11cf1fa00_0;
    %flag_set/vec4 8;
    %jmp/0 T_2.11, 8;
    %pushi/vec4 0, 0, 2;
    %jmp/1 T_2.12, 8;
T_2.11 ; End of true expr.
    %pushi/vec4 2, 0, 2;
    %jmp/0 T_2.12, 8;
 ; End of false expr.
    %blend;
T_2.12;
    %store/vec4 v0x11cf1f870_0, 0, 2;
    %jmp T_2.4;
T_2.4 ;
    %pop/vec4 1;
    %jmp T_2;
    .thread T_2, $push;
    .scope S_0x11cf09500;
T_3 ;
    %pushi/vec4 0, 0, 1;
    %store/vec4 v0x11cf1fad0_0, 0, 1;
    %end;
    .thread T_3;
    .scope S_0x11cf09500;
T_4 ;
    %delay 5000, 0;
    %load/vec4 v0x11cf1fad0_0;
    %inv;
    %store/vec4 v0x11cf1fad0_0, 0, 1;
    %jmp T_4;
    .thread T_4;
    .scope S_0x11cf09500;
T_5 ;
    %wait E_0x11cf05870;
    %load/vec4 v0x11cf1fbf0_0;
    %dup/vec4;
    %pushi/vec4 0, 0, 2;
    %cmp/u;
    %jmp/1 T_5.0, 6;
    %dup/vec4;
    %pushi/vec4 1, 0, 2;
    %cmp/u;
    %jmp/1 T_5.1, 6;
    %dup/vec4;
    %pushi/vec4 2, 0, 2;
    %cmp/u;
    %jmp/1 T_5.2, 6;
    %dup/vec4;
    %pushi/vec4 3, 0, 2;
    %cmp/u;
    %jmp/1 T_5.3, 6;
    %pushi/vec4 1061109567, 0, 32; draw_string_vec4
    %pushi/vec4 63, 0, 8; draw_string_vec4
    %concat/vec4; draw_string_vec4
    %store/vec4 v0x11cf1fc80_0, 0, 40;
    %jmp T_5.5;
T_5.0 ;
    %pushi/vec4 1313821268, 0, 32; draw_string_vec4
    %pushi/vec4 72, 0, 8; draw_string_vec4
    %concat/vec4; draw_string_vec4
    %store/vec4 v0x11cf1fc80_0, 0, 40;
    %jmp T_5.5;
T_5.1 ;
    %pushi/vec4 1161909076, 0, 32; draw_string_vec4
    %pushi/vec4 32, 0, 8; draw_string_vec4
    %concat/vec4; draw_string_vec4
    %store/vec4 v0x11cf1fc80_0, 0, 40;
    %jmp T_5.5;
T_5.2 ;
    %pushi/vec4 1397708116, 0, 32; draw_string_vec4
    %pushi/vec4 72, 0, 8; draw_string_vec4
    %concat/vec4; draw_string_vec4
    %store/vec4 v0x11cf1fc80_0, 0, 40;
    %jmp T_5.5;
T_5.3 ;
    %pushi/vec4 1464161108, 0, 32; draw_string_vec4
    %pushi/vec4 32, 0, 8; draw_string_vec4
    %concat/vec4; draw_string_vec4
    %store/vec4 v0x11cf1fc80_0, 0, 40;
    %jmp T_5.5;
T_5.5 ;
    %pop/vec4 1;
    %jmp T_5;
    .thread T_5, $push;
    .scope S_0x11cf09500;
T_6 ;
    %vpi_call 2 34 "$display", "  Time | reset | turn_right | direction" {0 0 0};
    %end;
    .thread T_6;
    .scope S_0x11cf09500;
T_7 ;
    %wait E_0x11cf0f1c0;
    %vpi_call 2 38 "$display", "%6t |   %b   |      %b      | %s", $time, v0x11cf1fd10_0, v0x11cf1fe20_0, v0x11cf1fc80_0 {0 0 0};
    %jmp T_7;
    .thread T_7;
    .scope S_0x11cf09500;
T_8 ;
    %pushi/vec4 0, 0, 1;
    %store/vec4 v0x11cf1fd10_0, 0, 1;
    %pushi/vec4 0, 0, 1;
    %store/vec4 v0x11cf1fe20_0, 0, 1;
    %delay 12000, 0;
    %pushi/vec4 1, 0, 1;
    %store/vec4 v0x11cf1fd10_0, 0, 1;
    %pushi/vec4 4, 0, 32;
T_8.0 %dup/vec4;
    %pushi/vec4 0, 0, 32;
    %cmp/s;
    %jmp/1xz T_8.1, 5;
    %jmp/1 T_8.1, 4;
    %pushi/vec4 1, 0, 32;
    %sub;
    %wait E_0x11cf0b250;
    %pushi/vec4 1, 0, 1;
    %store/vec4 v0x11cf1fe20_0, 0, 1;
    %jmp T_8.0;
T_8.1 ;
    %pop/vec4 1;
    %pushi/vec4 4, 0, 32;
T_8.2 %dup/vec4;
    %pushi/vec4 0, 0, 32;
    %cmp/s;
    %jmp/1xz T_8.3, 5;
    %jmp/1 T_8.3, 4;
    %pushi/vec4 1, 0, 32;
    %sub;
    %wait E_0x11cf0b250;
    %pushi/vec4 0, 0, 1;
    %store/vec4 v0x11cf1fe20_0, 0, 1;
    %jmp T_8.2;
T_8.3 ;
    %pop/vec4 1;
    %wait E_0x11cf0b250;
    %pushi/vec4 1, 0, 1;
    %store/vec4 v0x11cf1fe20_0, 0, 1;
    %wait E_0x11cf0b250;
    %pushi/vec4 0, 0, 1;
    %store/vec4 v0x11cf1fe20_0, 0, 1;
    %wait E_0x11cf0b250;
    %pushi/vec4 1, 0, 1;
    %store/vec4 v0x11cf1fe20_0, 0, 1;
    %wait E_0x11cf0b250;
    %pushi/vec4 0, 0, 1;
    %store/vec4 v0x11cf1fe20_0, 0, 1;
    %delay 20000, 0;
    %vpi_call 2 66 "$finish" {0 0 0};
    %end;
    .thread T_8;
# The file index is used to find the file name in the following table.
:file_names 6;
    "N/A";
    "<interactive>";
    "direction_fsm_tb.v";
    "./direction.v";
    "./register.v";
    "./flipflop.v";
