#! /opt/homebrew/Cellar/icarus-verilog/12.0/bin/vvp
:ivl_version "12.0 (stable)";
:ivl_delay_selection "TYPICAL";
:vpi_time_precision - 12;
:vpi_module "/opt/homebrew/Cellar/icarus-verilog/12.0/lib/ivl/system.vpi";
:vpi_module "/opt/homebrew/Cellar/icarus-verilog/12.0/lib/ivl/vhdl_sys.vpi";
:vpi_module "/opt/homebrew/Cellar/icarus-verilog/12.0/lib/ivl/vhdl_textio.vpi";
:vpi_module "/opt/homebrew/Cellar/icarus-verilog/12.0/lib/ivl/v2005_math.vpi";
:vpi_module "/opt/homebrew/Cellar/icarus-verilog/12.0/lib/ivl/va_math.vpi";
S_0x104bbcaf0 .scope module, "tb_multiplier" "tb_multiplier" 2 3;
 .timescale -9 -12;
v0x90ac5bb60_0 .var "A", 3 0;
v0x90ac5bc00_0 .var "B", 3 0;
v0x90ac5bca0_0 .net "Product", 7 0, L_0x90b050c80;  1 drivers
v0x90ac5bd40_0 .var "clk", 0 0;
v0x90ac5bde0_0 .net "done", 0 0, L_0x104bbae90;  1 drivers
v0x90ac5be80_0 .var "start", 0 0;
E_0x90b0591c0 .event anyedge, v0x90ac5b840_0;
S_0x104bbcc70 .scope module, "uut" "serial_multiplier" 2 10, 3 3 0, S_0x104bbcaf0;
 .timescale -9 -12;
    .port_info 0 /INPUT 1 "clk";
    .port_info 1 /INPUT 1 "start";
    .port_info 2 /INPUT 4 "A_in";
    .port_info 3 /INPUT 4 "B_in";
    .port_info 4 /OUTPUT 8 "Product";
    .port_info 5 /OUTPUT 1 "done";
L_0x104bba730 .functor NOT 1, L_0x104bba690, C4<0>, C4<0>, C4<0>;
L_0x104bb8ff0 .functor AND 1, L_0x104bba730, L_0x104bb8f50, C4<1>, C4<1>;
L_0x104bbd590 .functor AND 1, L_0x104bba730, L_0x90b050fa0, C4<1>, C4<1>;
v0x90ac5a580_0 .net "A_in", 3 0, v0x90ac5bb60_0;  1 drivers
v0x90ac5a620_0 .net "B_in", 3 0, v0x90ac5bc00_0;  1 drivers
v0x90ac5a6c0_0 .var "Carry_Stored", 0 0;
v0x90ac5a760_0 .net "Cout_bit", 0 0, v0x90ac59040_0;  1 drivers
v0x90ac5a800_0 .net "Product", 7 0, L_0x90b050c80;  alias, 1 drivers
v0x90ac5a8a0_0 .net "Q_A", 3 0, v0x90ac59720_0;  1 drivers
v0x90ac5a940_0 .net "Q_M", 3 0, v0x90ac59c20_0;  1 drivers
v0x90ac5a9e0_0 .net "Q_Q", 3 0, v0x90ac5a120_0;  1 drivers
v0x90ac5aa80_0 .net "Sum_out", 3 0, L_0x90b050be0;  1 drivers
v0x90ac5ab20_0 .net *"_ivl_0", 31 0, L_0x90b050f00;  1 drivers
L_0x90a8540a0 .functor BUFT 1, C4<00>, C4<0>, C4<0>, C4<0>;
v0x90ac5abc0_0 .net/2u *"_ivl_12", 1 0, L_0x90a8540a0;  1 drivers
v0x90ac5ac60_0 .net *"_ivl_15", 0 0, L_0x104bb8f50;  1 drivers
v0x90ac5ad00_0 .net *"_ivl_17", 0 0, L_0x104bb8ff0;  1 drivers
L_0x90a8540e8 .functor BUFT 1, C4<11>, C4<0>, C4<0>, C4<0>;
v0x90ac5ada0_0 .net/2u *"_ivl_18", 1 0, L_0x90a8540e8;  1 drivers
v0x90ac5ae40_0 .net *"_ivl_21", 0 0, L_0x104bbd4f0;  1 drivers
v0x90ac5aee0_0 .net *"_ivl_23", 0 0, L_0x90b050fa0;  1 drivers
v0x90ac5af80_0 .net *"_ivl_25", 0 0, L_0x104bbd590;  1 drivers
L_0x90a854130 .functor BUFT 1, C4<00>, C4<0>, C4<0>, C4<0>;
v0x90ac5b020_0 .net/2u *"_ivl_26", 1 0, L_0x90a854130;  1 drivers
L_0x90a854178 .functor BUFT 1, C4<01>, C4<0>, C4<0>, C4<0>;
v0x90ac5b0c0_0 .net/2u *"_ivl_28", 1 0, L_0x90a854178;  1 drivers
L_0x90a854010 .functor BUFT 1, C4<0000000000000000000000000000>, C4<0>, C4<0>, C4<0>;
v0x90ac5b160_0 .net *"_ivl_3", 27 0, L_0x90a854010;  1 drivers
v0x90ac5b200_0 .net *"_ivl_30", 1 0, L_0x90ac5bf20;  1 drivers
v0x90ac5b2a0_0 .net *"_ivl_32", 1 0, L_0x90ac60000;  1 drivers
L_0x90a8541c0 .functor BUFT 1, C4<00>, C4<0>, C4<0>, C4<0>;
v0x90ac5b340_0 .net/2u *"_ivl_36", 1 0, L_0x90a8541c0;  1 drivers
L_0x90a854208 .functor BUFT 1, C4<00>, C4<0>, C4<0>, C4<0>;
v0x90ac5b3e0_0 .net/2u *"_ivl_38", 1 0, L_0x90a854208;  1 drivers
L_0x90a854058 .functor BUFT 1, C4<00000000000000000000000000001000>, C4<0>, C4<0>, C4<0>;
v0x90ac5b480_0 .net/2u *"_ivl_4", 31 0, L_0x90a854058;  1 drivers
L_0x90a854250 .functor BUFT 1, C4<01>, C4<0>, C4<0>, C4<0>;
v0x90ac5b520_0 .net/2u *"_ivl_40", 1 0, L_0x90a854250;  1 drivers
v0x90ac5b5c0_0 .net *"_ivl_42", 1 0, L_0x90ac60140;  1 drivers
v0x90ac5b660_0 .net *"_ivl_9", 0 0, L_0x104bba690;  1 drivers
v0x90ac5b700_0 .net "clk", 0 0, v0x90ac5bd40_0;  1 drivers
v0x90ac5b7a0_0 .var "count", 3 0;
v0x90ac5b840_0 .net "done", 0 0, L_0x104bbae90;  alias, 1 drivers
v0x90ac5b8e0_0 .net "is_add_state", 0 0, L_0x104bba730;  1 drivers
v0x90ac5b980_0 .net "mode_A", 1 0, L_0x90ac600a0;  1 drivers
v0x90ac5ba20_0 .net "mode_Q", 1 0, L_0x90ac601e0;  1 drivers
v0x90ac5bac0_0 .net "start", 0 0, v0x90ac5be80_0;  1 drivers
L_0x90b050f00 .concat [ 4 28 0 0], v0x90ac5b7a0_0, L_0x90a854010;
L_0x104bbae90 .cmp/eq 32, L_0x90b050f00, L_0x90a854058;
L_0x104bba690 .part v0x90ac5b7a0_0, 0, 1;
L_0x104bb8f50 .part v0x90ac5a120_0, 0, 1;
L_0x104bbd4f0 .part v0x90ac5a120_0, 0, 1;
L_0x90b050fa0 .reduce/nor L_0x104bbd4f0;
L_0x90ac5bf20 .functor MUXZ 2, L_0x90a854178, L_0x90a854130, L_0x104bbd590, C4<>;
L_0x90ac60000 .functor MUXZ 2, L_0x90ac5bf20, L_0x90a8540e8, L_0x104bb8ff0, C4<>;
L_0x90ac600a0 .functor MUXZ 2, L_0x90ac60000, L_0x90a8540a0, v0x90ac5be80_0, C4<>;
L_0x90ac60140 .functor MUXZ 2, L_0x90a854250, L_0x90a854208, L_0x104bba730, C4<>;
L_0x90ac601e0 .functor MUXZ 2, L_0x90ac60140, L_0x90a8541c0, v0x90ac5be80_0, C4<>;
L_0x104bbc370 .part v0x90ac59720_0, 0, 1;
L_0x90b050c80 .concat [ 4 4 0 0], v0x90ac5a120_0, v0x90ac59720_0;
S_0x104bbc550 .scope module, "Adder" "rca_4bit" 3 97, 3 110 0, S_0x104bbcc70;
 .timescale -9 -12;
    .port_info 0 /INPUT 4 "A";
    .port_info 1 /INPUT 4 "B";
    .port_info 2 /INPUT 1 "cin";
    .port_info 3 /OUTPUT 4 "Sum";
    .port_info 4 /OUTPUT 1 "Cout";
v0x90ac59180_0 .net "A", 3 0, v0x90ac59720_0;  alias, 1 drivers
v0x90ac59220_0 .net "B", 3 0, v0x90ac59c20_0;  alias, 1 drivers
v0x90ac592c0_0 .net "Cout", 0 0, v0x90ac59040_0;  alias, 1 drivers
v0x90ac59360_0 .net "Sum", 3 0, L_0x90b050be0;  alias, 1 drivers
v0x90ac59400_0 .net "c1", 0 0, v0x90ac586e0_0;  1 drivers
v0x90ac594a0_0 .net "c2", 0 0, v0x90ac58a00_0;  1 drivers
v0x90ac59540_0 .net "c3", 0 0, v0x90ac58d20_0;  1 drivers
L_0x90a8544d8 .functor BUFT 1, C4<0>, C4<0>, C4<0>, C4<0>;
v0x90ac595e0_0 .net "cin", 0 0, L_0x90a8544d8;  1 drivers
L_0x104bb3460 .part v0x90ac59720_0, 0, 1;
L_0x104bb3500 .part v0x90ac59c20_0, 0, 1;
L_0x104bb35a0 .part v0x90ac59720_0, 1, 1;
L_0x104bb3640 .part v0x90ac59c20_0, 1, 1;
L_0x90b070000 .part v0x90ac59720_0, 2, 1;
L_0x90b0700a0 .part v0x90ac59c20_0, 2, 1;
L_0x90b070140 .part v0x90ac59720_0, 3, 1;
L_0x90b0701e0 .part v0x90ac59c20_0, 3, 1;
L_0x90b050be0 .concat8 [ 1 1 1 1], v0x90ac58780_0, v0x90ac58aa0_0, v0x90ac58dc0_0, v0x90ac590e0_0;
S_0x104bbcff0 .scope module, "fa0" "fa" 3 120, 4 1 0, S_0x104bbc550;
 .timescale -9 -12;
    .port_info 0 /INPUT 1 "a";
    .port_info 1 /INPUT 1 "b";
    .port_info 2 /INPUT 1 "cin";
    .port_info 3 /OUTPUT 1 "sum";
    .port_info 4 /OUTPUT 1 "cout";
v0x90ac585a0_0 .net "a", 0 0, L_0x104bb3460;  1 drivers
v0x90ac58320_0 .net "b", 0 0, L_0x104bb3500;  1 drivers
v0x90ac580a0_0 .net "cin", 0 0, L_0x90a8544d8;  alias, 1 drivers
v0x90ac586e0_0 .var "cout", 0 0;
v0x90ac58780_0 .var "sum", 0 0;
E_0x90b059200 .event anyedge, v0x90ac585a0_0, v0x90ac58320_0, v0x90ac580a0_0;
S_0x104bbd170 .scope module, "fa1" "fa" 3 121, 4 1 0, S_0x104bbc550;
 .timescale -9 -12;
    .port_info 0 /INPUT 1 "a";
    .port_info 1 /INPUT 1 "b";
    .port_info 2 /INPUT 1 "cin";
    .port_info 3 /OUTPUT 1 "sum";
    .port_info 4 /OUTPUT 1 "cout";
v0x90ac58820_0 .net "a", 0 0, L_0x104bb35a0;  1 drivers
v0x90ac588c0_0 .net "b", 0 0, L_0x104bb3640;  1 drivers
v0x90ac58960_0 .net "cin", 0 0, v0x90ac586e0_0;  alias, 1 drivers
v0x90ac58a00_0 .var "cout", 0 0;
v0x90ac58aa0_0 .var "sum", 0 0;
E_0x90b059240 .event anyedge, v0x90ac58820_0, v0x90ac588c0_0, v0x90ac586e0_0;
S_0x104bacc30 .scope module, "fa2" "fa" 3 122, 4 1 0, S_0x104bbc550;
 .timescale -9 -12;
    .port_info 0 /INPUT 1 "a";
    .port_info 1 /INPUT 1 "b";
    .port_info 2 /INPUT 1 "cin";
    .port_info 3 /OUTPUT 1 "sum";
    .port_info 4 /OUTPUT 1 "cout";
v0x90ac58b40_0 .net "a", 0 0, L_0x90b070000;  1 drivers
v0x90ac58be0_0 .net "b", 0 0, L_0x90b0700a0;  1 drivers
v0x90ac58c80_0 .net "cin", 0 0, v0x90ac58a00_0;  alias, 1 drivers
v0x90ac58d20_0 .var "cout", 0 0;
v0x90ac58dc0_0 .var "sum", 0 0;
E_0x90b059280 .event anyedge, v0x90ac58b40_0, v0x90ac58be0_0, v0x90ac58a00_0;
S_0x104bacdb0 .scope module, "fa3" "fa" 3 123, 4 1 0, S_0x104bbc550;
 .timescale -9 -12;
    .port_info 0 /INPUT 1 "a";
    .port_info 1 /INPUT 1 "b";
    .port_info 2 /INPUT 1 "cin";
    .port_info 3 /OUTPUT 1 "sum";
    .port_info 4 /OUTPUT 1 "cout";
v0x90ac58e60_0 .net "a", 0 0, L_0x90b070140;  1 drivers
v0x90ac58f00_0 .net "b", 0 0, L_0x90b0701e0;  1 drivers
v0x90ac58fa0_0 .net "cin", 0 0, v0x90ac58d20_0;  alias, 1 drivers
v0x90ac59040_0 .var "cout", 0 0;
v0x90ac590e0_0 .var "sum", 0 0;
E_0x90b0592c0 .event anyedge, v0x90ac58e60_0, v0x90ac58f00_0, v0x90ac58d20_0;
S_0x104bb3f50 .scope module, "RegA" "usr" 3 73, 5 1 0, S_0x104bbcc70;
 .timescale -9 -12;
    .port_info 0 /INPUT 1 "clk";
    .port_info 1 /INPUT 1 "clr";
    .port_info 2 /INPUT 1 "msbin";
    .port_info 3 /INPUT 1 "lsbin";
    .port_info 4 /INPUT 2 "mode";
    .port_info 5 /INPUT 4 "D";
    .port_info 6 /INPUT 4 "initv";
    .port_info 7 /OUTPUT 4 "Q";
v0x90ac59680_0 .net "D", 3 0, L_0x90b050be0;  alias, 1 drivers
v0x90ac59720_0 .var "Q", 3 0;
v0x90ac597c0_0 .net "clk", 0 0, v0x90ac5bd40_0;  alias, 1 drivers
v0x90ac59860_0 .net "clr", 0 0, v0x90ac5be80_0;  alias, 1 drivers
L_0x90a854400 .functor BUFT 1, C4<0000>, C4<0>, C4<0>, C4<0>;
v0x90ac59900_0 .net "initv", 3 0, L_0x90a854400;  1 drivers
L_0x90a8543b8 .functor BUFT 1, C4<0>, C4<0>, C4<0>, C4<0>;
v0x90ac599a0_0 .net "lsbin", 0 0, L_0x90a8543b8;  1 drivers
v0x90ac59a40_0 .net "mode", 1 0, L_0x90ac600a0;  alias, 1 drivers
v0x90ac59ae0_0 .net "msbin", 0 0, v0x90ac5a6c0_0;  1 drivers
E_0x90b059300 .event posedge, v0x90ac59860_0, v0x90ac597c0_0;
S_0x104bb40d0 .scope module, "RegM" "usr" 3 64, 5 1 0, S_0x104bbcc70;
 .timescale -9 -12;
    .port_info 0 /INPUT 1 "clk";
    .port_info 1 /INPUT 1 "clr";
    .port_info 2 /INPUT 1 "msbin";
    .port_info 3 /INPUT 1 "lsbin";
    .port_info 4 /INPUT 2 "mode";
    .port_info 5 /INPUT 4 "D";
    .port_info 6 /INPUT 4 "initv";
    .port_info 7 /OUTPUT 4 "Q";
L_0x90a854370 .functor BUFT 1, C4<0000>, C4<0>, C4<0>, C4<0>;
v0x90ac59b80_0 .net "D", 3 0, L_0x90a854370;  1 drivers
v0x90ac59c20_0 .var "Q", 3 0;
v0x90ac59cc0_0 .net "clk", 0 0, v0x90ac5bd40_0;  alias, 1 drivers
v0x90ac59d60_0 .net "clr", 0 0, v0x90ac5be80_0;  alias, 1 drivers
v0x90ac59e00_0 .net "initv", 3 0, v0x90ac5bb60_0;  alias, 1 drivers
L_0x90a8542e0 .functor BUFT 1, C4<0>, C4<0>, C4<0>, C4<0>;
v0x90ac59ea0_0 .net "lsbin", 0 0, L_0x90a8542e0;  1 drivers
L_0x90a854328 .functor BUFT 1, C4<00>, C4<0>, C4<0>, C4<0>;
v0x90ac59f40_0 .net "mode", 1 0, L_0x90a854328;  1 drivers
L_0x90a854298 .functor BUFT 1, C4<0>, C4<0>, C4<0>, C4<0>;
v0x90ac59fe0_0 .net "msbin", 0 0, L_0x90a854298;  1 drivers
S_0x104bb1440 .scope module, "RegQ" "usr" 3 84, 5 1 0, S_0x104bbcc70;
 .timescale -9 -12;
    .port_info 0 /INPUT 1 "clk";
    .port_info 1 /INPUT 1 "clr";
    .port_info 2 /INPUT 1 "msbin";
    .port_info 3 /INPUT 1 "lsbin";
    .port_info 4 /INPUT 2 "mode";
    .port_info 5 /INPUT 4 "D";
    .port_info 6 /INPUT 4 "initv";
    .port_info 7 /OUTPUT 4 "Q";
L_0x90a854490 .functor BUFT 1, C4<0000>, C4<0>, C4<0>, C4<0>;
v0x90ac5a080_0 .net "D", 3 0, L_0x90a854490;  1 drivers
v0x90ac5a120_0 .var "Q", 3 0;
v0x90ac5a1c0_0 .net "clk", 0 0, v0x90ac5bd40_0;  alias, 1 drivers
v0x90ac5a260_0 .net "clr", 0 0, v0x90ac5be80_0;  alias, 1 drivers
v0x90ac5a300_0 .net "initv", 3 0, v0x90ac5bc00_0;  alias, 1 drivers
L_0x90a854448 .functor BUFT 1, C4<0>, C4<0>, C4<0>, C4<0>;
v0x90ac5a3a0_0 .net "lsbin", 0 0, L_0x90a854448;  1 drivers
v0x90ac5a440_0 .net "mode", 1 0, L_0x90ac601e0;  alias, 1 drivers
v0x90ac5a4e0_0 .net "msbin", 0 0, L_0x104bbc370;  1 drivers
    .scope S_0x104bb40d0;
T_0 ;
    %wait E_0x90b059300;
    %load/vec4 v0x90ac59d60_0;
    %flag_set/vec4 8;
    %jmp/0xz  T_0.0, 8;
    %load/vec4 v0x90ac59e00_0;
    %assign/vec4 v0x90ac59c20_0, 0;
    %jmp T_0.1;
T_0.0 ;
    %load/vec4 v0x90ac59f40_0;
    %dup/vec4;
    %pushi/vec4 1, 0, 2;
    %cmp/u;
    %jmp/1 T_0.2, 6;
    %dup/vec4;
    %pushi/vec4 2, 0, 2;
    %cmp/u;
    %jmp/1 T_0.3, 6;
    %dup/vec4;
    %pushi/vec4 3, 0, 2;
    %cmp/u;
    %jmp/1 T_0.4, 6;
    %load/vec4 v0x90ac59c20_0;
    %assign/vec4 v0x90ac59c20_0, 0;
    %jmp T_0.6;
T_0.2 ;
    %load/vec4 v0x90ac59fe0_0;
    %load/vec4 v0x90ac59c20_0;
    %parti/s 3, 1, 2;
    %concat/vec4; draw_concat_vec4
    %assign/vec4 v0x90ac59c20_0, 0;
    %jmp T_0.6;
T_0.3 ;
    %load/vec4 v0x90ac59c20_0;
    %parti/s 3, 0, 2;
    %load/vec4 v0x90ac59ea0_0;
    %concat/vec4; draw_concat_vec4
    %assign/vec4 v0x90ac59c20_0, 0;
    %jmp T_0.6;
T_0.4 ;
    %load/vec4 v0x90ac59b80_0;
    %assign/vec4 v0x90ac59c20_0, 0;
    %jmp T_0.6;
T_0.6 ;
    %pop/vec4 1;
T_0.1 ;
    %jmp T_0;
    .thread T_0;
    .scope S_0x104bb3f50;
T_1 ;
    %wait E_0x90b059300;
    %load/vec4 v0x90ac59860_0;
    %flag_set/vec4 8;
    %jmp/0xz  T_1.0, 8;
    %load/vec4 v0x90ac59900_0;
    %assign/vec4 v0x90ac59720_0, 0;
    %jmp T_1.1;
T_1.0 ;
    %load/vec4 v0x90ac59a40_0;
    %dup/vec4;
    %pushi/vec4 1, 0, 2;
    %cmp/u;
    %jmp/1 T_1.2, 6;
    %dup/vec4;
    %pushi/vec4 2, 0, 2;
    %cmp/u;
    %jmp/1 T_1.3, 6;
    %dup/vec4;
    %pushi/vec4 3, 0, 2;
    %cmp/u;
    %jmp/1 T_1.4, 6;
    %load/vec4 v0x90ac59720_0;
    %assign/vec4 v0x90ac59720_0, 0;
    %jmp T_1.6;
T_1.2 ;
    %load/vec4 v0x90ac59ae0_0;
    %load/vec4 v0x90ac59720_0;
    %parti/s 3, 1, 2;
    %concat/vec4; draw_concat_vec4
    %assign/vec4 v0x90ac59720_0, 0;
    %jmp T_1.6;
T_1.3 ;
    %load/vec4 v0x90ac59720_0;
    %parti/s 3, 0, 2;
    %load/vec4 v0x90ac599a0_0;
    %concat/vec4; draw_concat_vec4
    %assign/vec4 v0x90ac59720_0, 0;
    %jmp T_1.6;
T_1.4 ;
    %load/vec4 v0x90ac59680_0;
    %assign/vec4 v0x90ac59720_0, 0;
    %jmp T_1.6;
T_1.6 ;
    %pop/vec4 1;
T_1.1 ;
    %jmp T_1;
    .thread T_1;
    .scope S_0x104bb1440;
T_2 ;
    %wait E_0x90b059300;
    %load/vec4 v0x90ac5a260_0;
    %flag_set/vec4 8;
    %jmp/0xz  T_2.0, 8;
    %load/vec4 v0x90ac5a300_0;
    %assign/vec4 v0x90ac5a120_0, 0;
    %jmp T_2.1;
T_2.0 ;
    %load/vec4 v0x90ac5a440_0;
    %dup/vec4;
    %pushi/vec4 1, 0, 2;
    %cmp/u;
    %jmp/1 T_2.2, 6;
    %dup/vec4;
    %pushi/vec4 2, 0, 2;
    %cmp/u;
    %jmp/1 T_2.3, 6;
    %dup/vec4;
    %pushi/vec4 3, 0, 2;
    %cmp/u;
    %jmp/1 T_2.4, 6;
    %load/vec4 v0x90ac5a120_0;
    %assign/vec4 v0x90ac5a120_0, 0;
    %jmp T_2.6;
T_2.2 ;
    %load/vec4 v0x90ac5a4e0_0;
    %load/vec4 v0x90ac5a120_0;
    %parti/s 3, 1, 2;
    %concat/vec4; draw_concat_vec4
    %assign/vec4 v0x90ac5a120_0, 0;
    %jmp T_2.6;
T_2.3 ;
    %load/vec4 v0x90ac5a120_0;
    %parti/s 3, 0, 2;
    %load/vec4 v0x90ac5a3a0_0;
    %concat/vec4; draw_concat_vec4
    %assign/vec4 v0x90ac5a120_0, 0;
    %jmp T_2.6;
T_2.4 ;
    %load/vec4 v0x90ac5a080_0;
    %assign/vec4 v0x90ac5a120_0, 0;
    %jmp T_2.6;
T_2.6 ;
    %pop/vec4 1;
T_2.1 ;
    %jmp T_2;
    .thread T_2;
    .scope S_0x104bbcff0;
T_3 ;
    %wait E_0x90b059200;
    %load/vec4 v0x90ac585a0_0;
    %pad/u 2;
    %load/vec4 v0x90ac58320_0;
    %pad/u 2;
    %add;
    %load/vec4 v0x90ac580a0_0;
    %pad/u 2;
    %add;
    %split/vec4 1;
    %store/vec4 v0x90ac58780_0, 0, 1;
    %store/vec4 v0x90ac586e0_0, 0, 1;
    %jmp T_3;
    .thread T_3, $push;
    .scope S_0x104bbd170;
T_4 ;
    %wait E_0x90b059240;
    %load/vec4 v0x90ac58820_0;
    %pad/u 2;
    %load/vec4 v0x90ac588c0_0;
    %pad/u 2;
    %add;
    %load/vec4 v0x90ac58960_0;
    %pad/u 2;
    %add;
    %split/vec4 1;
    %store/vec4 v0x90ac58aa0_0, 0, 1;
    %store/vec4 v0x90ac58a00_0, 0, 1;
    %jmp T_4;
    .thread T_4, $push;
    .scope S_0x104bacc30;
T_5 ;
    %wait E_0x90b059280;
    %load/vec4 v0x90ac58b40_0;
    %pad/u 2;
    %load/vec4 v0x90ac58be0_0;
    %pad/u 2;
    %add;
    %load/vec4 v0x90ac58c80_0;
    %pad/u 2;
    %add;
    %split/vec4 1;
    %store/vec4 v0x90ac58dc0_0, 0, 1;
    %store/vec4 v0x90ac58d20_0, 0, 1;
    %jmp T_5;
    .thread T_5, $push;
    .scope S_0x104bacdb0;
T_6 ;
    %wait E_0x90b0592c0;
    %load/vec4 v0x90ac58e60_0;
    %pad/u 2;
    %load/vec4 v0x90ac58f00_0;
    %pad/u 2;
    %add;
    %load/vec4 v0x90ac58fa0_0;
    %pad/u 2;
    %add;
    %split/vec4 1;
    %store/vec4 v0x90ac590e0_0, 0, 1;
    %store/vec4 v0x90ac59040_0, 0, 1;
    %jmp T_6;
    .thread T_6, $push;
    .scope S_0x104bbcc70;
T_7 ;
    %wait E_0x90b059300;
    %load/vec4 v0x90ac5bac0_0;
    %flag_set/vec4 8;
    %jmp/0xz  T_7.0, 8;
    %pushi/vec4 0, 0, 4;
    %assign/vec4 v0x90ac5b7a0_0, 0;
    %pushi/vec4 0, 0, 1;
    %assign/vec4 v0x90ac5a6c0_0, 0;
    %jmp T_7.1;
T_7.0 ;
    %load/vec4 v0x90ac5b7a0_0;
    %pad/u 32;
    %cmpi/u 8, 0, 32;
    %jmp/0xz  T_7.2, 5;
    %load/vec4 v0x90ac5b7a0_0;
    %addi 1, 0, 4;
    %assign/vec4 v0x90ac5b7a0_0, 0;
T_7.2 ;
    %load/vec4 v0x90ac5b8e0_0;
    %flag_set/vec4 8;
    %jmp/0xz  T_7.4, 8;
    %load/vec4 v0x90ac5a760_0;
    %assign/vec4 v0x90ac5a6c0_0, 0;
T_7.4 ;
T_7.1 ;
    %jmp T_7;
    .thread T_7;
    .scope S_0x104bbcaf0;
T_8 ;
    %delay 5000, 0;
    %load/vec4 v0x90ac5bd40_0;
    %inv;
    %store/vec4 v0x90ac5bd40_0, 0, 1;
    %jmp T_8;
    .thread T_8;
    .scope S_0x104bbcaf0;
T_9 ;
    %pushi/vec4 0, 0, 1;
    %store/vec4 v0x90ac5bd40_0, 0, 1;
    %pushi/vec4 0, 0, 1;
    %store/vec4 v0x90ac5be80_0, 0, 1;
    %pushi/vec4 0, 0, 4;
    %store/vec4 v0x90ac5bb60_0, 0, 4;
    %pushi/vec4 0, 0, 4;
    %store/vec4 v0x90ac5bc00_0, 0, 4;
    %pushi/vec4 6, 0, 4;
    %store/vec4 v0x90ac5bb60_0, 0, 4;
    %pushi/vec4 7, 0, 4;
    %store/vec4 v0x90ac5bc00_0, 0, 4;
    %pushi/vec4 1, 0, 1;
    %store/vec4 v0x90ac5be80_0, 0, 1;
    %delay 10000, 0;
    %pushi/vec4 0, 0, 1;
    %store/vec4 v0x90ac5be80_0, 0, 1;
T_9.0 ;
    %load/vec4 v0x90ac5bde0_0;
    %cmpi/ne 1, 0, 1;
    %jmp/0xz T_9.1, 6;
    %wait E_0x90b0591c0;
    %jmp T_9.0;
T_9.1 ;
    %delay 10000, 0;
    %vpi_call 2 28 "$display", "6 * 7 = %d (Binary: %b)", v0x90ac5bca0_0, v0x90ac5bca0_0 {0 0 0};
    %pushi/vec4 15, 0, 4;
    %store/vec4 v0x90ac5bb60_0, 0, 4;
    %pushi/vec4 15, 0, 4;
    %store/vec4 v0x90ac5bc00_0, 0, 4;
    %pushi/vec4 1, 0, 1;
    %store/vec4 v0x90ac5be80_0, 0, 1;
    %delay 10000, 0;
    %pushi/vec4 0, 0, 1;
    %store/vec4 v0x90ac5be80_0, 0, 1;
T_9.2 ;
    %load/vec4 v0x90ac5bde0_0;
    %cmpi/ne 1, 0, 1;
    %jmp/0xz T_9.3, 6;
    %wait E_0x90b0591c0;
    %jmp T_9.2;
T_9.3 ;
    %delay 10000, 0;
    %vpi_call 2 37 "$display", "15 * 15 = %d (Binary: %b)", v0x90ac5bca0_0, v0x90ac5bca0_0 {0 0 0};
    %vpi_call 2 39 "$finish" {0 0 0};
    %end;
    .thread T_9;
# The file index is used to find the file name in the following table.
:file_names 6;
    "N/A";
    "<interactive>";
    "tb3.v";
    "./serial_mult.v";
    "./fa.v";
    "./usr.v";
