#! /opt/homebrew/Cellar/icarus-verilog/12.0/bin/vvp
:ivl_version "12.0 (stable)";
:ivl_delay_selection "TYPICAL";
:vpi_time_precision - 12;
:vpi_module "/opt/homebrew/Cellar/icarus-verilog/12.0/lib/ivl/system.vpi";
:vpi_module "/opt/homebrew/Cellar/icarus-verilog/12.0/lib/ivl/vhdl_sys.vpi";
:vpi_module "/opt/homebrew/Cellar/icarus-verilog/12.0/lib/ivl/vhdl_textio.vpi";
:vpi_module "/opt/homebrew/Cellar/icarus-verilog/12.0/lib/ivl/v2005_math.vpi";
:vpi_module "/opt/homebrew/Cellar/icarus-verilog/12.0/lib/ivl/va_math.vpi";
S_0x10099cbc0 .scope module, "counter_tb" "counter_tb" 2 3;
 .timescale -9 -12;
v0x82ac51b80_0 .net "Q", 3 0, L_0x1009ab090;  1 drivers
v0x82ac51c20_0 .var "clk", 0 0;
v0x82ac51cc0_0 .var "rst", 0 0;
E_0x82ac44780 .event negedge, v0x82ac501e0_0;
S_0x10099cd40 .scope module, "uut" "counter2" 2 10, 3 24 0, S_0x10099cbc0;
 .timescale -9 -12;
    .port_info 0 /INPUT 1 "clk";
    .port_info 1 /INPUT 1 "rst";
    .port_info 2 /OUTPUT 4 "Q";
L_0x1009a9a40 .functor NOT 1, L_0x1009a99a0, C4<0>, C4<0>, C4<0>;
L_0x1009a9860 .functor AND 1, L_0x1009a9a40, L_0x1009a97c0, C4<1>, C4<1>;
L_0x1009a93a0 .functor AND 1, L_0x1009a9860, L_0x1009a9300, C4<1>, C4<1>;
L_0x1009a8660 .functor NOT 1, L_0x1009a85c0, C4<0>, C4<0>, C4<0>;
L_0x1009a9180 .functor AND 1, L_0x1009a90e0, L_0x1009a8660, C4<1>, C4<1>;
L_0x1009a8440 .functor NOT 1, L_0x1009a83a0, C4<0>, C4<0>, C4<0>;
L_0x10099ff10 .functor AND 1, L_0x1009a9180, L_0x1009a8440, C4<1>, C4<1>;
L_0x1009a19e0 .functor OR 1, L_0x1009a93a0, L_0x10099ff10, C4<0>, C4<0>;
L_0x1009a8250 .functor NOT 1, L_0x1009aaff0, C4<0>, C4<0>, C4<0>;
v0x82ac51040_0 .net "J", 0 0, L_0x1009a19e0;  1 drivers
v0x82ac510e0_0 .net "Q", 3 0, L_0x1009ab090;  alias, 1 drivers
v0x82ac51180_0 .net *"_ivl_1", 0 0, L_0x1009a99a0;  1 drivers
v0x82ac51220_0 .net *"_ivl_10", 0 0, L_0x1009a93a0;  1 drivers
v0x82ac512c0_0 .net *"_ivl_13", 0 0, L_0x1009a90e0;  1 drivers
v0x82ac51360_0 .net *"_ivl_15", 0 0, L_0x1009a85c0;  1 drivers
v0x82ac51400_0 .net *"_ivl_16", 0 0, L_0x1009a8660;  1 drivers
v0x82ac514a0_0 .net *"_ivl_18", 0 0, L_0x1009a9180;  1 drivers
v0x82ac51540_0 .net *"_ivl_2", 0 0, L_0x1009a9a40;  1 drivers
v0x82ac515e0_0 .net *"_ivl_21", 0 0, L_0x1009a83a0;  1 drivers
v0x82ac51680_0 .net *"_ivl_22", 0 0, L_0x1009a8440;  1 drivers
v0x82ac51720_0 .net *"_ivl_24", 0 0, L_0x10099ff10;  1 drivers
v0x82ac517c0_0 .net *"_ivl_37", 0 0, L_0x1009aaff0;  1 drivers
v0x82ac51860_0 .net *"_ivl_5", 0 0, L_0x1009a97c0;  1 drivers
v0x82ac51900_0 .net *"_ivl_6", 0 0, L_0x1009a9860;  1 drivers
v0x82ac519a0_0 .net *"_ivl_9", 0 0, L_0x1009a9300;  1 drivers
v0x82ac51a40_0 .net "clk", 0 0, v0x82ac51c20_0;  1 drivers
v0x82ac51ae0_0 .net "rst", 0 0, v0x82ac51cc0_0;  1 drivers
L_0x1009a99a0 .part L_0x1009ab090, 3, 1;
L_0x1009a97c0 .part L_0x1009ab090, 2, 1;
L_0x1009a9300 .part L_0x1009ab090, 1, 1;
L_0x1009a90e0 .part L_0x1009ab090, 3, 1;
L_0x1009a85c0 .part L_0x1009ab090, 2, 1;
L_0x1009a83a0 .part L_0x1009ab090, 1, 1;
L_0x1009a81b0 .part L_0x1009ab090, 0, 1;
L_0x1009aaff0 .part L_0x1009ab090, 3, 1;
L_0x82b044000 .part L_0x1009ab090, 1, 1;
L_0x82b0440a0 .part L_0x1009ab090, 0, 1;
L_0x1009ab090 .concat8 [ 1 1 1 1], v0x82ac505a0_0, v0x82ac508c0_0, v0x82ac50be0_0, v0x82ac50f00_0;
S_0x1009a16e0 .scope module, "j1" "jk" 3 27, 3 2 0, S_0x10099cd40;
 .timescale -9 -12;
    .port_info 0 /INPUT 1 "clk";
    .port_info 1 /INPUT 1 "rst";
    .port_info 2 /INPUT 1 "j";
    .port_info 3 /INPUT 1 "k";
    .port_info 4 /OUTPUT 1 "q";
v0x82ac501e0_0 .net "clk", 0 0, v0x82ac51c20_0;  alias, 1 drivers
L_0x82a854010 .functor BUFT 1, C4<1>, C4<0>, C4<0>, C4<0>;
v0x82ac50000_0 .net "j", 0 0, L_0x82a854010;  1 drivers
L_0x82a854058 .functor BUFT 1, C4<1>, C4<0>, C4<0>, C4<0>;
v0x82ac50500_0 .net "k", 0 0, L_0x82a854058;  1 drivers
v0x82ac505a0_0 .var "q", 0 0;
v0x82ac50640_0 .net "rst", 0 0, v0x82ac51cc0_0;  alias, 1 drivers
E_0x82ac447c0/0 .event negedge, v0x82ac501e0_0;
E_0x82ac447c0/1 .event posedge, v0x82ac50640_0;
E_0x82ac447c0 .event/or E_0x82ac447c0/0, E_0x82ac447c0/1;
S_0x1009a1860 .scope module, "j2" "jk" 3 28, 3 2 0, S_0x10099cd40;
 .timescale -9 -12;
    .port_info 0 /INPUT 1 "clk";
    .port_info 1 /INPUT 1 "rst";
    .port_info 2 /INPUT 1 "j";
    .port_info 3 /INPUT 1 "k";
    .port_info 4 /OUTPUT 1 "q";
v0x82ac506e0_0 .net "clk", 0 0, L_0x1009a81b0;  1 drivers
v0x82ac50780_0 .net "j", 0 0, L_0x1009a8250;  1 drivers
L_0x82a8540a0 .functor BUFT 1, C4<1>, C4<0>, C4<0>, C4<0>;
v0x82ac50820_0 .net "k", 0 0, L_0x82a8540a0;  1 drivers
v0x82ac508c0_0 .var "q", 0 0;
v0x82ac50960_0 .net "rst", 0 0, v0x82ac51cc0_0;  alias, 1 drivers
E_0x82ac44800/0 .event negedge, v0x82ac506e0_0;
E_0x82ac44800/1 .event posedge, v0x82ac50640_0;
E_0x82ac44800 .event/or E_0x82ac44800/0, E_0x82ac44800/1;
S_0x10099fc10 .scope module, "j3" "jk" 3 29, 3 2 0, S_0x10099cd40;
 .timescale -9 -12;
    .port_info 0 /INPUT 1 "clk";
    .port_info 1 /INPUT 1 "rst";
    .port_info 2 /INPUT 1 "j";
    .port_info 3 /INPUT 1 "k";
    .port_info 4 /OUTPUT 1 "q";
v0x82ac50a00_0 .net "clk", 0 0, L_0x82b044000;  1 drivers
L_0x82a8540e8 .functor BUFT 1, C4<1>, C4<0>, C4<0>, C4<0>;
v0x82ac50aa0_0 .net "j", 0 0, L_0x82a8540e8;  1 drivers
L_0x82a854130 .functor BUFT 1, C4<1>, C4<0>, C4<0>, C4<0>;
v0x82ac50b40_0 .net "k", 0 0, L_0x82a854130;  1 drivers
v0x82ac50be0_0 .var "q", 0 0;
v0x82ac50c80_0 .net "rst", 0 0, v0x82ac51cc0_0;  alias, 1 drivers
E_0x82ac44840/0 .event negedge, v0x82ac50a00_0;
E_0x82ac44840/1 .event posedge, v0x82ac50640_0;
E_0x82ac44840 .event/or E_0x82ac44840/0, E_0x82ac44840/1;
S_0x10099fd90 .scope module, "j4" "jk" 3 30, 3 2 0, S_0x10099cd40;
 .timescale -9 -12;
    .port_info 0 /INPUT 1 "clk";
    .port_info 1 /INPUT 1 "rst";
    .port_info 2 /INPUT 1 "j";
    .port_info 3 /INPUT 1 "k";
    .port_info 4 /OUTPUT 1 "q";
v0x82ac50d20_0 .net "clk", 0 0, L_0x82b0440a0;  1 drivers
v0x82ac50dc0_0 .net "j", 0 0, L_0x1009a19e0;  alias, 1 drivers
L_0x82a854178 .functor BUFT 1, C4<1>, C4<0>, C4<0>, C4<0>;
v0x82ac50e60_0 .net "k", 0 0, L_0x82a854178;  1 drivers
v0x82ac50f00_0 .var "q", 0 0;
v0x82ac50fa0_0 .net "rst", 0 0, v0x82ac51cc0_0;  alias, 1 drivers
E_0x82ac44880/0 .event negedge, v0x82ac50d20_0;
E_0x82ac44880/1 .event posedge, v0x82ac50640_0;
E_0x82ac44880 .event/or E_0x82ac44880/0, E_0x82ac44880/1;
    .scope S_0x1009a16e0;
T_0 ;
    %wait E_0x82ac447c0;
    %load/vec4 v0x82ac50640_0;
    %flag_set/vec4 8;
    %jmp/0xz  T_0.0, 8;
    %pushi/vec4 0, 0, 1;
    %assign/vec4 v0x82ac505a0_0, 0;
    %jmp T_0.1;
T_0.0 ;
    %load/vec4 v0x82ac50000_0;
    %load/vec4 v0x82ac50500_0;
    %concat/vec4; draw_concat_vec4
    %dup/vec4;
    %pushi/vec4 0, 0, 2;
    %cmp/u;
    %jmp/1 T_0.2, 6;
    %dup/vec4;
    %pushi/vec4 1, 0, 2;
    %cmp/u;
    %jmp/1 T_0.3, 6;
    %dup/vec4;
    %pushi/vec4 2, 0, 2;
    %cmp/u;
    %jmp/1 T_0.4, 6;
    %dup/vec4;
    %pushi/vec4 3, 0, 2;
    %cmp/u;
    %jmp/1 T_0.5, 6;
    %jmp T_0.6;
T_0.2 ;
    %load/vec4 v0x82ac505a0_0;
    %assign/vec4 v0x82ac505a0_0, 0;
    %jmp T_0.6;
T_0.3 ;
    %pushi/vec4 0, 0, 1;
    %assign/vec4 v0x82ac505a0_0, 0;
    %jmp T_0.6;
T_0.4 ;
    %pushi/vec4 1, 0, 1;
    %assign/vec4 v0x82ac505a0_0, 0;
    %jmp T_0.6;
T_0.5 ;
    %load/vec4 v0x82ac505a0_0;
    %inv;
    %assign/vec4 v0x82ac505a0_0, 0;
    %jmp T_0.6;
T_0.6 ;
    %pop/vec4 1;
T_0.1 ;
    %jmp T_0;
    .thread T_0;
    .scope S_0x1009a1860;
T_1 ;
    %wait E_0x82ac44800;
    %load/vec4 v0x82ac50960_0;
    %flag_set/vec4 8;
    %jmp/0xz  T_1.0, 8;
    %pushi/vec4 0, 0, 1;
    %assign/vec4 v0x82ac508c0_0, 0;
    %jmp T_1.1;
T_1.0 ;
    %load/vec4 v0x82ac50780_0;
    %load/vec4 v0x82ac50820_0;
    %concat/vec4; draw_concat_vec4
    %dup/vec4;
    %pushi/vec4 0, 0, 2;
    %cmp/u;
    %jmp/1 T_1.2, 6;
    %dup/vec4;
    %pushi/vec4 1, 0, 2;
    %cmp/u;
    %jmp/1 T_1.3, 6;
    %dup/vec4;
    %pushi/vec4 2, 0, 2;
    %cmp/u;
    %jmp/1 T_1.4, 6;
    %dup/vec4;
    %pushi/vec4 3, 0, 2;
    %cmp/u;
    %jmp/1 T_1.5, 6;
    %jmp T_1.6;
T_1.2 ;
    %load/vec4 v0x82ac508c0_0;
    %assign/vec4 v0x82ac508c0_0, 0;
    %jmp T_1.6;
T_1.3 ;
    %pushi/vec4 0, 0, 1;
    %assign/vec4 v0x82ac508c0_0, 0;
    %jmp T_1.6;
T_1.4 ;
    %pushi/vec4 1, 0, 1;
    %assign/vec4 v0x82ac508c0_0, 0;
    %jmp T_1.6;
T_1.5 ;
    %load/vec4 v0x82ac508c0_0;
    %inv;
    %assign/vec4 v0x82ac508c0_0, 0;
    %jmp T_1.6;
T_1.6 ;
    %pop/vec4 1;
T_1.1 ;
    %jmp T_1;
    .thread T_1;
    .scope S_0x10099fc10;
T_2 ;
    %wait E_0x82ac44840;
    %load/vec4 v0x82ac50c80_0;
    %flag_set/vec4 8;
    %jmp/0xz  T_2.0, 8;
    %pushi/vec4 0, 0, 1;
    %assign/vec4 v0x82ac50be0_0, 0;
    %jmp T_2.1;
T_2.0 ;
    %load/vec4 v0x82ac50aa0_0;
    %load/vec4 v0x82ac50b40_0;
    %concat/vec4; draw_concat_vec4
    %dup/vec4;
    %pushi/vec4 0, 0, 2;
    %cmp/u;
    %jmp/1 T_2.2, 6;
    %dup/vec4;
    %pushi/vec4 1, 0, 2;
    %cmp/u;
    %jmp/1 T_2.3, 6;
    %dup/vec4;
    %pushi/vec4 2, 0, 2;
    %cmp/u;
    %jmp/1 T_2.4, 6;
    %dup/vec4;
    %pushi/vec4 3, 0, 2;
    %cmp/u;
    %jmp/1 T_2.5, 6;
    %jmp T_2.6;
T_2.2 ;
    %load/vec4 v0x82ac50be0_0;
    %assign/vec4 v0x82ac50be0_0, 0;
    %jmp T_2.6;
T_2.3 ;
    %pushi/vec4 0, 0, 1;
    %assign/vec4 v0x82ac50be0_0, 0;
    %jmp T_2.6;
T_2.4 ;
    %pushi/vec4 1, 0, 1;
    %assign/vec4 v0x82ac50be0_0, 0;
    %jmp T_2.6;
T_2.5 ;
    %load/vec4 v0x82ac50be0_0;
    %inv;
    %assign/vec4 v0x82ac50be0_0, 0;
    %jmp T_2.6;
T_2.6 ;
    %pop/vec4 1;
T_2.1 ;
    %jmp T_2;
    .thread T_2;
    .scope S_0x10099fd90;
T_3 ;
    %wait E_0x82ac44880;
    %load/vec4 v0x82ac50fa0_0;
    %flag_set/vec4 8;
    %jmp/0xz  T_3.0, 8;
    %pushi/vec4 0, 0, 1;
    %assign/vec4 v0x82ac50f00_0, 0;
    %jmp T_3.1;
T_3.0 ;
    %load/vec4 v0x82ac50dc0_0;
    %load/vec4 v0x82ac50e60_0;
    %concat/vec4; draw_concat_vec4
    %dup/vec4;
    %pushi/vec4 0, 0, 2;
    %cmp/u;
    %jmp/1 T_3.2, 6;
    %dup/vec4;
    %pushi/vec4 1, 0, 2;
    %cmp/u;
    %jmp/1 T_3.3, 6;
    %dup/vec4;
    %pushi/vec4 2, 0, 2;
    %cmp/u;
    %jmp/1 T_3.4, 6;
    %dup/vec4;
    %pushi/vec4 3, 0, 2;
    %cmp/u;
    %jmp/1 T_3.5, 6;
    %jmp T_3.6;
T_3.2 ;
    %load/vec4 v0x82ac50f00_0;
    %assign/vec4 v0x82ac50f00_0, 0;
    %jmp T_3.6;
T_3.3 ;
    %pushi/vec4 0, 0, 1;
    %assign/vec4 v0x82ac50f00_0, 0;
    %jmp T_3.6;
T_3.4 ;
    %pushi/vec4 1, 0, 1;
    %assign/vec4 v0x82ac50f00_0, 0;
    %jmp T_3.6;
T_3.5 ;
    %load/vec4 v0x82ac50f00_0;
    %inv;
    %assign/vec4 v0x82ac50f00_0, 0;
    %jmp T_3.6;
T_3.6 ;
    %pop/vec4 1;
T_3.1 ;
    %jmp T_3;
    .thread T_3;
    .scope S_0x10099cbc0;
T_4 ;
    %pushi/vec4 1, 0, 1;
    %store/vec4 v0x82ac51c20_0, 0, 1;
T_4.0 ;
    %delay 5000, 0;
    %load/vec4 v0x82ac51c20_0;
    %inv;
    %store/vec4 v0x82ac51c20_0, 0, 1;
    %jmp T_4.0;
    %end;
    .thread T_4;
    .scope S_0x10099cbc0;
T_5 ;
    %vpi_call 2 24 "$dumpfile", "counter_tb.vcd" {0 0 0};
    %vpi_call 2 25 "$dumpvars", 32'sb00000000000000000000000000000000, S_0x10099cbc0 {0 0 0};
    %pushi/vec4 1, 0, 1;
    %store/vec4 v0x82ac51cc0_0, 0, 1;
    %delay 12000, 0;
    %pushi/vec4 0, 0, 1;
    %store/vec4 v0x82ac51cc0_0, 0, 1;
    %delay 200000, 0;
    %vpi_call 2 35 "$finish" {0 0 0};
    %end;
    .thread T_5;
    .scope S_0x10099cbc0;
T_6 ;
    %wait E_0x82ac44780;
    %vpi_call 2 40 "$display", "Time=%0dns  Q=%b", $time, v0x82ac51b80_0 {0 0 0};
    %jmp T_6;
    .thread T_6;
# The file index is used to find the file name in the following table.
:file_names 4;
    "N/A";
    "<interactive>";
    "tbc.v";
    "./counter.v";
