#! /opt/homebrew/Cellar/icarus-verilog/12.0/bin/vvp
:ivl_version "12.0 (stable)";
:ivl_delay_selection "TYPICAL";
:vpi_time_precision + 0;
:vpi_module "/opt/homebrew/Cellar/icarus-verilog/12.0/lib/ivl/system.vpi";
:vpi_module "/opt/homebrew/Cellar/icarus-verilog/12.0/lib/ivl/vhdl_sys.vpi";
:vpi_module "/opt/homebrew/Cellar/icarus-verilog/12.0/lib/ivl/vhdl_textio.vpi";
:vpi_module "/opt/homebrew/Cellar/icarus-verilog/12.0/lib/ivl/v2005_math.vpi";
:vpi_module "/opt/homebrew/Cellar/icarus-verilog/12.0/lib/ivl/va_math.vpi";
S_0x1015c8860 .scope module, "testbench" "testbench" 2 3;
 .timescale 0 0;
L_0xac1454010 .functor BUFT 1, C4<00>, C4<0>, C4<0>, C4<0>;
v0xac1058000_0 .net/2u *"_ivl_0", 1 0, L_0xac1454010;  1 drivers
L_0xac14540e8 .functor BUFT 1, C4<01000010>, C4<0>, C4<0>, C4<0>;
v0xac10580a0_0 .net/2u *"_ivl_10", 7 0, L_0xac14540e8;  1 drivers
L_0xac1454130 .functor BUFT 1, C4<10>, C4<0>, C4<0>, C4<0>;
v0xac1058140_0 .net/2u *"_ivl_12", 1 0, L_0xac1454130;  1 drivers
v0xac10581e0_0 .net *"_ivl_14", 0 0, L_0xac1058be0;  1 drivers
L_0xac1454178 .functor BUFT 1, C4<01000011>, C4<0>, C4<0>, C4<0>;
v0xac1058280_0 .net/2u *"_ivl_16", 7 0, L_0xac1454178;  1 drivers
L_0xac14541c0 .functor BUFT 1, C4<01000100>, C4<0>, C4<0>, C4<0>;
v0xac1058320_0 .net/2u *"_ivl_18", 7 0, L_0xac14541c0;  1 drivers
v0xac10583c0_0 .net *"_ivl_2", 0 0, L_0xac1058aa0;  1 drivers
v0xac1058460_0 .net *"_ivl_20", 7 0, L_0x1015cf680;  1 drivers
v0xac1058500_0 .net *"_ivl_22", 7 0, L_0x1015cf720;  1 drivers
L_0xac1454058 .functor BUFT 1, C4<01000001>, C4<0>, C4<0>, C4<0>;
v0xac10585a0_0 .net/2u *"_ivl_4", 7 0, L_0xac1454058;  1 drivers
L_0xac14540a0 .functor BUFT 1, C4<01>, C4<0>, C4<0>, C4<0>;
v0xac1058640_0 .net/2u *"_ivl_6", 1 0, L_0xac14540a0;  1 drivers
v0xac10586e0_0 .net *"_ivl_8", 0 0, L_0xac1058b40;  1 drivers
v0xac1058780_0 .var "clk", 0 0;
v0xac1058820_0 .var "in", 0 0;
v0xac10588c0_0 .net "out", 0 0, v0x1015cf3a0_0;  1 drivers
v0xac1058960_0 .var "reset", 0 0;
v0xac1058a00_0 .net "state_alias", 7 0, L_0x1015cf7c0;  1 drivers
L_0xac1058aa0 .cmp/eq 2, v0x1015cf4e0_0, L_0xac1454010;
L_0xac1058b40 .cmp/eq 2, v0x1015cf4e0_0, L_0xac14540a0;
L_0xac1058be0 .cmp/eq 2, v0x1015cf4e0_0, L_0xac1454130;
L_0x1015cf680 .functor MUXZ 8, L_0xac14541c0, L_0xac1454178, L_0xac1058be0, C4<>;
L_0x1015cf720 .functor MUXZ 8, L_0x1015cf680, L_0xac14540e8, L_0xac1058b40, C4<>;
L_0x1015cf7c0 .functor MUXZ 8, L_0x1015cf720, L_0xac1454058, L_0xac1058aa0, C4<>;
S_0x1015c89e0 .scope module, "f" "FSMQ2" 2 9, 3 1 0, S_0x1015c8860;
 .timescale 0 0;
    .port_info 0 /INPUT 1 "clk";
    .port_info 1 /INPUT 1 "reset";
    .port_info 2 /INPUT 1 "in";
    .port_info 3 /OUTPUT 1 "out";
P_0x1015c45b0 .param/l "A" 0 3 3, C4<00>;
P_0x1015c45f0 .param/l "B" 0 3 3, C4<01>;
P_0x1015c4630 .param/l "C" 0 3 3, C4<10>;
P_0x1015c4670 .param/l "D" 0 3 3, C4<11>;
v0x1015c46b0_0 .net "clk", 0 0, v0xac1058780_0;  1 drivers
v0x1015c4750_0 .net "in", 0 0, v0xac1058820_0;  1 drivers
v0x1015c47f0_0 .var "nextstate", 1 0;
v0x1015cf3a0_0 .var "out", 0 0;
v0x1015cf440_0 .net "reset", 0 0, v0xac1058960_0;  1 drivers
v0x1015cf4e0_0 .var "state", 1 0;
E_0xac104c0c0 .event anyedge, v0x1015cf4e0_0, v0x1015c4750_0;
E_0xac104c1c0 .event posedge, v0x1015cf440_0, v0x1015c46b0_0;
    .scope S_0x1015c89e0;
T_0 ;
    %wait E_0xac104c1c0;
    %load/vec4 v0x1015cf440_0;
    %flag_set/vec4 8;
    %jmp/0xz  T_0.0, 8;
    %pushi/vec4 0, 0, 2;
    %assign/vec4 v0x1015cf4e0_0, 0;
    %jmp T_0.1;
T_0.0 ;
    %load/vec4 v0x1015c47f0_0;
    %assign/vec4 v0x1015cf4e0_0, 0;
T_0.1 ;
    %jmp T_0;
    .thread T_0;
    .scope S_0x1015c89e0;
T_1 ;
    %wait E_0xac104c0c0;
    %load/vec4 v0x1015cf4e0_0;
    %dup/vec4;
    %pushi/vec4 0, 0, 2;
    %cmp/u;
    %jmp/1 T_1.0, 6;
    %dup/vec4;
    %pushi/vec4 1, 0, 2;
    %cmp/u;
    %jmp/1 T_1.1, 6;
    %dup/vec4;
    %pushi/vec4 2, 0, 2;
    %cmp/u;
    %jmp/1 T_1.2, 6;
    %dup/vec4;
    %pushi/vec4 3, 0, 2;
    %cmp/u;
    %jmp/1 T_1.3, 6;
    %jmp T_1.4;
T_1.0 ;
    %pushi/vec4 0, 0, 1;
    %store/vec4 v0x1015cf3a0_0, 0, 1;
    %load/vec4 v0x1015c4750_0;
    %flag_set/vec4 8;
    %jmp/0xz  T_1.5, 8;
    %pushi/vec4 1, 0, 2;
    %store/vec4 v0x1015c47f0_0, 0, 2;
    %jmp T_1.6;
T_1.5 ;
    %load/vec4 v0x1015c4750_0;
    %inv;
    %flag_set/vec4 8;
    %jmp/0xz  T_1.7, 8;
    %pushi/vec4 0, 0, 2;
    %store/vec4 v0x1015c47f0_0, 0, 2;
T_1.7 ;
T_1.6 ;
    %jmp T_1.4;
T_1.1 ;
    %pushi/vec4 0, 0, 1;
    %store/vec4 v0x1015cf3a0_0, 0, 1;
    %load/vec4 v0x1015c4750_0;
    %flag_set/vec4 8;
    %jmp/0xz  T_1.9, 8;
    %pushi/vec4 1, 0, 2;
    %store/vec4 v0x1015c47f0_0, 0, 2;
    %jmp T_1.10;
T_1.9 ;
    %load/vec4 v0x1015c4750_0;
    %inv;
    %flag_set/vec4 8;
    %jmp/0xz  T_1.11, 8;
    %pushi/vec4 2, 0, 2;
    %store/vec4 v0x1015c47f0_0, 0, 2;
T_1.11 ;
T_1.10 ;
    %jmp T_1.4;
T_1.2 ;
    %pushi/vec4 0, 0, 1;
    %store/vec4 v0x1015cf3a0_0, 0, 1;
    %load/vec4 v0x1015c4750_0;
    %flag_set/vec4 8;
    %jmp/0xz  T_1.13, 8;
    %pushi/vec4 3, 0, 2;
    %store/vec4 v0x1015c47f0_0, 0, 2;
    %jmp T_1.14;
T_1.13 ;
    %load/vec4 v0x1015c4750_0;
    %inv;
    %flag_set/vec4 8;
    %jmp/0xz  T_1.15, 8;
    %pushi/vec4 0, 0, 2;
    %store/vec4 v0x1015c47f0_0, 0, 2;
T_1.15 ;
T_1.14 ;
    %jmp T_1.4;
T_1.3 ;
    %pushi/vec4 1, 0, 1;
    %store/vec4 v0x1015cf3a0_0, 0, 1;
    %load/vec4 v0x1015c4750_0;
    %flag_set/vec4 8;
    %jmp/0xz  T_1.17, 8;
    %pushi/vec4 1, 0, 2;
    %store/vec4 v0x1015c47f0_0, 0, 2;
    %jmp T_1.18;
T_1.17 ;
    %load/vec4 v0x1015c4750_0;
    %inv;
    %flag_set/vec4 8;
    %jmp/0xz  T_1.19, 8;
    %pushi/vec4 2, 0, 2;
    %store/vec4 v0x1015c47f0_0, 0, 2;
T_1.19 ;
T_1.18 ;
    %jmp T_1.4;
T_1.4 ;
    %pop/vec4 1;
    %jmp T_1;
    .thread T_1, $push;
    .scope S_0x1015c8860;
T_2 ;
    %delay 5, 0;
    %load/vec4 v0xac1058780_0;
    %inv;
    %store/vec4 v0xac1058780_0, 0, 1;
    %jmp T_2;
    .thread T_2;
    .scope S_0x1015c8860;
T_3 ;
    %vpi_call 2 17 "$dumpfile", "out.vcd" {0 0 0};
    %vpi_call 2 18 "$dumpvars", 32'sb00000000000000000000000000000000, S_0x1015c8860 {0 0 0};
    %pushi/vec4 0, 0, 1;
    %store/vec4 v0xac1058780_0, 0, 1;
    %pushi/vec4 1, 0, 1;
    %store/vec4 v0xac1058960_0, 0, 1;
    %pushi/vec4 0, 0, 1;
    %store/vec4 v0xac1058820_0, 0, 1;
    %delay 10, 0;
    %pushi/vec4 0, 0, 1;
    %store/vec4 v0xac1058960_0, 0, 1;
    %pushi/vec4 0, 0, 1;
    %store/vec4 v0xac1058820_0, 0, 1;
    %delay 10, 0;
    %pushi/vec4 1, 0, 1;
    %store/vec4 v0xac1058820_0, 0, 1;
    %delay 10, 0;
    %pushi/vec4 1, 0, 1;
    %store/vec4 v0xac1058960_0, 0, 1;
    %pushi/vec4 0, 0, 1;
    %store/vec4 v0xac1058820_0, 0, 1;
    %delay 10, 0;
    %pushi/vec4 0, 0, 1;
    %store/vec4 v0xac1058960_0, 0, 1;
    %pushi/vec4 1, 0, 1;
    %store/vec4 v0xac1058820_0, 0, 1;
    %delay 10, 0;
    %pushi/vec4 0, 0, 1;
    %store/vec4 v0xac1058820_0, 0, 1;
    %delay 10, 0;
    %pushi/vec4 1, 0, 1;
    %store/vec4 v0xac1058820_0, 0, 1;
    %delay 10, 0;
    %vpi_call 2 34 "$finish" {0 0 0};
    %end;
    .thread T_3;
    .scope S_0x1015c8860;
T_4 ;
    %vpi_call 2 39 "$monitor", "Time = %0t, clk = %b, reset = %b, in = %b, state = %c, out = %b", $time, v0xac1058780_0, v0xac1058960_0, v0xac1058820_0, v0xac1058a00_0, v0xac10588c0_0 {0 0 0};
    %end;
    .thread T_4;
# The file index is used to find the file name in the following table.
:file_names 4;
    "N/A";
    "<interactive>";
    "testbench.v";
    "./FSM.v";
