#! /opt/homebrew/Cellar/icarus-verilog/12.0/bin/vvp
:ivl_version "12.0 (stable)";
:ivl_delay_selection "TYPICAL";
:vpi_time_precision + 0;
:vpi_module "/opt/homebrew/Cellar/icarus-verilog/12.0/lib/ivl/system.vpi";
:vpi_module "/opt/homebrew/Cellar/icarus-verilog/12.0/lib/ivl/vhdl_sys.vpi";
:vpi_module "/opt/homebrew/Cellar/icarus-verilog/12.0/lib/ivl/vhdl_textio.vpi";
:vpi_module "/opt/homebrew/Cellar/icarus-verilog/12.0/lib/ivl/v2005_math.vpi";
:vpi_module "/opt/homebrew/Cellar/icarus-verilog/12.0/lib/ivl/va_math.vpi";
S_0x1377077a0 .scope module, "tb_d_latch" "tb_d_latch" 2 2;
 .timescale 0 0;
v0x137717d60_0 .var "D", 0 0;
v0x137717e00_0 .var "En", 0 0;
v0x137717eb0_0 .net "Q", 0 0, v0x137717c60_0;  1 drivers
S_0x137707910 .scope module, "uut" "d_latch" 2 8, 3 2 0, S_0x1377077a0;
 .timescale 0 0;
    .port_info 0 /INPUT 1 "D";
    .port_info 1 /INPUT 1 "En";
    .port_info 2 /OUTPUT 1 "Q";
v0x137707b20_0 .net "D", 0 0, v0x137717d60_0;  1 drivers
v0x137717bc0_0 .net "En", 0 0, v0x137717e00_0;  1 drivers
v0x137717c60_0 .var "Q", 0 0;
E_0x137707690 .event anyedge, v0x137717bc0_0, v0x137707b20_0;
    .scope S_0x137707910;
T_0 ;
    %wait E_0x137707690;
    %load/vec4 v0x137717bc0_0;
    %flag_set/vec4 8;
    %jmp/0xz  T_0.0, 8;
    %load/vec4 v0x137707b20_0;
    %store/vec4 v0x137717c60_0, 0, 1;
T_0.0 ;
    %jmp T_0;
    .thread T_0, $push;
    .scope S_0x1377077a0;
T_1 ;
    %vpi_call 2 15 "$dumpfile", "d_latch_tb.vcd" {0 0 0};
    %vpi_call 2 16 "$dumpvars", 32'sb00000000000000000000000000000000, S_0x1377077a0 {0 0 0};
    %vpi_call 2 18 "$display", "Time | En D | Q" {0 0 0};
    %vpi_call 2 19 "$display", "----------------" {0 0 0};
    %pushi/vec4 0, 0, 1;
    %store/vec4 v0x137717d60_0, 0, 1;
    %pushi/vec4 0, 0, 1;
    %store/vec4 v0x137717e00_0, 0, 1;
    %delay 10, 0;
    %vpi_call 2 23 "$display", "%4t | %b  %b | %b", $time, v0x137717e00_0, v0x137717d60_0, v0x137717eb0_0 {0 0 0};
    %pushi/vec4 1, 0, 1;
    %store/vec4 v0x137717e00_0, 0, 1;
    %pushi/vec4 1, 0, 1;
    %store/vec4 v0x137717d60_0, 0, 1;
    %delay 10, 0;
    %vpi_call 2 27 "$display", "%4t | %b  %b | %b", $time, v0x137717e00_0, v0x137717d60_0, v0x137717eb0_0 {0 0 0};
    %pushi/vec4 0, 0, 1;
    %store/vec4 v0x137717d60_0, 0, 1;
    %delay 10, 0;
    %vpi_call 2 31 "$display", "%4t | %b  %b | %b", $time, v0x137717e00_0, v0x137717d60_0, v0x137717eb0_0 {0 0 0};
    %pushi/vec4 0, 0, 1;
    %store/vec4 v0x137717e00_0, 0, 1;
    %pushi/vec4 1, 0, 1;
    %store/vec4 v0x137717d60_0, 0, 1;
    %delay 10, 0;
    %vpi_call 2 35 "$display", "%4t | %b  %b | %b", $time, v0x137717e00_0, v0x137717d60_0, v0x137717eb0_0 {0 0 0};
    %pushi/vec4 0, 0, 1;
    %store/vec4 v0x137717d60_0, 0, 1;
    %delay 10, 0;
    %vpi_call 2 39 "$display", "%4t | %b  %b | %b", $time, v0x137717e00_0, v0x137717d60_0, v0x137717eb0_0 {0 0 0};
    %pushi/vec4 1, 0, 1;
    %store/vec4 v0x137717e00_0, 0, 1;
    %pushi/vec4 1, 0, 1;
    %store/vec4 v0x137717d60_0, 0, 1;
    %delay 10, 0;
    %vpi_call 2 43 "$display", "%4t | %b  %b | %b", $time, v0x137717e00_0, v0x137717d60_0, v0x137717eb0_0 {0 0 0};
    %vpi_call 2 45 "$finish" {0 0 0};
    %end;
    .thread T_1;
# The file index is used to find the file name in the following table.
:file_names 4;
    "N/A";
    "<interactive>";
    "tb_d_latch.v";
    "./d_latch.v";
