#! /opt/homebrew/Cellar/icarus-verilog/12.0/bin/vvp
:ivl_version "12.0 (stable)";
:ivl_delay_selection "TYPICAL";
:vpi_time_precision + 0;
:vpi_module "/opt/homebrew/Cellar/icarus-verilog/12.0/lib/ivl/system.vpi";
:vpi_module "/opt/homebrew/Cellar/icarus-verilog/12.0/lib/ivl/vhdl_sys.vpi";
:vpi_module "/opt/homebrew/Cellar/icarus-verilog/12.0/lib/ivl/vhdl_textio.vpi";
:vpi_module "/opt/homebrew/Cellar/icarus-verilog/12.0/lib/ivl/v2005_math.vpi";
:vpi_module "/opt/homebrew/Cellar/icarus-verilog/12.0/lib/ivl/va_math.vpi";
S_0x10150bdf0 .scope module, "testbench" "testbench" 2 3;
 .timescale 0 0;
L_0x90d454010 .functor BUFT 1, C4<00>, C4<0>, C4<0>, C4<0>;
v0x101513440_0 .net/2u *"_ivl_0", 1 0, L_0x90d454010;  1 drivers
L_0x90d4540e8 .functor BUFT 1, C4<01000010>, C4<0>, C4<0>, C4<0>;
v0x1015134e0_0 .net/2u *"_ivl_10", 7 0, L_0x90d4540e8;  1 drivers
L_0x90d454130 .functor BUFT 1, C4<10>, C4<0>, C4<0>, C4<0>;
v0x101513580_0 .net/2u *"_ivl_12", 1 0, L_0x90d454130;  1 drivers
v0x101513620_0 .net *"_ivl_14", 0 0, L_0x1015141a0;  1 drivers
L_0x90d454178 .functor BUFT 1, C4<01000011>, C4<0>, C4<0>, C4<0>;
v0x90d074000_0 .net/2u *"_ivl_16", 7 0, L_0x90d454178;  1 drivers
L_0x90d4541c0 .functor BUFT 1, C4<01000100>, C4<0>, C4<0>, C4<0>;
v0x90d0740a0_0 .net/2u *"_ivl_18", 7 0, L_0x90d4541c0;  1 drivers
v0x90d074140_0 .net *"_ivl_2", 0 0, L_0x1015137c0;  1 drivers
v0x90d0741e0_0 .net *"_ivl_20", 7 0, L_0x101514240;  1 drivers
v0x90d074280_0 .net *"_ivl_22", 7 0, L_0x90cc30000;  1 drivers
L_0x90d454058 .functor BUFT 1, C4<01000001>, C4<0>, C4<0>, C4<0>;
v0x90d074320_0 .net/2u *"_ivl_4", 7 0, L_0x90d454058;  1 drivers
L_0x90d4540a0 .functor BUFT 1, C4<01>, C4<0>, C4<0>, C4<0>;
v0x90d0743c0_0 .net/2u *"_ivl_6", 1 0, L_0x90d4540a0;  1 drivers
v0x90d074460_0 .net *"_ivl_8", 0 0, L_0x101513860;  1 drivers
v0x90d074500_0 .var "clk", 0 0;
v0x90d0745a0_0 .var "in", 0 0;
v0x90d074640_0 .net "out", 0 0, v0x101513260_0;  1 drivers
v0x90d0746e0_0 .var "reset", 0 0;
v0x90d074780_0 .net "state_alias", 7 0, L_0x90cc300a0;  1 drivers
L_0x1015137c0 .cmp/eq 2, v0x1015133a0_0, L_0x90d454010;
L_0x101513860 .cmp/eq 2, v0x1015133a0_0, L_0x90d4540a0;
L_0x1015141a0 .cmp/eq 2, v0x1015133a0_0, L_0x90d454130;
L_0x101514240 .functor MUXZ 8, L_0x90d4541c0, L_0x90d454178, L_0x1015141a0, C4<>;
L_0x90cc30000 .functor MUXZ 8, L_0x101514240, L_0x90d4540e8, L_0x101513860, C4<>;
L_0x90cc300a0 .functor MUXZ 8, L_0x90cc30000, L_0x90d454058, L_0x1015137c0, C4<>;
S_0x10150bf70 .scope module, "f" "FSM" 2 9, 3 1 0, S_0x10150bdf0;
 .timescale 0 0;
    .port_info 0 /INPUT 1 "clk";
    .port_info 1 /INPUT 1 "reset";
    .port_info 2 /INPUT 1 "in";
    .port_info 3 /OUTPUT 1 "out";
P_0x101507e70 .param/l "S0" 0 3 4, C4<00>;
P_0x101507eb0 .param/l "S1" 0 3 4, C4<01>;
P_0x101507ef0 .param/l "S2" 0 3 4, C4<10>;
v0x101507f30_0 .net "clk", 0 0, v0x90d074500_0;  1 drivers
v0x101507fd0_0 .net "in", 0 0, v0x90d0745a0_0;  1 drivers
v0x101508070_0 .var "nextState", 1 0;
v0x101513260_0 .var "out", 0 0;
v0x101513300_0 .net "reset", 0 0, v0x90d0746e0_0;  1 drivers
v0x1015133a0_0 .var "state", 1 0;
E_0x90cc20080 .event anyedge, v0x101507fd0_0, v0x1015133a0_0;
E_0x90cc20100 .event posedge, v0x101513300_0, v0x101507f30_0;
    .scope S_0x10150bf70;
T_0 ;
    %wait E_0x90cc20100;
    %load/vec4 v0x101513300_0;
    %flag_set/vec4 8;
    %jmp/0xz  T_0.0, 8;
    %pushi/vec4 0, 0, 2;
    %assign/vec4 v0x1015133a0_0, 0;
    %jmp T_0.1;
T_0.0 ;
    %load/vec4 v0x101508070_0;
    %assign/vec4 v0x1015133a0_0, 0;
T_0.1 ;
    %jmp T_0;
    .thread T_0;
    .scope S_0x10150bf70;
T_1 ;
    %wait E_0x90cc20080;
    %load/vec4 v0x1015133a0_0;
    %dup/vec4;
    %pushi/vec4 0, 0, 2;
    %cmp/u;
    %jmp/1 T_1.0, 6;
    %dup/vec4;
    %pushi/vec4 1, 0, 2;
    %cmp/u;
    %jmp/1 T_1.1, 6;
    %dup/vec4;
    %pushi/vec4 2, 0, 2;
    %cmp/u;
    %jmp/1 T_1.2, 6;
    %jmp T_1.3;
T_1.0 ;
    %load/vec4 v0x101507fd0_0;
    %nor/r;
    %flag_set/vec4 8;
    %jmp/0xz  T_1.4, 8;
    %pushi/vec4 0, 0, 2;
    %store/vec4 v0x101508070_0, 0, 2;
    %pushi/vec4 1, 0, 1;
    %store/vec4 v0x101513260_0, 0, 1;
    %jmp T_1.5;
T_1.4 ;
    %pushi/vec4 1, 0, 2;
    %store/vec4 v0x101508070_0, 0, 2;
    %pushi/vec4 0, 0, 1;
    %store/vec4 v0x101513260_0, 0, 1;
T_1.5 ;
    %jmp T_1.3;
T_1.1 ;
    %load/vec4 v0x101507fd0_0;
    %nor/r;
    %flag_set/vec4 8;
    %jmp/0xz  T_1.6, 8;
    %pushi/vec4 1, 0, 2;
    %store/vec4 v0x101508070_0, 0, 2;
    %pushi/vec4 0, 0, 1;
    %store/vec4 v0x101513260_0, 0, 1;
    %jmp T_1.7;
T_1.6 ;
    %pushi/vec4 2, 0, 2;
    %store/vec4 v0x101508070_0, 0, 2;
    %pushi/vec4 0, 0, 1;
    %store/vec4 v0x101513260_0, 0, 1;
T_1.7 ;
    %jmp T_1.3;
T_1.2 ;
    %load/vec4 v0x101507fd0_0;
    %nor/r;
    %flag_set/vec4 8;
    %jmp/0xz  T_1.8, 8;
    %pushi/vec4 2, 0, 2;
    %store/vec4 v0x101508070_0, 0, 2;
    %pushi/vec4 0, 0, 1;
    %store/vec4 v0x101513260_0, 0, 1;
    %jmp T_1.9;
T_1.8 ;
    %pushi/vec4 0, 0, 2;
    %store/vec4 v0x101508070_0, 0, 2;
    %pushi/vec4 1, 0, 1;
    %store/vec4 v0x101513260_0, 0, 1;
T_1.9 ;
    %jmp T_1.3;
T_1.3 ;
    %pop/vec4 1;
    %jmp T_1;
    .thread T_1, $push;
    .scope S_0x10150bdf0;
T_2 ;
    %delay 5, 0;
    %load/vec4 v0x90d074500_0;
    %inv;
    %store/vec4 v0x90d074500_0, 0, 1;
    %jmp T_2;
    .thread T_2;
    .scope S_0x10150bdf0;
T_3 ;
    %vpi_call 2 19 "$dumpfile", "out.vcd" {0 0 0};
    %vpi_call 2 20 "$dumpvars", 32'sb00000000000000000000000000000000, S_0x10150bdf0 {0 0 0};
    %pushi/vec4 0, 0, 1;
    %store/vec4 v0x90d074500_0, 0, 1;
    %pushi/vec4 1, 0, 1;
    %store/vec4 v0x90d0746e0_0, 0, 1;
    %pushi/vec4 0, 0, 1;
    %store/vec4 v0x90d0745a0_0, 0, 1;
    %delay 10, 0;
    %pushi/vec4 0, 0, 1;
    %store/vec4 v0x90d0746e0_0, 0, 1;
    %pushi/vec4 0, 0, 1;
    %store/vec4 v0x90d0745a0_0, 0, 1;
    %delay 10, 0;
    %pushi/vec4 1, 0, 1;
    %store/vec4 v0x90d0745a0_0, 0, 1;
    %delay 10, 0;
    %pushi/vec4 1, 0, 1;
    %store/vec4 v0x90d0746e0_0, 0, 1;
    %pushi/vec4 0, 0, 1;
    %store/vec4 v0x90d0745a0_0, 0, 1;
    %delay 10, 0;
    %pushi/vec4 0, 0, 1;
    %store/vec4 v0x90d0746e0_0, 0, 1;
    %pushi/vec4 1, 0, 1;
    %store/vec4 v0x90d0745a0_0, 0, 1;
    %delay 10, 0;
    %pushi/vec4 1, 0, 1;
    %store/vec4 v0x90d0745a0_0, 0, 1;
    %delay 20, 0;
    %vpi_call 2 28 "$finish" {0 0 0};
    %end;
    .thread T_3;
    .scope S_0x10150bdf0;
T_4 ;
    %vpi_call 2 32 "$monitor", "Time = %0t, clk = %b, reset = %b, in = %b, state = %c, out = %b", $time, v0x90d074500_0, v0x90d0746e0_0, v0x90d0745a0_0, v0x90d074780_0, v0x90d074640_0 {0 0 0};
    %end;
    .thread T_4;
# The file index is used to find the file name in the following table.
:file_names 4;
    "N/A";
    "<interactive>";
    "testbench.v";
    "./solution/FSM.v";
