#! /opt/homebrew/Cellar/icarus-verilog/12.0/bin/vvp
:ivl_version "12.0 (stable)";
:ivl_delay_selection "TYPICAL";
:vpi_time_precision - 12;
:vpi_module "/opt/homebrew/Cellar/icarus-verilog/12.0/lib/ivl/system.vpi";
:vpi_module "/opt/homebrew/Cellar/icarus-verilog/12.0/lib/ivl/vhdl_sys.vpi";
:vpi_module "/opt/homebrew/Cellar/icarus-verilog/12.0/lib/ivl/vhdl_textio.vpi";
:vpi_module "/opt/homebrew/Cellar/icarus-verilog/12.0/lib/ivl/v2005_math.vpi";
:vpi_module "/opt/homebrew/Cellar/icarus-verilog/12.0/lib/ivl/va_math.vpi";
S_0x126641e60 .scope module, "tb_pattern_guard_top" "tb_pattern_guard_top" 2 4;
 .timescale -9 -12;
v0x12665f3d0_0 .var/i "bit_in", 31 0;
v0x12665f470_0 .var "clear_counter", 0 0;
v0x12665f510_0 .var "clk", 0 0;
v0x12665f5a0_0 .var/i "ctrl", 31 0;
v0x12665f630_0 .net "curr_state", 2 0, L_0x1266613c0;  1 drivers
v0x12665f700_0 .net "detection_count", 1 0, v0x12665bf50_0;  1 drivers
v0x12665f7d0_0 .net "detection_maxed", 0 0, L_0x126661830;  1 drivers
v0x12665f8a0_0 .net "detection_pulse", 0 0, L_0x126660740;  1 drivers
v0x12665f970_0 .var "expected_count", 1 0;
v0x12665fa80_0 .var "expected_history", 3 0;
v0x12665fb10_0 .var "expected_maxed", 0 0;
v0x12665fba0_0 .var "expected_pre_flag_now", 0 0;
v0x12665fc30_0 .var "expected_pulse_now", 0 0;
v0x12665fcc0_0 .var "expected_state", 2 0;
v0x12665fd50_0 .var "freeze_history", 0 0;
v0x12665fe00_0 .net "history_window", 3 0, L_0x126662030;  1 drivers
v0x12665fe90_0 .var "hold_state", 0 0;
v0x126660020_0 .var "inc_double_prev", 0 0;
v0x1266600b0_0 .var "match_prev", 0 0;
v0x126660140_0 .var "next_state_calc", 2 0;
v0x1266601d0_0 .net "pre_match_flag", 0 0, L_0x1266608a0;  1 drivers
v0x126660260_0 .var "pre_prev", 0 0;
v0x1266602f0_0 .var/i "round", 31 0;
v0x126660380_0 .var "rst_n", 0 0;
v0x126660410_0 .var "scrub_history", 0 0;
v0x1266604a0_0 .var "serial_in", 0 0;
E_0x12663df10 .event posedge, v0x12660af80_0;
E_0x12663cb20 .event negedge, v0x12660af80_0;
S_0x1266442e0 .scope module, "uut" "pattern_guard_top" 2 19, 3 5 0, S_0x126641e60;
 .timescale -9 -12;
    .port_info 0 /INPUT 1 "clk";
    .port_info 1 /INPUT 1 "rst_n";
    .port_info 2 /INPUT 1 "serial_in";
    .port_info 3 /INPUT 1 "hold_state";
    .port_info 4 /INPUT 1 "freeze_history";
    .port_info 5 /INPUT 1 "clear_counter";
    .port_info 6 /INPUT 1 "scrub_history";
    .port_info 7 /OUTPUT 3 "curr_state";
    .port_info 8 /OUTPUT 1 "detection_pulse";
    .port_info 9 /OUTPUT 2 "detection_count";
    .port_info 10 /OUTPUT 1 "detection_maxed";
    .port_info 11 /OUTPUT 4 "history_window";
    .port_info 12 /OUTPUT 1 "pre_match_flag";
L_0x1266606d0 .functor NOT 1, v0x12665fe90_0, C4<0>, C4<0>, C4<0>;
L_0x126660740 .functor AND 1, v0x12665b510_0, L_0x1266606d0, C4<1>, C4<1>;
L_0x126660830 .functor NOT 1, v0x12665fe90_0, C4<0>, C4<0>, C4<0>;
L_0x1266608a0 .functor AND 1, v0x12665b670_0, L_0x126660830, C4<1>, C4<1>;
L_0x126661560 .functor OR 1, v0x12665f470_0, v0x126660410_0, C4<0>, C4<0>;
L_0x1266618e0 .functor NOT 1, v0x12665b510_0, C4<0>, C4<0>, C4<0>;
L_0x126661950 .functor AND 1, L_0x1266608a0, L_0x1266618e0, C4<1>, C4<1>;
L_0x126661a60 .functor NOT 1, v0x12665fd50_0, C4<0>, C4<0>, C4<0>;
L_0x126661b10 .functor NOT 1, v0x12665fd50_0, C4<0>, C4<0>, C4<0>;
L_0x126661c70 .functor NOT 1, v0x12665fd50_0, C4<0>, C4<0>, C4<0>;
L_0x126661e20 .functor NOT 1, v0x12665fd50_0, C4<0>, C4<0>, C4<0>;
v0x12665e4f0_0 .net *"_ivl_14", 0 0, L_0x1266618e0;  1 drivers
v0x12665e580_0 .net *"_ivl_2", 0 0, L_0x1266606d0;  1 drivers
v0x12665e610_0 .net *"_ivl_6", 0 0, L_0x126660830;  1 drivers
v0x12665e6a0_0 .net "clear_counter", 0 0, v0x12665f470_0;  1 drivers
v0x12665e730_0 .net "clk", 0 0, v0x12665f510_0;  1 drivers
v0x12665e800_0 .net "curr_state", 2 0, L_0x1266613c0;  alias, 1 drivers
v0x12665e8d0_0 .net "detection_count", 1 0, v0x12665bf50_0;  alias, 1 drivers
v0x12665e960_0 .net "detection_maxed", 0 0, L_0x126661830;  alias, 1 drivers
v0x12665e9f0_0 .net "detection_pulse", 0 0, L_0x126660740;  alias, 1 drivers
v0x12665eb20_0 .net "freeze_history", 0 0, v0x12665fd50_0;  1 drivers
v0x12665ebb0_0 .net "history_window", 3 0, L_0x126662030;  alias, 1 drivers
v0x12665ec40_0 .net "hold_mask", 2 0, L_0x126660530;  1 drivers
v0x12665ecd0_0 .net "hold_state", 0 0, v0x12665fe90_0;  1 drivers
v0x12665ed60_0 .net "match_now", 0 0, v0x12665b510_0;  1 drivers
v0x12665edf0_0 .net "next_state", 2 0, v0x12665b5b0_0;  1 drivers
v0x12665eec0_0 .net "pre_match", 0 0, v0x12665b670_0;  1 drivers
v0x12665ef50_0 .net "pre_match_flag", 0 0, L_0x1266608a0;  alias, 1 drivers
v0x12665f0e0_0 .net "rst_n", 0 0, v0x126660380_0;  1 drivers
v0x12665f170_0 .net "scrub_history", 0 0, v0x126660410_0;  1 drivers
v0x12665f200_0 .net "serial_in", 0 0, v0x1266604a0_0;  1 drivers
L_0x126660530 .concat [ 1 1 1 0], v0x12665fe90_0, v0x12665fe90_0, v0x12665fe90_0;
L_0x126661bd0 .part L_0x126662030, 0, 1;
L_0x126661d60 .part L_0x126662030, 1, 1;
L_0x126661ef0 .part L_0x126662030, 2, 1;
L_0x126662030 .concat8 [ 1 1 1 1], v0x126659a40_0, v0x12665a130_0, v0x12665a820_0, v0x12665af10_0;
S_0x126643090 .scope module, "gdff1" "gated_dff" 3 36, 4 1 0, S_0x1266442e0;
 .timescale -9 -12;
    .port_info 0 /INPUT 1 "clk";
    .port_info 1 /INPUT 1 "rst_n";
    .port_info 2 /INPUT 1 "load";
    .port_info 3 /INPUT 1 "scrub";
    .port_info 4 /INPUT 1 "d";
    .port_info 5 /OUTPUT 1 "q";
v0x12660af80_0 .net "clk", 0 0, v0x12665f510_0;  alias, 1 drivers
v0x126659910_0 .net "d", 0 0, v0x1266604a0_0;  alias, 1 drivers
v0x1266599b0_0 .net "load", 0 0, L_0x126661a60;  1 drivers
v0x126659a40_0 .var "q", 0 0;
v0x126659ae0_0 .net "rst_n", 0 0, v0x126660380_0;  alias, 1 drivers
v0x126659bc0_0 .net "scrub", 0 0, v0x126660410_0;  alias, 1 drivers
E_0x12660d590/0 .event negedge, v0x126659ae0_0;
E_0x12660d590/1 .event posedge, v0x12660af80_0;
E_0x12660d590 .event/or E_0x12660d590/0, E_0x12660d590/1;
S_0x126659cf0 .scope module, "gdff2" "gated_dff" 3 37, 4 1 0, S_0x1266442e0;
 .timescale -9 -12;
    .port_info 0 /INPUT 1 "clk";
    .port_info 1 /INPUT 1 "rst_n";
    .port_info 2 /INPUT 1 "load";
    .port_info 3 /INPUT 1 "scrub";
    .port_info 4 /INPUT 1 "d";
    .port_info 5 /OUTPUT 1 "q";
v0x126659f40_0 .net "clk", 0 0, v0x12665f510_0;  alias, 1 drivers
v0x126659ff0_0 .net "d", 0 0, L_0x126661bd0;  1 drivers
v0x12665a080_0 .net "load", 0 0, L_0x126661b10;  1 drivers
v0x12665a130_0 .var "q", 0 0;
v0x12665a1c0_0 .net "rst_n", 0 0, v0x126660380_0;  alias, 1 drivers
v0x12665a290_0 .net "scrub", 0 0, v0x126660410_0;  alias, 1 drivers
S_0x12665a3b0 .scope module, "gdff3" "gated_dff" 3 38, 4 1 0, S_0x1266442e0;
 .timescale -9 -12;
    .port_info 0 /INPUT 1 "clk";
    .port_info 1 /INPUT 1 "rst_n";
    .port_info 2 /INPUT 1 "load";
    .port_info 3 /INPUT 1 "scrub";
    .port_info 4 /INPUT 1 "d";
    .port_info 5 /OUTPUT 1 "q";
v0x12665a620_0 .net "clk", 0 0, v0x12665f510_0;  alias, 1 drivers
v0x12665a6f0_0 .net "d", 0 0, L_0x126661d60;  1 drivers
v0x12665a790_0 .net "load", 0 0, L_0x126661c70;  1 drivers
v0x12665a820_0 .var "q", 0 0;
v0x12665a8c0_0 .net "rst_n", 0 0, v0x126660380_0;  alias, 1 drivers
v0x12665a9d0_0 .net "scrub", 0 0, v0x126660410_0;  alias, 1 drivers
S_0x12665aaf0 .scope module, "gdff4" "gated_dff" 3 39, 4 1 0, S_0x1266442e0;
 .timescale -9 -12;
    .port_info 0 /INPUT 1 "clk";
    .port_info 1 /INPUT 1 "rst_n";
    .port_info 2 /INPUT 1 "load";
    .port_info 3 /INPUT 1 "scrub";
    .port_info 4 /INPUT 1 "d";
    .port_info 5 /OUTPUT 1 "q";
v0x12665ad40_0 .net "clk", 0 0, v0x12665f510_0;  alias, 1 drivers
v0x12665add0_0 .net "d", 0 0, L_0x126661ef0;  1 drivers
v0x12665ae60_0 .net "load", 0 0, L_0x126661e20;  1 drivers
v0x12665af10_0 .var "q", 0 0;
v0x12665afb0_0 .net "rst_n", 0 0, v0x126660380_0;  alias, 1 drivers
v0x12665b080_0 .net "scrub", 0 0, v0x126660410_0;  alias, 1 drivers
S_0x12665b1a0 .scope module, "pnl" "pattern_next_logic" 3 27, 5 1 0, S_0x1266442e0;
 .timescale -9 -12;
    .port_info 0 /INPUT 3 "curr_state";
    .port_info 1 /INPUT 1 "serial_in";
    .port_info 2 /OUTPUT 3 "next_state";
    .port_info 3 /OUTPUT 1 "match_now";
    .port_info 4 /OUTPUT 1 "pre_match";
v0x12665b460_0 .net "curr_state", 2 0, L_0x1266613c0;  alias, 1 drivers
v0x12665b510_0 .var "match_now", 0 0;
v0x12665b5b0_0 .var "next_state", 2 0;
v0x12665b670_0 .var "pre_match", 0 0;
v0x12665b710_0 .net "serial_in", 0 0, v0x1266604a0_0;  alias, 1 drivers
v0x12665b7e0_0 .var "window", 3 0;
E_0x12665b420 .event anyedge, v0x12665b460_0, v0x126659910_0, v0x12665b7e0_0;
S_0x12665b900 .scope module, "sc" "saturating_counter" 3 32, 6 1 0, S_0x1266442e0;
 .timescale -9 -12;
    .port_info 0 /INPUT 1 "clk";
    .port_info 1 /INPUT 1 "rst_n";
    .port_info 2 /INPUT 1 "inc_single";
    .port_info 3 /INPUT 1 "inc_double";
    .port_info 4 /INPUT 1 "clr";
    .port_info 5 /OUTPUT 2 "count";
    .port_info 6 /OUTPUT 1 "at_max";
L_0x126661830 .functor AND 1, L_0x126661670, L_0x126661710, C4<1>, C4<1>;
v0x12665bbb0_0 .net *"_ivl_1", 0 0, L_0x126661670;  1 drivers
v0x12665bc70_0 .net *"_ivl_3", 0 0, L_0x126661710;  1 drivers
v0x12665bd10_0 .net "at_max", 0 0, L_0x126661830;  alias, 1 drivers
v0x12665bda0_0 .net "clk", 0 0, v0x12665f510_0;  alias, 1 drivers
v0x12665beb0_0 .net "clr", 0 0, v0x12665f470_0;  alias, 1 drivers
v0x12665bf50_0 .var "count", 1 0;
v0x12665c000_0 .net "inc_double", 0 0, L_0x126661950;  1 drivers
v0x12665c0a0_0 .net "inc_single", 0 0, L_0x126660740;  alias, 1 drivers
v0x12665c140_0 .net "rst_n", 0 0, v0x126660380_0;  alias, 1 drivers
L_0x126661670 .part v0x12665bf50_0, 0, 1;
L_0x126661710 .part v0x12665bf50_0, 1, 1;
S_0x12665c2e0 .scope module, "sr3" "state_register3" 3 31, 7 2 0, S_0x1266442e0;
 .timescale -9 -12;
    .port_info 0 /INPUT 1 "clk";
    .port_info 1 /INPUT 1 "rst_n";
    .port_info 2 /INPUT 1 "load";
    .port_info 3 /INPUT 3 "hold_mask";
    .port_info 4 /INPUT 1 "scrub";
    .port_info 5 /INPUT 3 "next_state";
    .port_info 6 /OUTPUT 3 "curr_state";
L_0x126660a90 .functor NOT 1, L_0x1266609f0, C4<0>, C4<0>, C4<0>;
L_0x128078010 .functor BUFT 1, C4<1>, C4<0>, C4<0>, C4<0>;
L_0x126660b40 .functor AND 1, L_0x128078010, L_0x126660a90, C4<1>, C4<1>;
L_0x126660e10 .functor NOT 1, L_0x126660cb0, C4<0>, C4<0>, C4<0>;
L_0x126660ec0 .functor AND 1, L_0x128078010, L_0x126660e10, C4<1>, C4<1>;
L_0x126661190 .functor NOT 1, L_0x1266610f0, C4<0>, C4<0>, C4<0>;
L_0x126661270 .functor AND 1, L_0x128078010, L_0x126661190, C4<1>, C4<1>;
v0x12665da10_0 .net *"_ivl_1", 0 0, L_0x1266609f0;  1 drivers
v0x12665dab0_0 .net *"_ivl_11", 0 0, L_0x126660cb0;  1 drivers
v0x12665db50_0 .net *"_ivl_12", 0 0, L_0x126660e10;  1 drivers
v0x12665dbf0_0 .net *"_ivl_2", 0 0, L_0x126660a90;  1 drivers
v0x12665dca0_0 .net *"_ivl_21", 0 0, L_0x1266610f0;  1 drivers
v0x12665dd90_0 .net *"_ivl_22", 0 0, L_0x126661190;  1 drivers
v0x12665de40_0 .net "clk", 0 0, v0x12665f510_0;  alias, 1 drivers
v0x12665dfd0_0 .net "curr_state", 2 0, L_0x1266613c0;  alias, 1 drivers
v0x12665e080_0 .net "hold_mask", 2 0, L_0x126660530;  alias, 1 drivers
v0x12665e110_0 .net "load", 0 0, L_0x128078010;  1 drivers
v0x12665e1b0_0 .net "next_state", 2 0, v0x12665b5b0_0;  alias, 1 drivers
v0x12665e270_0 .net "rst_n", 0 0, v0x126660380_0;  alias, 1 drivers
v0x12665e400_0 .net "scrub", 0 0, L_0x126661560;  1 drivers
L_0x1266609f0 .part L_0x126660530, 0, 1;
L_0x126660c10 .part v0x12665b5b0_0, 0, 1;
L_0x126660cb0 .part L_0x126660530, 1, 1;
L_0x126660fd0 .part v0x12665b5b0_0, 1, 1;
L_0x1266610f0 .part L_0x126660530, 2, 1;
L_0x126661320 .part v0x12665b5b0_0, 2, 1;
L_0x1266613c0 .concat8 [ 1 1 1 0], v0x12665c9d0_0, v0x12665d090_0, v0x12665d760_0;
S_0x12665c550 .scope module, "gdf0" "gated_dff" 7 11, 4 1 0, S_0x12665c2e0;
 .timescale -9 -12;
    .port_info 0 /INPUT 1 "clk";
    .port_info 1 /INPUT 1 "rst_n";
    .port_info 2 /INPUT 1 "load";
    .port_info 3 /INPUT 1 "scrub";
    .port_info 4 /INPUT 1 "d";
    .port_info 5 /OUTPUT 1 "q";
v0x12665c7e0_0 .net "clk", 0 0, v0x12665f510_0;  alias, 1 drivers
v0x12665c880_0 .net "d", 0 0, L_0x126660c10;  1 drivers
v0x12665c920_0 .net "load", 0 0, L_0x126660b40;  1 drivers
v0x12665c9d0_0 .var "q", 0 0;
v0x12665ca70_0 .net "rst_n", 0 0, v0x126660380_0;  alias, 1 drivers
v0x12665cb40_0 .net "scrub", 0 0, L_0x126661560;  alias, 1 drivers
S_0x12665cc70 .scope module, "gdf1" "gated_dff" 7 12, 4 1 0, S_0x12665c2e0;
 .timescale -9 -12;
    .port_info 0 /INPUT 1 "clk";
    .port_info 1 /INPUT 1 "rst_n";
    .port_info 2 /INPUT 1 "load";
    .port_info 3 /INPUT 1 "scrub";
    .port_info 4 /INPUT 1 "d";
    .port_info 5 /OUTPUT 1 "q";
v0x12665cec0_0 .net "clk", 0 0, v0x12665f510_0;  alias, 1 drivers
v0x12665cf50_0 .net "d", 0 0, L_0x126660fd0;  1 drivers
v0x12665cfe0_0 .net "load", 0 0, L_0x126660ec0;  1 drivers
v0x12665d090_0 .var "q", 0 0;
v0x12665d130_0 .net "rst_n", 0 0, v0x126660380_0;  alias, 1 drivers
v0x12665d200_0 .net "scrub", 0 0, L_0x126661560;  alias, 1 drivers
S_0x12665d310 .scope module, "gdf2" "gated_dff" 7 13, 4 1 0, S_0x12665c2e0;
 .timescale -9 -12;
    .port_info 0 /INPUT 1 "clk";
    .port_info 1 /INPUT 1 "rst_n";
    .port_info 2 /INPUT 1 "load";
    .port_info 3 /INPUT 1 "scrub";
    .port_info 4 /INPUT 1 "d";
    .port_info 5 /OUTPUT 1 "q";
v0x12665d580_0 .net "clk", 0 0, v0x12665f510_0;  alias, 1 drivers
v0x12665d610_0 .net "d", 0 0, L_0x126661320;  1 drivers
v0x12665d6b0_0 .net "load", 0 0, L_0x126661270;  1 drivers
v0x12665d760_0 .var "q", 0 0;
v0x12665d800_0 .net "rst_n", 0 0, v0x126660380_0;  alias, 1 drivers
v0x12665d8d0_0 .net "scrub", 0 0, L_0x126661560;  alias, 1 drivers
    .scope S_0x12665b1a0;
T_0 ;
    %wait E_0x12665b420;
    %load/vec4 v0x12665b460_0;
    %load/vec4 v0x12665b710_0;
    %concat/vec4; draw_concat_vec4
    %store/vec4 v0x12665b7e0_0, 0, 4;
    %pushi/vec4 0, 0, 1;
    %store/vec4 v0x12665b510_0, 0, 1;
    %pushi/vec4 0, 0, 1;
    %store/vec4 v0x12665b670_0, 0, 1;
    %load/vec4 v0x12665b7e0_0;
    %parti/s 3, 0, 2;
    %store/vec4 v0x12665b5b0_0, 0, 3;
    %load/vec4 v0x12665b7e0_0;
    %cmpi/e 13, 0, 4;
    %jmp/1 T_0.2, 4;
    %flag_mov 8, 4;
    %load/vec4 v0x12665b7e0_0;
    %cmpi/e 11, 0, 4;
    %flag_or 4, 8;
T_0.2;
    %jmp/0xz  T_0.0, 4;
    %pushi/vec4 1, 0, 1;
    %store/vec4 v0x12665b510_0, 0, 1;
    %jmp T_0.1;
T_0.0 ;
    %load/vec4 v0x12665b460_0;
    %cmpi/e 6, 0, 3;
    %jmp/1 T_0.5, 4;
    %flag_mov 8, 4;
    %load/vec4 v0x12665b460_0;
    %cmpi/e 5, 0, 3;
    %flag_or 4, 8;
T_0.5;
    %jmp/0xz  T_0.3, 4;
    %pushi/vec4 1, 0, 1;
    %store/vec4 v0x12665b670_0, 0, 1;
T_0.3 ;
T_0.1 ;
    %jmp T_0;
    .thread T_0, $push;
    .scope S_0x12665c550;
T_1 ;
    %wait E_0x12660d590;
    %load/vec4 v0x12665ca70_0;
    %nor/r;
    %flag_set/vec4 8;
    %jmp/0xz  T_1.0, 8;
    %pushi/vec4 0, 0, 1;
    %assign/vec4 v0x12665c9d0_0, 0;
    %jmp T_1.1;
T_1.0 ;
    %load/vec4 v0x12665cb40_0;
    %flag_set/vec4 8;
    %jmp/0xz  T_1.2, 8;
    %pushi/vec4 0, 0, 1;
    %assign/vec4 v0x12665c9d0_0, 0;
    %jmp T_1.3;
T_1.2 ;
    %load/vec4 v0x12665c920_0;
    %flag_set/vec4 8;
    %jmp/0xz  T_1.4, 8;
    %load/vec4 v0x12665c880_0;
    %assign/vec4 v0x12665c9d0_0, 0;
T_1.4 ;
T_1.3 ;
T_1.1 ;
    %jmp T_1;
    .thread T_1;
    .scope S_0x12665cc70;
T_2 ;
    %wait E_0x12660d590;
    %load/vec4 v0x12665d130_0;
    %nor/r;
    %flag_set/vec4 8;
    %jmp/0xz  T_2.0, 8;
    %pushi/vec4 0, 0, 1;
    %assign/vec4 v0x12665d090_0, 0;
    %jmp T_2.1;
T_2.0 ;
    %load/vec4 v0x12665d200_0;
    %flag_set/vec4 8;
    %jmp/0xz  T_2.2, 8;
    %pushi/vec4 0, 0, 1;
    %assign/vec4 v0x12665d090_0, 0;
    %jmp T_2.3;
T_2.2 ;
    %load/vec4 v0x12665cfe0_0;
    %flag_set/vec4 8;
    %jmp/0xz  T_2.4, 8;
    %load/vec4 v0x12665cf50_0;
    %assign/vec4 v0x12665d090_0, 0;
T_2.4 ;
T_2.3 ;
T_2.1 ;
    %jmp T_2;
    .thread T_2;
    .scope S_0x12665d310;
T_3 ;
    %wait E_0x12660d590;
    %load/vec4 v0x12665d800_0;
    %nor/r;
    %flag_set/vec4 8;
    %jmp/0xz  T_3.0, 8;
    %pushi/vec4 0, 0, 1;
    %assign/vec4 v0x12665d760_0, 0;
    %jmp T_3.1;
T_3.0 ;
    %load/vec4 v0x12665d8d0_0;
    %flag_set/vec4 8;
    %jmp/0xz  T_3.2, 8;
    %pushi/vec4 0, 0, 1;
    %assign/vec4 v0x12665d760_0, 0;
    %jmp T_3.3;
T_3.2 ;
    %load/vec4 v0x12665d6b0_0;
    %flag_set/vec4 8;
    %jmp/0xz  T_3.4, 8;
    %load/vec4 v0x12665d610_0;
    %assign/vec4 v0x12665d760_0, 0;
T_3.4 ;
T_3.3 ;
T_3.1 ;
    %jmp T_3;
    .thread T_3;
    .scope S_0x12665b900;
T_4 ;
    %wait E_0x12660d590;
    %load/vec4 v0x12665c140_0;
    %pad/u 32;
    %cmpi/e 0, 0, 32;
    %jmp/0xz  T_4.0, 4;
    %pushi/vec4 0, 0, 2;
    %assign/vec4 v0x12665bf50_0, 0;
    %jmp T_4.1;
T_4.0 ;
    %load/vec4 v0x12665beb0_0;
    %pad/u 32;
    %cmpi/e 1, 0, 32;
    %jmp/0xz  T_4.2, 4;
    %pushi/vec4 0, 0, 2;
    %assign/vec4 v0x12665bf50_0, 0;
    %jmp T_4.3;
T_4.2 ;
    %load/vec4 v0x12665bf50_0;
    %pad/u 32;
    %cmpi/u 3, 0, 32;
    %jmp/0xz  T_4.4, 5;
    %load/vec4 v0x12665c000_0;
    %load/vec4 v0x12665c0a0_0;
    %concat/vec4; draw_concat_vec4
    %dup/vec4;
    %pushi/vec4 1, 0, 2;
    %cmp/u;
    %jmp/1 T_4.6, 6;
    %dup/vec4;
    %pushi/vec4 2, 0, 2;
    %cmp/u;
    %jmp/1 T_4.7, 6;
    %dup/vec4;
    %pushi/vec4 3, 0, 2;
    %cmp/u;
    %jmp/1 T_4.8, 6;
    %jmp T_4.9;
T_4.6 ;
    %load/vec4 v0x12665bf50_0;
    %addi 1, 0, 2;
    %assign/vec4 v0x12665bf50_0, 0;
    %jmp T_4.9;
T_4.7 ;
    %load/vec4 v0x12665bf50_0;
    %pad/u 32;
    %cmpi/e 2, 0, 32;
    %jmp/0xz  T_4.10, 4;
    %pushi/vec4 3, 0, 2;
    %assign/vec4 v0x12665bf50_0, 0;
    %jmp T_4.11;
T_4.10 ;
    %load/vec4 v0x12665bf50_0;
    %pad/u 3;
    %addi 2, 0, 3;
    %pad/u 2;
    %assign/vec4 v0x12665bf50_0, 0;
T_4.11 ;
    %jmp T_4.9;
T_4.8 ;
    %pushi/vec4 3, 0, 2;
    %assign/vec4 v0x12665bf50_0, 0;
    %jmp T_4.9;
T_4.9 ;
    %pop/vec4 1;
T_4.4 ;
T_4.3 ;
T_4.1 ;
    %jmp T_4;
    .thread T_4;
    .scope S_0x126643090;
T_5 ;
    %wait E_0x12660d590;
    %load/vec4 v0x126659ae0_0;
    %nor/r;
    %flag_set/vec4 8;
    %jmp/0xz  T_5.0, 8;
    %pushi/vec4 0, 0, 1;
    %assign/vec4 v0x126659a40_0, 0;
    %jmp T_5.1;
T_5.0 ;
    %load/vec4 v0x126659bc0_0;
    %flag_set/vec4 8;
    %jmp/0xz  T_5.2, 8;
    %pushi/vec4 0, 0, 1;
    %assign/vec4 v0x126659a40_0, 0;
    %jmp T_5.3;
T_5.2 ;
    %load/vec4 v0x1266599b0_0;
    %flag_set/vec4 8;
    %jmp/0xz  T_5.4, 8;
    %load/vec4 v0x126659910_0;
    %assign/vec4 v0x126659a40_0, 0;
T_5.4 ;
T_5.3 ;
T_5.1 ;
    %jmp T_5;
    .thread T_5;
    .scope S_0x126659cf0;
T_6 ;
    %wait E_0x12660d590;
    %load/vec4 v0x12665a1c0_0;
    %nor/r;
    %flag_set/vec4 8;
    %jmp/0xz  T_6.0, 8;
    %pushi/vec4 0, 0, 1;
    %assign/vec4 v0x12665a130_0, 0;
    %jmp T_6.1;
T_6.0 ;
    %load/vec4 v0x12665a290_0;
    %flag_set/vec4 8;
    %jmp/0xz  T_6.2, 8;
    %pushi/vec4 0, 0, 1;
    %assign/vec4 v0x12665a130_0, 0;
    %jmp T_6.3;
T_6.2 ;
    %load/vec4 v0x12665a080_0;
    %flag_set/vec4 8;
    %jmp/0xz  T_6.4, 8;
    %load/vec4 v0x126659ff0_0;
    %assign/vec4 v0x12665a130_0, 0;
T_6.4 ;
T_6.3 ;
T_6.1 ;
    %jmp T_6;
    .thread T_6;
    .scope S_0x12665a3b0;
T_7 ;
    %wait E_0x12660d590;
    %load/vec4 v0x12665a8c0_0;
    %nor/r;
    %flag_set/vec4 8;
    %jmp/0xz  T_7.0, 8;
    %pushi/vec4 0, 0, 1;
    %assign/vec4 v0x12665a820_0, 0;
    %jmp T_7.1;
T_7.0 ;
    %load/vec4 v0x12665a9d0_0;
    %flag_set/vec4 8;
    %jmp/0xz  T_7.2, 8;
    %pushi/vec4 0, 0, 1;
    %assign/vec4 v0x12665a820_0, 0;
    %jmp T_7.3;
T_7.2 ;
    %load/vec4 v0x12665a790_0;
    %flag_set/vec4 8;
    %jmp/0xz  T_7.4, 8;
    %load/vec4 v0x12665a6f0_0;
    %assign/vec4 v0x12665a820_0, 0;
T_7.4 ;
T_7.3 ;
T_7.1 ;
    %jmp T_7;
    .thread T_7;
    .scope S_0x12665aaf0;
T_8 ;
    %wait E_0x12660d590;
    %load/vec4 v0x12665afb0_0;
    %nor/r;
    %flag_set/vec4 8;
    %jmp/0xz  T_8.0, 8;
    %pushi/vec4 0, 0, 1;
    %assign/vec4 v0x12665af10_0, 0;
    %jmp T_8.1;
T_8.0 ;
    %load/vec4 v0x12665b080_0;
    %flag_set/vec4 8;
    %jmp/0xz  T_8.2, 8;
    %pushi/vec4 0, 0, 1;
    %assign/vec4 v0x12665af10_0, 0;
    %jmp T_8.3;
T_8.2 ;
    %load/vec4 v0x12665ae60_0;
    %flag_set/vec4 8;
    %jmp/0xz  T_8.4, 8;
    %load/vec4 v0x12665add0_0;
    %assign/vec4 v0x12665af10_0, 0;
T_8.4 ;
T_8.3 ;
T_8.1 ;
    %jmp T_8;
    .thread T_8;
    .scope S_0x126641e60;
T_9 ;
    %pushi/vec4 0, 0, 1;
    %store/vec4 v0x12665f510_0, 0, 1;
T_9.0 ;
    %delay 5000, 0;
    %load/vec4 v0x12665f510_0;
    %inv;
    %store/vec4 v0x12665f510_0, 0, 1;
    %jmp T_9.0;
    %end;
    .thread T_9;
    .scope S_0x126641e60;
T_10 ;
    %vpi_call 2 56 "$dumpfile", "tb_pattern_guard_top.vcd" {0 0 0};
    %vpi_call 2 57 "$dumpvars", 32'sb00000000000000000000000000000000, S_0x126641e60 {0 0 0};
    %pushi/vec4 0, 0, 1;
    %store/vec4 v0x126660380_0, 0, 1;
    %pushi/vec4 0, 0, 1;
    %store/vec4 v0x1266604a0_0, 0, 1;
    %pushi/vec4 0, 0, 1;
    %store/vec4 v0x12665fe90_0, 0, 1;
    %pushi/vec4 0, 0, 1;
    %store/vec4 v0x12665fd50_0, 0, 1;
    %pushi/vec4 0, 0, 1;
    %store/vec4 v0x12665f470_0, 0, 1;
    %pushi/vec4 0, 0, 1;
    %store/vec4 v0x126660410_0, 0, 1;
    %pushi/vec4 0, 0, 3;
    %store/vec4 v0x12665fcc0_0, 0, 3;
    %pushi/vec4 0, 0, 4;
    %store/vec4 v0x12665fa80_0, 0, 4;
    %pushi/vec4 0, 0, 2;
    %store/vec4 v0x12665f970_0, 0, 2;
    %pushi/vec4 0, 0, 1;
    %store/vec4 v0x12665fb10_0, 0, 1;
    %pushi/vec4 0, 0, 1;
    %store/vec4 v0x12665fc30_0, 0, 1;
    %pushi/vec4 0, 0, 1;
    %store/vec4 v0x12665fba0_0, 0, 1;
    %delay 3000, 0;
    %load/vec4 v0x12665f630_0;
    %pad/u 32;
    %cmpi/ne 0, 0, 32;
    %jmp/1 T_10.4, 6;
    %flag_mov 8, 6;
    %load/vec4 v0x12665f700_0;
    %pad/u 32;
    %cmpi/ne 0, 0, 32;
    %flag_or 6, 8;
T_10.4;
    %jmp/1 T_10.3, 6;
    %flag_mov 8, 6;
    %load/vec4 v0x12665fe00_0;
    %pad/u 32;
    %cmpi/ne 0, 0, 32;
    %flag_or 6, 8;
T_10.3;
    %jmp/1 T_10.2, 6;
    %flag_mov 8, 6;
    %load/vec4 v0x1266601d0_0;
    %pad/u 32;
    %cmpi/ne 0, 0, 32;
    %flag_or 6, 8;
T_10.2;
    %jmp/0xz  T_10.0, 6;
    %vpi_call 2 73 "$fatal", 32'sb00000000000000000000000000000001, "Outputs should reset to zero" {0 0 0};
T_10.0 ;
    %pushi/vec4 1, 0, 1;
    %store/vec4 v0x126660380_0, 0, 1;
    %pushi/vec4 0, 0, 32;
    %store/vec4 v0x1266602f0_0, 0, 32;
T_10.5 ;
    %load/vec4 v0x1266602f0_0;
    %cmpi/s 2, 0, 32;
    %jmp/0xz T_10.6, 5;
    %pushi/vec4 0, 0, 32;
    %store/vec4 v0x12665f5a0_0, 0, 32;
T_10.7 ;
    %load/vec4 v0x12665f5a0_0;
    %cmpi/s 16, 0, 32;
    %jmp/0xz T_10.8, 5;
    %pushi/vec4 0, 0, 32;
    %store/vec4 v0x12665f3d0_0, 0, 32;
T_10.9 ;
    %load/vec4 v0x12665f3d0_0;
    %cmpi/s 2, 0, 32;
    %jmp/0xz T_10.10, 5;
    %wait E_0x12663cb20;
    %load/vec4 v0x12665f5a0_0;
    %parti/s 1, 0, 2;
    %store/vec4 v0x12665fe90_0, 0, 1;
    %load/vec4 v0x12665f5a0_0;
    %parti/s 1, 1, 2;
    %store/vec4 v0x12665fd50_0, 0, 1;
    %load/vec4 v0x12665f5a0_0;
    %parti/s 1, 2, 3;
    %store/vec4 v0x12665f470_0, 0, 1;
    %load/vec4 v0x12665f5a0_0;
    %parti/s 1, 3, 3;
    %store/vec4 v0x126660410_0, 0, 1;
    %load/vec4 v0x12665f3d0_0;
    %parti/s 1, 0, 2;
    %store/vec4 v0x1266604a0_0, 0, 1;
    %load/vec4 v0x12665fcc0_0;
    %parti/s 2, 0, 2;
    %load/vec4 v0x1266604a0_0;
    %concat/vec4; draw_concat_vec4
    %store/vec4 v0x126660140_0, 0, 3;
    %load/vec4 v0x12665fcc0_0;
    %load/vec4 v0x1266604a0_0;
    %concat/vec4; draw_concat_vec4
    %cmpi/e 13, 0, 4;
    %flag_get/vec4 4;
    %jmp/1 T_10.11, 4;
    %load/vec4 v0x12665fcc0_0;
    %load/vec4 v0x1266604a0_0;
    %concat/vec4; draw_concat_vec4
    %pushi/vec4 11, 0, 4;
    %cmp/e;
    %flag_get/vec4 4;
    %or;
T_10.11;
    %store/vec4 v0x1266600b0_0, 0, 1;
    %load/vec4 v0x12665fcc0_0;
    %load/vec4 v0x1266604a0_0;
    %concat/vec4; draw_concat_vec4
    %cmpi/e 12, 0, 4;
    %flag_get/vec4 4;
    %jmp/1 T_10.12, 4;
    %load/vec4 v0x12665fcc0_0;
    %load/vec4 v0x1266604a0_0;
    %concat/vec4; draw_concat_vec4
    %pushi/vec4 10, 0, 4;
    %cmp/e;
    %flag_get/vec4 4;
    %or;
T_10.12;
    %store/vec4 v0x126660260_0, 0, 1;
    %load/vec4 v0x126660260_0;
    %load/vec4 v0x12665fe90_0;
    %inv;
    %and;
    %load/vec4 v0x1266600b0_0;
    %inv;
    %and;
    %store/vec4 v0x126660020_0, 0, 1;
    %load/vec4 v0x1266600b0_0;
    %load/vec4 v0x12665fe90_0;
    %inv;
    %and;
    %store/vec4 v0x12665fc30_0, 0, 1;
    %load/vec4 v0x126660260_0;
    %load/vec4 v0x12665fe90_0;
    %inv;
    %and;
    %store/vec4 v0x12665fba0_0, 0, 1;
    %delay 1000, 0;
    %load/vec4 v0x12665f8a0_0;
    %load/vec4 v0x12665fc30_0;
    %cmp/ne;
    %jmp/0xz  T_10.13, 6;
    %vpi_call 2 96 "$fatal", 32'sb00000000000000000000000000000001, "Pulse mismatch before clock: expected %0b got %0b", v0x12665fc30_0, v0x12665f8a0_0 {0 0 0};
T_10.13 ;
    %load/vec4 v0x1266601d0_0;
    %load/vec4 v0x12665fba0_0;
    %cmp/ne;
    %jmp/0xz  T_10.15, 6;
    %vpi_call 2 99 "$fatal", 32'sb00000000000000000000000000000001, "Pre-match flag mismatch before clock: expected %0b got %0b", v0x12665fba0_0, v0x1266601d0_0 {0 0 0};
T_10.15 ;
    %wait E_0x12663df10;
    %delay 1000, 0;
    %load/vec4 v0x126660380_0;
    %nor/r;
    %flag_set/vec4 8;
    %jmp/0xz  T_10.17, 8;
    %pushi/vec4 0, 0, 3;
    %store/vec4 v0x12665fcc0_0, 0, 3;
    %pushi/vec4 0, 0, 4;
    %store/vec4 v0x12665fa80_0, 0, 4;
    %pushi/vec4 0, 0, 2;
    %store/vec4 v0x12665f970_0, 0, 2;
    %jmp T_10.18;
T_10.17 ;
    %load/vec4 v0x12665f470_0;
    %flag_set/vec4 8;
    %jmp/1 T_10.21, 8;
    %load/vec4 v0x126660410_0;
    %flag_set/vec4 9;
    %flag_or 8, 9;
T_10.21;
    %jmp/0xz  T_10.19, 8;
    %pushi/vec4 0, 0, 3;
    %store/vec4 v0x12665fcc0_0, 0, 3;
    %jmp T_10.20;
T_10.19 ;
    %load/vec4 v0x12665fe90_0;
    %nor/r;
    %flag_set/vec4 8;
    %jmp/0xz  T_10.22, 8;
    %load/vec4 v0x126660140_0;
    %store/vec4 v0x12665fcc0_0, 0, 3;
T_10.22 ;
T_10.20 ;
    %load/vec4 v0x126660410_0;
    %flag_set/vec4 8;
    %jmp/0xz  T_10.24, 8;
    %pushi/vec4 0, 0, 4;
    %store/vec4 v0x12665fa80_0, 0, 4;
    %jmp T_10.25;
T_10.24 ;
    %load/vec4 v0x12665fd50_0;
    %nor/r;
    %flag_set/vec4 8;
    %jmp/0xz  T_10.26, 8;
    %load/vec4 v0x12665fa80_0;
    %parti/s 3, 0, 2;
    %load/vec4 v0x1266604a0_0;
    %concat/vec4; draw_concat_vec4
    %store/vec4 v0x12665fa80_0, 0, 4;
T_10.26 ;
T_10.25 ;
    %load/vec4 v0x12665f470_0;
    %flag_set/vec4 8;
    %jmp/0xz  T_10.28, 8;
    %pushi/vec4 0, 0, 2;
    %store/vec4 v0x12665f970_0, 0, 2;
    %jmp T_10.29;
T_10.28 ;
    %load/vec4 v0x12665fe90_0;
    %nor/r;
    %flag_set/vec4 8;
    %jmp/0xz  T_10.30, 8;
    %load/vec4 v0x126660020_0;
    %flag_set/vec4 9;
    %flag_get/vec4 9;
    %jmp/0 T_10.34, 9;
    %load/vec4 v0x12665f970_0;
    %pushi/vec4 3, 0, 2;
    %cmp/ne;
    %flag_get/vec4 4;
    %and;
T_10.34;
    %flag_set/vec4 8;
    %jmp/0xz  T_10.32, 8;
    %load/vec4 v0x12665f970_0;
    %pad/u 32;
    %cmpi/u 2, 0, 32;
    %flag_inv 5; GE is !LT
    %jmp/0xz  T_10.35, 5;
    %pushi/vec4 3, 0, 2;
    %store/vec4 v0x12665f970_0, 0, 2;
    %jmp T_10.36;
T_10.35 ;
    %load/vec4 v0x12665f970_0;
    %addi 2, 0, 2;
    %store/vec4 v0x12665f970_0, 0, 2;
T_10.36 ;
    %jmp T_10.33;
T_10.32 ;
    %load/vec4 v0x12665fc30_0;
    %flag_set/vec4 9;
    %flag_get/vec4 9;
    %jmp/0 T_10.39, 9;
    %load/vec4 v0x12665f970_0;
    %pushi/vec4 3, 0, 2;
    %cmp/ne;
    %flag_get/vec4 4;
    %and;
T_10.39;
    %flag_set/vec4 8;
    %jmp/0xz  T_10.37, 8;
    %load/vec4 v0x12665f970_0;
    %addi 1, 0, 2;
    %store/vec4 v0x12665f970_0, 0, 2;
T_10.37 ;
T_10.33 ;
T_10.30 ;
T_10.29 ;
T_10.18 ;
    %load/vec4 v0x12665f970_0;
    %pushi/vec4 3, 0, 2;
    %cmp/e;
    %flag_get/vec4 4;
    %store/vec4 v0x12665fb10_0, 0, 1;
    %load/vec4 v0x12665f630_0;
    %load/vec4 v0x12665fcc0_0;
    %cmp/ne;
    %jmp/0xz  T_10.40, 6;
    %vpi_call 2 135 "$fatal", 32'sb00000000000000000000000000000001, "State mismatch: expected %0b got %0b", v0x12665fcc0_0, v0x12665f630_0 {0 0 0};
T_10.40 ;
    %load/vec4 v0x12665fe00_0;
    %load/vec4 v0x12665fa80_0;
    %cmp/ne;
    %jmp/0xz  T_10.42, 6;
    %vpi_call 2 138 "$fatal", 32'sb00000000000000000000000000000001, "History mismatch: expected %0b got %0b", v0x12665fa80_0, v0x12665fe00_0 {0 0 0};
T_10.42 ;
    %load/vec4 v0x12665f700_0;
    %load/vec4 v0x12665f970_0;
    %cmp/ne;
    %jmp/0xz  T_10.44, 6;
    %vpi_call 2 141 "$fatal", 32'sb00000000000000000000000000000001, "Count mismatch: expected %0b got %0b", v0x12665f970_0, v0x12665f700_0 {0 0 0};
T_10.44 ;
    %load/vec4 v0x12665f7d0_0;
    %load/vec4 v0x12665fb10_0;
    %cmp/ne;
    %jmp/0xz  T_10.46, 6;
    %vpi_call 2 144 "$fatal", 32'sb00000000000000000000000000000001, "Max flag mismatch: expected %0b got %0b", v0x12665fb10_0, v0x12665f7d0_0 {0 0 0};
T_10.46 ;
    %load/vec4 v0x12665f3d0_0;
    %addi 1, 0, 32;
    %store/vec4 v0x12665f3d0_0, 0, 32;
    %jmp T_10.9;
T_10.10 ;
    %load/vec4 v0x12665f5a0_0;
    %addi 1, 0, 32;
    %store/vec4 v0x12665f5a0_0, 0, 32;
    %jmp T_10.7;
T_10.8 ;
    %load/vec4 v0x1266602f0_0;
    %addi 1, 0, 32;
    %store/vec4 v0x1266602f0_0, 0, 32;
    %jmp T_10.5;
T_10.6 ;
    %wait E_0x12663cb20;
    %pushi/vec4 1, 0, 1;
    %store/vec4 v0x12665fe90_0, 0, 1;
    %pushi/vec4 0, 0, 1;
    %store/vec4 v0x12665fd50_0, 0, 1;
    %pushi/vec4 0, 0, 1;
    %store/vec4 v0x12665f470_0, 0, 1;
    %pushi/vec4 1, 0, 1;
    %store/vec4 v0x126660410_0, 0, 1;
    %pushi/vec4 1, 0, 1;
    %store/vec4 v0x1266604a0_0, 0, 1;
    %pushi/vec4 0, 0, 1;
    %store/vec4 v0x12665fc30_0, 0, 1;
    %pushi/vec4 0, 0, 1;
    %store/vec4 v0x12665fba0_0, 0, 1;
    %delay 1000, 0;
    %load/vec4 v0x1266601d0_0;
    %pad/u 32;
    %cmpi/ne 0, 0, 32;
    %jmp/1 T_10.50, 6;
    %flag_mov 8, 6;
    %load/vec4 v0x12665f8a0_0;
    %pad/u 32;
    %cmpi/ne 0, 0, 32;
    %flag_or 6, 8;
T_10.50;
    %jmp/0xz  T_10.48, 6;
    %vpi_call 2 160 "$fatal", 32'sb00000000000000000000000000000001, "Flags should drop during scrub" {0 0 0};
T_10.48 ;
    %wait E_0x12663df10;
    %delay 1000, 0;
    %pushi/vec4 0, 0, 3;
    %store/vec4 v0x12665fcc0_0, 0, 3;
    %pushi/vec4 0, 0, 4;
    %store/vec4 v0x12665fa80_0, 0, 4;
    %pushi/vec4 0, 0, 2;
    %store/vec4 v0x12665f970_0, 0, 2;
    %pushi/vec4 0, 0, 1;
    %store/vec4 v0x12665fb10_0, 0, 1;
    %load/vec4 v0x12665f630_0;
    %pad/u 32;
    %cmpi/ne 0, 0, 32;
    %jmp/1 T_10.54, 6;
    %flag_mov 8, 6;
    %load/vec4 v0x12665fe00_0;
    %pad/u 32;
    %cmpi/ne 0, 0, 32;
    %flag_or 6, 8;
T_10.54;
    %jmp/1 T_10.53, 6;
    %flag_mov 8, 6;
    %load/vec4 v0x12665f700_0;
    %pad/u 32;
    %cmpi/ne 0, 0, 32;
    %flag_or 6, 8;
T_10.53;
    %jmp/0xz  T_10.51, 6;
    %vpi_call 2 167 "$fatal", 32'sb00000000000000000000000000000001, "Scrub should wipe pipeline" {0 0 0};
T_10.51 ;
    %pushi/vec4 0, 0, 1;
    %store/vec4 v0x126660410_0, 0, 1;
    %pushi/vec4 0, 0, 1;
    %store/vec4 v0x12665fe90_0, 0, 1;
    %wait E_0x12663cb20;
    %pushi/vec4 0, 0, 1;
    %store/vec4 v0x126660380_0, 0, 1;
    %delay 1000, 0;
    %load/vec4 v0x12665f630_0;
    %pad/u 32;
    %cmpi/ne 0, 0, 32;
    %jmp/1 T_10.58, 6;
    %flag_mov 8, 6;
    %load/vec4 v0x12665f700_0;
    %pad/u 32;
    %cmpi/ne 0, 0, 32;
    %flag_or 6, 8;
T_10.58;
    %jmp/1 T_10.57, 6;
    %flag_mov 8, 6;
    %load/vec4 v0x12665fe00_0;
    %pad/u 32;
    %cmpi/ne 0, 0, 32;
    %flag_or 6, 8;
T_10.57;
    %jmp/0xz  T_10.55, 6;
    %vpi_call 2 176 "$fatal", 32'sb00000000000000000000000000000001, "Async reset did not clear top-level state" {0 0 0};
T_10.55 ;
    %pushi/vec4 1, 0, 1;
    %store/vec4 v0x126660380_0, 0, 1;
    %wait E_0x12663df10;
    %delay 1000, 0;
    %pushi/vec4 0, 0, 3;
    %store/vec4 v0x12665fcc0_0, 0, 3;
    %pushi/vec4 0, 0, 4;
    %store/vec4 v0x12665fa80_0, 0, 4;
    %pushi/vec4 0, 0, 2;
    %store/vec4 v0x12665f970_0, 0, 2;
    %pushi/vec4 0, 0, 1;
    %store/vec4 v0x12665fb10_0, 0, 1;
    %vpi_call 2 186 "$display", "pattern_guard_top: comprehensive checks passed" {0 0 0};
    %vpi_call 2 187 "$finish" {0 0 0};
    %end;
    .thread T_10;
# The file index is used to find the file name in the following table.
:file_names 8;
    "N/A";
    "<interactive>";
    "tb_pattern_guard_top.v";
    "./pattern_guard_top.v";
    "./../Q1/gated_dff.v";
    "./../Q2/pattern_next_logic.v";
    "./../Q4/saturating_counter.v";
    "./../Q3/state_register3.v";
