#! /usr/bin/vvp
:ivl_version "11.0 (stable)";
:ivl_delay_selection "TYPICAL";
:vpi_time_precision - 12;
:vpi_module "/usr/lib/x86_64-linux-gnu/ivl/system.vpi";
:vpi_module "/usr/lib/x86_64-linux-gnu/ivl/vhdl_sys.vpi";
:vpi_module "/usr/lib/x86_64-linux-gnu/ivl/vhdl_textio.vpi";
:vpi_module "/usr/lib/x86_64-linux-gnu/ivl/v2005_math.vpi";
:vpi_module "/usr/lib/x86_64-linux-gnu/ivl/va_math.vpi";
S_0x5d9810f19330 .scope module, "tb_Q5" "tb_Q5" 2 4;
 .timescale -9 -12;
v0x5d9810f37660_0 .var "D", 3 0;
v0x5d9810f37740_0 .var "LSBin", 0 0;
v0x5d9810f377e0_0 .var "MSBin", 0 0;
v0x5d9810f37880_0 .net "Q", 3 0, v0x5d9810f08e30_0;  1 drivers
v0x5d9810f37920_0 .var "S0", 0 0;
v0x5d9810f379c0_0 .var "S1", 0 0;
v0x5d9810f37a90_0 .var "clear", 0 0;
v0x5d9810f37b60_0 .var "clk", 0 0;
E_0x5d9810edd580 .event posedge, v0x5d9810f37450_0;
S_0x5d9810edccf0 .scope module, "dut" "register" 2 16, 3 1 0, S_0x5d9810f19330;
 .timescale -9 -12;
    .port_info 0 /INPUT 1 "clk";
    .port_info 1 /INPUT 1 "clear";
    .port_info 2 /INPUT 1 "MSBin";
    .port_info 3 /INPUT 1 "LSBin";
    .port_info 4 /INPUT 1 "S1";
    .port_info 5 /INPUT 1 "S0";
    .port_info 6 /INPUT 4 "D";
    .port_info 7 /OUTPUT 4 "Q";
v0x5d9810f082a0_0 .net "D", 3 0, v0x5d9810f37660_0;  1 drivers
v0x5d9810f085d0_0 .net "LSBin", 0 0, v0x5d9810f37740_0;  1 drivers
v0x5d9810f08b00_0 .net "MSBin", 0 0, v0x5d9810f377e0_0;  1 drivers
v0x5d9810f08e30_0 .var "Q", 3 0;
v0x5d9810f09600_0 .net "S0", 0 0, v0x5d9810f37920_0;  1 drivers
v0x5d9810f09a30_0 .net "S1", 0 0, v0x5d9810f379c0_0;  1 drivers
v0x5d9810f09f60_0 .net "clear", 0 0, v0x5d9810f37a90_0;  1 drivers
v0x5d9810f37450_0 .net "clk", 0 0, v0x5d9810f37b60_0;  1 drivers
E_0x5d9810edd2d0 .event posedge, v0x5d9810f09f60_0, v0x5d9810f37450_0;
    .scope S_0x5d9810edccf0;
T_0 ;
    %wait E_0x5d9810edd2d0;
    %load/vec4 v0x5d9810f09f60_0;
    %flag_set/vec4 8;
    %jmp/0xz  T_0.0, 8;
    %pushi/vec4 0, 0, 4;
    %assign/vec4 v0x5d9810f08e30_0, 0;
    %jmp T_0.1;
T_0.0 ;
    %load/vec4 v0x5d9810f09a30_0;
    %load/vec4 v0x5d9810f09600_0;
    %concat/vec4; draw_concat_vec4
    %dup/vec4;
    %pushi/vec4 1, 0, 2;
    %cmp/u;
    %jmp/1 T_0.2, 6;
    %dup/vec4;
    %pushi/vec4 2, 0, 2;
    %cmp/u;
    %jmp/1 T_0.3, 6;
    %dup/vec4;
    %pushi/vec4 3, 0, 2;
    %cmp/u;
    %jmp/1 T_0.4, 6;
    %jmp T_0.5;
T_0.2 ;
    %load/vec4 v0x5d9810f08b00_0;
    %load/vec4 v0x5d9810f08e30_0;
    %parti/s 1, 3, 3;
    %concat/vec4; draw_concat_vec4
    %load/vec4 v0x5d9810f08e30_0;
    %parti/s 1, 2, 3;
    %concat/vec4; draw_concat_vec4
    %load/vec4 v0x5d9810f08e30_0;
    %parti/s 1, 1, 2;
    %concat/vec4; draw_concat_vec4
    %assign/vec4 v0x5d9810f08e30_0, 0;
    %jmp T_0.5;
T_0.3 ;
    %load/vec4 v0x5d9810f08e30_0;
    %parti/s 1, 2, 3;
    %load/vec4 v0x5d9810f08e30_0;
    %parti/s 1, 1, 2;
    %concat/vec4; draw_concat_vec4
    %load/vec4 v0x5d9810f08e30_0;
    %parti/s 1, 0, 2;
    %concat/vec4; draw_concat_vec4
    %load/vec4 v0x5d9810f085d0_0;
    %concat/vec4; draw_concat_vec4
    %assign/vec4 v0x5d9810f08e30_0, 0;
    %jmp T_0.5;
T_0.4 ;
    %load/vec4 v0x5d9810f082a0_0;
    %assign/vec4 v0x5d9810f08e30_0, 0;
    %jmp T_0.5;
T_0.5 ;
    %pop/vec4 1;
T_0.1 ;
    %jmp T_0;
    .thread T_0;
    .scope S_0x5d9810f19330;
T_1 ;
    %pushi/vec4 0, 0, 1;
    %store/vec4 v0x5d9810f37b60_0, 0, 1;
    %end;
    .thread T_1;
    .scope S_0x5d9810f19330;
T_2 ;
    %delay 5000, 0;
    %load/vec4 v0x5d9810f37b60_0;
    %inv;
    %store/vec4 v0x5d9810f37b60_0, 0, 1;
    %jmp T_2;
    .thread T_2;
    .scope S_0x5d9810f19330;
T_3 ;
    %vpi_call 2 33 "$dumpfile", "tb_Q5.vcd" {0 0 0};
    %vpi_call 2 34 "$dumpvars", 32'sb00000000000000000000000000000000, S_0x5d9810f19330 {0 0 0};
    %end;
    .thread T_3;
    .scope S_0x5d9810f19330;
T_4 ;
    %vpi_call 2 39 "$display", " time | clk | clr   S1  S0 | D    MSB   LSB | Q" {0 0 0};
    %vpi_call 2 40 "$monitor", "%0d   |  %b | %b   %b  %b | %b    %b    %b | %b", $time, v0x5d9810f37b60_0, v0x5d9810f37a90_0, v0x5d9810f379c0_0, v0x5d9810f37920_0, v0x5d9810f37660_0, v0x5d9810f377e0_0, v0x5d9810f37740_0, v0x5d9810f37880_0 {0 0 0};
    %end;
    .thread T_4;
    .scope S_0x5d9810f19330;
T_5 ;
    %pushi/vec4 1, 0, 1;
    %store/vec4 v0x5d9810f37a90_0, 0, 1;
    %pushi/vec4 0, 0, 1;
    %store/vec4 v0x5d9810f377e0_0, 0, 1;
    %pushi/vec4 0, 0, 1;
    %store/vec4 v0x5d9810f37740_0, 0, 1;
    %pushi/vec4 0, 0, 1;
    %store/vec4 v0x5d9810f379c0_0, 0, 1;
    %pushi/vec4 0, 0, 1;
    %store/vec4 v0x5d9810f37920_0, 0, 1;
    %pushi/vec4 0, 0, 4;
    %store/vec4 v0x5d9810f37660_0, 0, 4;
    %delay 5000, 0;
    %pushi/vec4 0, 0, 1;
    %store/vec4 v0x5d9810f37a90_0, 0, 1;
    %pushi/vec4 10, 0, 4;
    %store/vec4 v0x5d9810f37660_0, 0, 4;
    %pushi/vec4 1, 0, 1;
    %store/vec4 v0x5d9810f379c0_0, 0, 1;
    %pushi/vec4 1, 0, 1;
    %store/vec4 v0x5d9810f37920_0, 0, 1;
    %wait E_0x5d9810edd580;
    %pushi/vec4 0, 0, 1;
    %store/vec4 v0x5d9810f379c0_0, 0, 1;
    %pushi/vec4 0, 0, 1;
    %store/vec4 v0x5d9810f37920_0, 0, 1;
    %wait E_0x5d9810edd580;
    %pushi/vec4 0, 0, 1;
    %store/vec4 v0x5d9810f379c0_0, 0, 1;
    %pushi/vec4 1, 0, 1;
    %store/vec4 v0x5d9810f37920_0, 0, 1;
    %pushi/vec4 1, 0, 1;
    %store/vec4 v0x5d9810f377e0_0, 0, 1;
    %wait E_0x5d9810edd580;
    %pushi/vec4 0, 0, 1;
    %store/vec4 v0x5d9810f377e0_0, 0, 1;
    %wait E_0x5d9810edd580;
    %pushi/vec4 1, 0, 1;
    %store/vec4 v0x5d9810f379c0_0, 0, 1;
    %pushi/vec4 0, 0, 1;
    %store/vec4 v0x5d9810f37920_0, 0, 1;
    %pushi/vec4 0, 0, 1;
    %store/vec4 v0x5d9810f37740_0, 0, 1;
    %wait E_0x5d9810edd580;
    %pushi/vec4 1, 0, 1;
    %store/vec4 v0x5d9810f37740_0, 0, 1;
    %wait E_0x5d9810edd580;
    %delay 5000, 0;
    %pushi/vec4 1, 0, 1;
    %store/vec4 v0x5d9810f37a90_0, 0, 1;
    %delay 5000, 0;
    %pushi/vec4 0, 0, 1;
    %store/vec4 v0x5d9810f37a90_0, 0, 1;
    %pushi/vec4 7, 0, 4;
    %store/vec4 v0x5d9810f37660_0, 0, 4;
    %pushi/vec4 1, 0, 1;
    %store/vec4 v0x5d9810f379c0_0, 0, 1;
    %pushi/vec4 1, 0, 1;
    %store/vec4 v0x5d9810f37920_0, 0, 1;
    %wait E_0x5d9810edd580;
    %pushi/vec4 0, 0, 1;
    %store/vec4 v0x5d9810f379c0_0, 0, 1;
    %pushi/vec4 0, 0, 1;
    %store/vec4 v0x5d9810f37920_0, 0, 1;
    %wait E_0x5d9810edd580;
    %pushi/vec4 0, 0, 1;
    %store/vec4 v0x5d9810f379c0_0, 0, 1;
    %pushi/vec4 1, 0, 1;
    %store/vec4 v0x5d9810f37920_0, 0, 1;
    %pushi/vec4 1, 0, 1;
    %store/vec4 v0x5d9810f377e0_0, 0, 1;
    %wait E_0x5d9810edd580;
    %pushi/vec4 1, 0, 1;
    %store/vec4 v0x5d9810f379c0_0, 0, 1;
    %pushi/vec4 0, 0, 1;
    %store/vec4 v0x5d9810f37920_0, 0, 1;
    %pushi/vec4 0, 0, 1;
    %store/vec4 v0x5d9810f37740_0, 0, 1;
    %wait E_0x5d9810edd580;
    %delay 20000, 0;
    %vpi_call 2 78 "$finish" {0 0 0};
    %end;
    .thread T_5;
# The file index is used to find the file name in the following table.
:file_names 4;
    "N/A";
    "<interactive>";
    "tb.v";
    "./register.v";
