#! /opt/homebrew/Cellar/icarus-verilog/12.0/bin/vvp
:ivl_version "12.0 (stable)";
:ivl_delay_selection "TYPICAL";
:vpi_time_precision + 0;
:vpi_module "/opt/homebrew/Cellar/icarus-verilog/12.0/lib/ivl/system.vpi";
:vpi_module "/opt/homebrew/Cellar/icarus-verilog/12.0/lib/ivl/vhdl_sys.vpi";
:vpi_module "/opt/homebrew/Cellar/icarus-verilog/12.0/lib/ivl/vhdl_textio.vpi";
:vpi_module "/opt/homebrew/Cellar/icarus-verilog/12.0/lib/ivl/v2005_math.vpi";
:vpi_module "/opt/homebrew/Cellar/icarus-verilog/12.0/lib/ivl/va_math.vpi";
S_0x10320cbf0 .scope module, "tb_decoder5to32" "tb_decoder5to32" 2 2;
 .timescale 0 0;
v0x103213310_0 .var/i "i", 31 0;
v0x1032133b0_0 .var "in", 4 0;
v0x103213450_0 .net "out", 31 0, v0x10320ef30_0;  1 drivers
S_0x10320cd70 .scope module, "uut" "decoder5to32" 2 8, 3 2 0, S_0x10320cbf0;
 .timescale 0 0;
    .port_info 0 /INPUT 5 "in";
    .port_info 1 /OUTPUT 32 "out";
v0x10320ee90_0 .net "in", 4 0, v0x1032133b0_0;  1 drivers
v0x10320ef30_0 .var "out", 31 0;
E_0x10320f400 .event anyedge, v0x10320ee90_0;
    .scope S_0x10320cd70;
T_0 ;
    %wait E_0x10320f400;
    %pushi/vec4 0, 0, 32;
    %store/vec4 v0x10320ef30_0, 0, 32;
    %pushi/vec4 1, 0, 1;
    %ix/getv 4, v0x10320ee90_0;
    %store/vec4 v0x10320ef30_0, 4, 1;
    %jmp T_0;
    .thread T_0, $push;
    .scope S_0x10320cbf0;
T_1 ;
    %vpi_call 2 16 "$dumpfile", "decoder5to32_tb.vcd" {0 0 0};
    %vpi_call 2 17 "$dumpvars", 32'sb00000000000000000000000000000000, S_0x10320cbf0 {0 0 0};
    %vpi_call 2 19 "$display", "Input | One-Hot Output" {0 0 0};
    %vpi_call 2 20 "$display", "----------------------" {0 0 0};
    %pushi/vec4 0, 0, 32;
    %store/vec4 v0x103213310_0, 0, 32;
T_1.0 ;
    %load/vec4 v0x103213310_0;
    %cmpi/s 32, 0, 32;
    %jmp/0xz T_1.1, 5;
    %load/vec4 v0x103213310_0;
    %pad/s 5;
    %store/vec4 v0x1032133b0_0, 0, 5;
    %delay 5, 0;
    %vpi_call 2 26 "$display", "  %2d   | %032b", v0x1032133b0_0, v0x103213450_0 {0 0 0};
    %load/vec4 v0x103213310_0;
    %addi 1, 0, 32;
    %store/vec4 v0x103213310_0, 0, 32;
    %jmp T_1.0;
T_1.1 ;
    %vpi_call 2 29 "$finish" {0 0 0};
    %end;
    .thread T_1;
# The file index is used to find the file name in the following table.
:file_names 4;
    "N/A";
    "<interactive>";
    "tb_decoder_5to32.v";
    "./decoder_5to32.v";
