#! /opt/homebrew/Cellar/icarus-verilog/12.0/bin/vvp
:ivl_version "12.0 (stable)";
:ivl_delay_selection "TYPICAL";
:vpi_time_precision + 0;
:vpi_module "/opt/homebrew/Cellar/icarus-verilog/12.0/lib/ivl/system.vpi";
:vpi_module "/opt/homebrew/Cellar/icarus-verilog/12.0/lib/ivl/vhdl_sys.vpi";
:vpi_module "/opt/homebrew/Cellar/icarus-verilog/12.0/lib/ivl/vhdl_textio.vpi";
:vpi_module "/opt/homebrew/Cellar/icarus-verilog/12.0/lib/ivl/v2005_math.vpi";
:vpi_module "/opt/homebrew/Cellar/icarus-verilog/12.0/lib/ivl/va_math.vpi";
S_0x100da5130 .scope module, "fulladder" "fulladder" 2 1;
 .timescale 0 0;
    .port_info 0 /INPUT 1 "A";
    .port_info 1 /INPUT 1 "B";
    .port_info 2 /INPUT 1 "Cin";
    .port_info 3 /OUTPUT 1 "Cout";
    .port_info 4 /OUTPUT 1 "Sum";
o0x80e820010 .functor BUFZ 1, C4<z>; HiZ drive
v0x100da0c00_0 .net "A", 0 0, o0x80e820010;  0 drivers
o0x80e820040 .functor BUFZ 1, C4<z>; HiZ drive
v0x100da0ca0_0 .net "B", 0 0, o0x80e820040;  0 drivers
o0x80e820070 .functor BUFZ 1, C4<z>; HiZ drive
v0x100da0d40_0 .net "Cin", 0 0, o0x80e820070;  0 drivers
v0x100da0de0_0 .var "Cout", 0 0;
v0x100da0e80_0 .var "Sum", 0 0;
E_0x80ec4c240 .event anyedge, v0x100da0c00_0, v0x100da0ca0_0, v0x100da0d40_0;
S_0x100da4370 .scope module, "halfadder" "halfadder" 3 1;
 .timescale 0 0;
    .port_info 0 /INPUT 1 "A";
    .port_info 1 /INPUT 1 "B";
    .port_info 2 /OUTPUT 1 "Cout";
    .port_info 3 /OUTPUT 1 "Sum";
o0x80e8201f0 .functor BUFZ 1, C4<z>; HiZ drive
v0x100da2e90_0 .net "A", 0 0, o0x80e8201f0;  0 drivers
o0x80e820220 .functor BUFZ 1, C4<z>; HiZ drive
v0x100da2f30_0 .net "B", 0 0, o0x80e820220;  0 drivers
v0x100da2fd0_0 .var "Cout", 0 0;
v0x100da3070_0 .var "Sum", 0 0;
E_0x80ec4c280 .event anyedge, v0x100da2e90_0, v0x100da2f30_0;
S_0x100da44f0 .scope module, "tb_multiplier3bit" "tb_multiplier3bit" 4 2;
 .timescale 0 0;
v0x80f040460_0 .var "A", 2 0;
v0x80f040500_0 .net "AB", 5 0, L_0x80f040640;  1 drivers
v0x80f0405a0_0 .var "B", 2 0;
S_0x100daade0 .scope module, "M31" "m3bit" 4 6, 5 3 0, S_0x100da44f0;
 .timescale 0 0;
    .port_info 0 /INPUT 3 "A";
    .port_info 1 /INPUT 3 "B";
    .port_info 2 /OUTPUT 6 "AB";
v0x80f040000_0 .net "A", 2 0, v0x80f040460_0;  1 drivers
v0x80f0400a0_0 .net "AB", 5 0, L_0x80f040640;  alias, 1 drivers
v0x80f040140_0 .net "B", 2 0, v0x80f0405a0_0;  1 drivers
v0x80f0401e0_0 .net *"_ivl_0", 5 0, L_0x100da3110;  1 drivers
L_0x80e854010 .functor BUFT 1, C4<000>, C4<0>, C4<0>, C4<0>;
v0x80f040280_0 .net *"_ivl_3", 2 0, L_0x80e854010;  1 drivers
v0x80f040320_0 .net *"_ivl_4", 5 0, L_0x100daaf60;  1 drivers
L_0x80e854058 .functor BUFT 1, C4<000>, C4<0>, C4<0>, C4<0>;
v0x80f0403c0_0 .net *"_ivl_7", 2 0, L_0x80e854058;  1 drivers
L_0x100da3110 .concat [ 3 3 0 0], v0x80f040460_0, L_0x80e854010;
L_0x100daaf60 .concat [ 3 3 0 0], v0x80f0405a0_0, L_0x80e854058;
L_0x80f040640 .arith/mult 6, L_0x100da3110, L_0x100daaf60;
    .scope S_0x100da5130;
T_0 ;
    %wait E_0x80ec4c240;
    %load/vec4 v0x100da0c00_0;
    %pad/u 2;
    %load/vec4 v0x100da0ca0_0;
    %pad/u 2;
    %add;
    %load/vec4 v0x100da0d40_0;
    %pad/u 2;
    %add;
    %split/vec4 1;
    %store/vec4 v0x100da0e80_0, 0, 1;
    %store/vec4 v0x100da0de0_0, 0, 1;
    %jmp T_0;
    .thread T_0, $push;
    .scope S_0x100da4370;
T_1 ;
    %wait E_0x80ec4c280;
    %load/vec4 v0x100da2e90_0;
    %pad/u 2;
    %load/vec4 v0x100da2f30_0;
    %pad/u 2;
    %add;
    %split/vec4 1;
    %store/vec4 v0x100da3070_0, 0, 1;
    %store/vec4 v0x100da2fd0_0, 0, 1;
    %jmp T_1;
    .thread T_1, $push;
    .scope S_0x100da44f0;
T_2 ;
    %vpi_call 4 8 "$dumpfile", "tb.vcd" {0 0 0};
    %vpi_call 4 9 "$dumpvars", 32'sb00000000000000000000000000000000, S_0x100da44f0 {0 0 0};
    %pushi/vec4 0, 0, 3;
    %store/vec4 v0x80f040460_0, 0, 3;
    %pushi/vec4 0, 0, 3;
    %store/vec4 v0x80f0405a0_0, 0, 3;
    %delay 10, 0;
    %pushi/vec4 2, 0, 3;
    %store/vec4 v0x80f040460_0, 0, 3;
    %pushi/vec4 1, 0, 3;
    %store/vec4 v0x80f0405a0_0, 0, 3;
    %delay 10, 0;
    %pushi/vec4 4, 0, 3;
    %store/vec4 v0x80f040460_0, 0, 3;
    %pushi/vec4 5, 0, 3;
    %store/vec4 v0x80f0405a0_0, 0, 3;
    %delay 10, 0;
    %pushi/vec4 7, 0, 3;
    %store/vec4 v0x80f040460_0, 0, 3;
    %pushi/vec4 7, 0, 3;
    %store/vec4 v0x80f0405a0_0, 0, 3;
    %delay 10, 0;
    %pushi/vec4 4, 0, 3;
    %store/vec4 v0x80f040460_0, 0, 3;
    %pushi/vec4 6, 0, 3;
    %store/vec4 v0x80f0405a0_0, 0, 3;
    %delay 10, 0;
    %pushi/vec4 3, 0, 3;
    %store/vec4 v0x80f040460_0, 0, 3;
    %pushi/vec4 2, 0, 3;
    %store/vec4 v0x80f0405a0_0, 0, 3;
    %delay 10, 0;
    %pushi/vec4 5, 0, 3;
    %store/vec4 v0x80f040460_0, 0, 3;
    %pushi/vec4 7, 0, 3;
    %store/vec4 v0x80f0405a0_0, 0, 3;
    %delay 10, 0;
    %pushi/vec4 6, 0, 3;
    %store/vec4 v0x80f040460_0, 0, 3;
    %pushi/vec4 4, 0, 3;
    %store/vec4 v0x80f0405a0_0, 0, 3;
    %delay 10, 0;
    %pushi/vec4 7, 0, 3;
    %store/vec4 v0x80f040460_0, 0, 3;
    %pushi/vec4 5, 0, 3;
    %store/vec4 v0x80f0405a0_0, 0, 3;
    %delay 10, 0;
    %vpi_call 4 19 "$finish" {0 0 0};
    %end;
    .thread T_2;
    .scope S_0x100da44f0;
T_3 ;
    %vpi_call 4 22 "$monitor", "At time %0d, A = %d, B = %d, AB = %d", $time, v0x80f040460_0, v0x80f0405a0_0, v0x80f040500_0 {0 0 0};
    %end;
    .thread T_3;
# The file index is used to find the file name in the following table.
:file_names 6;
    "N/A";
    "<interactive>";
    "./fulladder.v";
    "./half_adder.v";
    "tb3.v";
    "./Multiplier3bit.v";
