#! /opt/homebrew/Cellar/icarus-verilog/12.0/bin/vvp
:ivl_version "12.0 (stable)";
:ivl_delay_selection "TYPICAL";
:vpi_time_precision - 12;
:vpi_module "/opt/homebrew/Cellar/icarus-verilog/12.0/lib/ivl/system.vpi";
:vpi_module "/opt/homebrew/Cellar/icarus-verilog/12.0/lib/ivl/vhdl_sys.vpi";
:vpi_module "/opt/homebrew/Cellar/icarus-verilog/12.0/lib/ivl/vhdl_textio.vpi";
:vpi_module "/opt/homebrew/Cellar/icarus-verilog/12.0/lib/ivl/v2005_math.vpi";
:vpi_module "/opt/homebrew/Cellar/icarus-verilog/12.0/lib/ivl/va_math.vpi";
S_0x14360c3b0 .scope module, "tb_state_register3" "tb_state_register3" 2 4;
 .timescale -9 -12;
v0x143632230_0 .var "clk", 0 0;
v0x143632350_0 .net "curr_state", 2 0, L_0x1436333d0;  1 drivers
v0x1436323e0_0 .var "expected", 2 0;
v0x143632470_0 .var "hold_mask", 2 0;
v0x143632500_0 .var "load", 0 0;
v0x1436325d0_0 .var "next_state", 2 0;
v0x143632680_0 .var "rst_n", 0 0;
v0x143632790_0 .var "scrub", 0 0;
v0x1436328a0_0 .var/i "value", 31 0;
S_0x14360c520 .scope task, "check_state" "check_state" 2 29, 2 29 0, S_0x14360c3b0;
 .timescale -9 -12;
E_0x14361d310 .event posedge, v0x143608600_0;
TD_tb_state_register3.check_state ;
    %wait E_0x14361d310;
    %delay 1000, 0;
    %load/vec4 v0x143632350_0;
    %load/vec4 v0x1436323e0_0;
    %cmp/ne;
    %jmp/0xz  T_0.0, 6;
    %vpi_call 2 34 "$fatal", 32'sb00000000000000000000000000000001, "State mismatch: expected %0b got %0b", v0x1436323e0_0, v0x143632350_0 {0 0 0};
T_0.0 ;
    %end;
S_0x1436098b0 .scope module, "uut" "state_register3" 2 14, 3 2 0, S_0x14360c3b0;
 .timescale -9 -12;
    .port_info 0 /INPUT 1 "clk";
    .port_info 1 /INPUT 1 "rst_n";
    .port_info 2 /INPUT 1 "load";
    .port_info 3 /INPUT 3 "hold_mask";
    .port_info 4 /INPUT 1 "scrub";
    .port_info 5 /INPUT 3 "next_state";
    .port_info 6 /OUTPUT 3 "curr_state";
L_0x143632a50 .functor NOT 1, L_0x1436329b0, C4<0>, C4<0>, C4<0>;
L_0x143632ac0 .functor AND 1, v0x143632500_0, L_0x143632a50, C4<1>, C4<1>;
L_0x143632d50 .functor NOT 1, L_0x143632cb0, C4<0>, C4<0>, C4<0>;
L_0x143632e20 .functor AND 1, v0x143632500_0, L_0x143632d50, C4<1>, C4<1>;
L_0x143633120 .functor NOT 1, L_0x143632fb0, C4<0>, C4<0>, C4<0>;
L_0x1436331c0 .functor AND 1, v0x143632500_0, L_0x143633120, C4<1>, C4<1>;
v0x1436318d0_0 .net *"_ivl_1", 0 0, L_0x1436329b0;  1 drivers
v0x143631970_0 .net *"_ivl_11", 0 0, L_0x143632cb0;  1 drivers
v0x143631a10_0 .net *"_ivl_12", 0 0, L_0x143632d50;  1 drivers
v0x143631ab0_0 .net *"_ivl_2", 0 0, L_0x143632a50;  1 drivers
v0x143631b60_0 .net *"_ivl_21", 0 0, L_0x143632fb0;  1 drivers
v0x143631c50_0 .net *"_ivl_22", 0 0, L_0x143633120;  1 drivers
v0x143631d00_0 .net "clk", 0 0, v0x143632230_0;  1 drivers
v0x143631d90_0 .net "curr_state", 2 0, L_0x1436333d0;  alias, 1 drivers
v0x143631e40_0 .net "hold_mask", 2 0, v0x143632470_0;  1 drivers
v0x143631f50_0 .net "load", 0 0, v0x143632500_0;  1 drivers
v0x143631ff0_0 .net "next_state", 2 0, v0x1436325d0_0;  1 drivers
v0x1436320a0_0 .net "rst_n", 0 0, v0x143632680_0;  1 drivers
v0x143632130_0 .net "scrub", 0 0, v0x143632790_0;  1 drivers
L_0x1436329b0 .part v0x143632470_0, 0, 1;
L_0x143632bd0 .part v0x1436325d0_0, 0, 1;
L_0x143632cb0 .part v0x143632470_0, 1, 1;
L_0x143632f10 .part v0x1436325d0_0, 1, 1;
L_0x143632fb0 .part v0x143632470_0, 2, 1;
L_0x1436332b0 .part v0x1436325d0_0, 2, 1;
L_0x1436333d0 .concat8 [ 1 1 1 0], v0x143630820_0, v0x143630f10_0, v0x143631600_0;
S_0x143609a20 .scope module, "gdf0" "gated_dff" 3 11, 4 1 0, S_0x1436098b0;
 .timescale -9 -12;
    .port_info 0 /INPUT 1 "clk";
    .port_info 1 /INPUT 1 "rst_n";
    .port_info 2 /INPUT 1 "load";
    .port_info 3 /INPUT 1 "scrub";
    .port_info 4 /INPUT 1 "d";
    .port_info 5 /OUTPUT 1 "q";
v0x143608600_0 .net "clk", 0 0, v0x143632230_0;  alias, 1 drivers
v0x1436306d0_0 .net "d", 0 0, L_0x143632bd0;  1 drivers
v0x143630770_0 .net "load", 0 0, L_0x143632ac0;  1 drivers
v0x143630820_0 .var "q", 0 0;
v0x1436308c0_0 .net "rst_n", 0 0, v0x143632680_0;  alias, 1 drivers
v0x1436309a0_0 .net "scrub", 0 0, v0x143632790_0;  alias, 1 drivers
E_0x14360c940/0 .event negedge, v0x1436308c0_0;
E_0x14360c940/1 .event posedge, v0x143608600_0;
E_0x14360c940 .event/or E_0x14360c940/0, E_0x14360c940/1;
S_0x143630ad0 .scope module, "gdf1" "gated_dff" 3 12, 4 1 0, S_0x1436098b0;
 .timescale -9 -12;
    .port_info 0 /INPUT 1 "clk";
    .port_info 1 /INPUT 1 "rst_n";
    .port_info 2 /INPUT 1 "load";
    .port_info 3 /INPUT 1 "scrub";
    .port_info 4 /INPUT 1 "d";
    .port_info 5 /OUTPUT 1 "q";
v0x143630d20_0 .net "clk", 0 0, v0x143632230_0;  alias, 1 drivers
v0x143630dd0_0 .net "d", 0 0, L_0x143632f10;  1 drivers
v0x143630e60_0 .net "load", 0 0, L_0x143632e20;  1 drivers
v0x143630f10_0 .var "q", 0 0;
v0x143630fa0_0 .net "rst_n", 0 0, v0x143632680_0;  alias, 1 drivers
v0x143631070_0 .net "scrub", 0 0, v0x143632790_0;  alias, 1 drivers
S_0x143631190 .scope module, "gdf2" "gated_dff" 3 13, 4 1 0, S_0x1436098b0;
 .timescale -9 -12;
    .port_info 0 /INPUT 1 "clk";
    .port_info 1 /INPUT 1 "rst_n";
    .port_info 2 /INPUT 1 "load";
    .port_info 3 /INPUT 1 "scrub";
    .port_info 4 /INPUT 1 "d";
    .port_info 5 /OUTPUT 1 "q";
v0x143631400_0 .net "clk", 0 0, v0x143632230_0;  alias, 1 drivers
v0x1436314d0_0 .net "d", 0 0, L_0x1436332b0;  1 drivers
v0x143631570_0 .net "load", 0 0, L_0x1436331c0;  1 drivers
v0x143631600_0 .var "q", 0 0;
v0x1436316a0_0 .net "rst_n", 0 0, v0x143632680_0;  alias, 1 drivers
v0x1436317b0_0 .net "scrub", 0 0, v0x143632790_0;  alias, 1 drivers
    .scope S_0x143609a20;
T_1 ;
    %wait E_0x14360c940;
    %load/vec4 v0x1436308c0_0;
    %nor/r;
    %flag_set/vec4 8;
    %jmp/0xz  T_1.0, 8;
    %pushi/vec4 0, 0, 1;
    %assign/vec4 v0x143630820_0, 0;
    %jmp T_1.1;
T_1.0 ;
    %load/vec4 v0x1436309a0_0;
    %flag_set/vec4 8;
    %jmp/0xz  T_1.2, 8;
    %pushi/vec4 0, 0, 1;
    %assign/vec4 v0x143630820_0, 0;
    %jmp T_1.3;
T_1.2 ;
    %load/vec4 v0x143630770_0;
    %nor/r;
    %flag_set/vec4 8;
    %jmp/0xz  T_1.4, 8;
    %load/vec4 v0x143630820_0;
    %assign/vec4 v0x143630820_0, 0;
    %jmp T_1.5;
T_1.4 ;
    %load/vec4 v0x1436306d0_0;
    %assign/vec4 v0x143630820_0, 0;
T_1.5 ;
T_1.3 ;
T_1.1 ;
    %jmp T_1;
    .thread T_1;
    .scope S_0x143630ad0;
T_2 ;
    %wait E_0x14360c940;
    %load/vec4 v0x143630fa0_0;
    %nor/r;
    %flag_set/vec4 8;
    %jmp/0xz  T_2.0, 8;
    %pushi/vec4 0, 0, 1;
    %assign/vec4 v0x143630f10_0, 0;
    %jmp T_2.1;
T_2.0 ;
    %load/vec4 v0x143631070_0;
    %flag_set/vec4 8;
    %jmp/0xz  T_2.2, 8;
    %pushi/vec4 0, 0, 1;
    %assign/vec4 v0x143630f10_0, 0;
    %jmp T_2.3;
T_2.2 ;
    %load/vec4 v0x143630e60_0;
    %nor/r;
    %flag_set/vec4 8;
    %jmp/0xz  T_2.4, 8;
    %load/vec4 v0x143630f10_0;
    %assign/vec4 v0x143630f10_0, 0;
    %jmp T_2.5;
T_2.4 ;
    %load/vec4 v0x143630dd0_0;
    %assign/vec4 v0x143630f10_0, 0;
T_2.5 ;
T_2.3 ;
T_2.1 ;
    %jmp T_2;
    .thread T_2;
    .scope S_0x143631190;
T_3 ;
    %wait E_0x14360c940;
    %load/vec4 v0x1436316a0_0;
    %nor/r;
    %flag_set/vec4 8;
    %jmp/0xz  T_3.0, 8;
    %pushi/vec4 0, 0, 1;
    %assign/vec4 v0x143631600_0, 0;
    %jmp T_3.1;
T_3.0 ;
    %load/vec4 v0x1436317b0_0;
    %flag_set/vec4 8;
    %jmp/0xz  T_3.2, 8;
    %pushi/vec4 0, 0, 1;
    %assign/vec4 v0x143631600_0, 0;
    %jmp T_3.3;
T_3.2 ;
    %load/vec4 v0x143631570_0;
    %nor/r;
    %flag_set/vec4 8;
    %jmp/0xz  T_3.4, 8;
    %load/vec4 v0x143631600_0;
    %assign/vec4 v0x143631600_0, 0;
    %jmp T_3.5;
T_3.4 ;
    %load/vec4 v0x1436314d0_0;
    %assign/vec4 v0x143631600_0, 0;
T_3.5 ;
T_3.3 ;
T_3.1 ;
    %jmp T_3;
    .thread T_3;
    .scope S_0x14360c3b0;
T_4 ;
    %pushi/vec4 0, 0, 1;
    %store/vec4 v0x143632230_0, 0, 1;
T_4.0 ;
    %delay 5000, 0;
    %load/vec4 v0x143632230_0;
    %inv;
    %store/vec4 v0x143632230_0, 0, 1;
    %jmp T_4.0;
    %end;
    .thread T_4;
    .scope S_0x14360c3b0;
T_5 ;
    %vpi_call 2 41 "$dumpfile", "tb_state_register3.vcd" {0 0 0};
    %vpi_call 2 42 "$dumpvars", 32'sb00000000000000000000000000000000, S_0x14360c3b0 {0 0 0};
    %pushi/vec4 0, 0, 1;
    %store/vec4 v0x143632500_0, 0, 1;
    %pushi/vec4 0, 0, 3;
    %store/vec4 v0x143632470_0, 0, 3;
    %pushi/vec4 0, 0, 1;
    %store/vec4 v0x143632790_0, 0, 1;
    %pushi/vec4 0, 0, 3;
    %store/vec4 v0x1436325d0_0, 0, 3;
    %pushi/vec4 0, 0, 1;
    %store/vec4 v0x143632680_0, 0, 1;
    %pushi/vec4 0, 0, 3;
    %store/vec4 v0x1436323e0_0, 0, 3;
    %delay 2000, 0;
    %fork TD_tb_state_register3.check_state, S_0x14360c520;
    %join;
    %pushi/vec4 1, 0, 1;
    %store/vec4 v0x143632680_0, 0, 1;
    %pushi/vec4 0, 0, 32;
    %store/vec4 v0x1436328a0_0, 0, 32;
T_5.0 ;
    %load/vec4 v0x1436328a0_0;
    %cmpi/s 8, 0, 32;
    %jmp/0xz T_5.1, 5;
    %load/vec4 v0x1436328a0_0;
    %parti/s 3, 0, 2;
    %store/vec4 v0x1436325d0_0, 0, 3;
    %pushi/vec4 1, 0, 1;
    %store/vec4 v0x143632500_0, 0, 1;
    %pushi/vec4 0, 0, 3;
    %store/vec4 v0x143632470_0, 0, 3;
    %pushi/vec4 0, 0, 1;
    %store/vec4 v0x143632790_0, 0, 1;
    %load/vec4 v0x1436325d0_0;
    %store/vec4 v0x1436323e0_0, 0, 3;
    %fork TD_tb_state_register3.check_state, S_0x14360c520;
    %join;
    %load/vec4 v0x1436328a0_0;
    %addi 1, 0, 32;
    %store/vec4 v0x1436328a0_0, 0, 32;
    %jmp T_5.0;
T_5.1 ;
    %pushi/vec4 1, 0, 1;
    %store/vec4 v0x143632500_0, 0, 1;
    %pushi/vec4 2, 0, 3;
    %store/vec4 v0x143632470_0, 0, 3;
    %pushi/vec4 0, 0, 3;
    %store/vec4 v0x1436325d0_0, 0, 3;
    %load/vec4 v0x1436325d0_0;
    %parti/s 1, 2, 3;
    %load/vec4 v0x1436323e0_0;
    %parti/s 1, 1, 2;
    %concat/vec4; draw_concat_vec4
    %load/vec4 v0x1436325d0_0;
    %parti/s 1, 0, 2;
    %concat/vec4; draw_concat_vec4
    %store/vec4 v0x1436323e0_0, 0, 3;
    %fork TD_tb_state_register3.check_state, S_0x14360c520;
    %join;
    %pushi/vec4 0, 0, 3;
    %store/vec4 v0x143632470_0, 0, 3;
    %pushi/vec4 5, 0, 3;
    %store/vec4 v0x1436325d0_0, 0, 3;
    %load/vec4 v0x1436325d0_0;
    %store/vec4 v0x1436323e0_0, 0, 3;
    %fork TD_tb_state_register3.check_state, S_0x14360c520;
    %join;
    %pushi/vec4 7, 0, 3;
    %store/vec4 v0x143632470_0, 0, 3;
    %pushi/vec4 1, 0, 1;
    %store/vec4 v0x143632500_0, 0, 1;
    %pushi/vec4 2, 0, 3;
    %store/vec4 v0x1436325d0_0, 0, 3;
    %load/vec4 v0x1436323e0_0;
    %store/vec4 v0x1436323e0_0, 0, 3;
    %fork TD_tb_state_register3.check_state, S_0x14360c520;
    %join;
    %pushi/vec4 7, 0, 3;
    %store/vec4 v0x143632470_0, 0, 3;
    %pushi/vec4 0, 0, 1;
    %store/vec4 v0x143632500_0, 0, 1;
    %pushi/vec4 1, 0, 1;
    %store/vec4 v0x143632790_0, 0, 1;
    %pushi/vec4 0, 0, 3;
    %store/vec4 v0x1436323e0_0, 0, 3;
    %fork TD_tb_state_register3.check_state, S_0x14360c520;
    %join;
    %pushi/vec4 0, 0, 1;
    %store/vec4 v0x143632790_0, 0, 1;
    %pushi/vec4 0, 0, 3;
    %store/vec4 v0x143632470_0, 0, 3;
    %pushi/vec4 1, 0, 1;
    %store/vec4 v0x143632500_0, 0, 1;
    %pushi/vec4 5, 0, 3;
    %store/vec4 v0x1436325d0_0, 0, 3;
    %load/vec4 v0x1436325d0_0;
    %store/vec4 v0x1436323e0_0, 0, 3;
    %fork TD_tb_state_register3.check_state, S_0x14360c520;
    %join;
    %delay 1000, 0;
    %pushi/vec4 0, 0, 1;
    %store/vec4 v0x143632680_0, 0, 1;
    %pushi/vec4 0, 0, 3;
    %store/vec4 v0x1436323e0_0, 0, 3;
    %delay 1000, 0;
    %load/vec4 v0x143632350_0;
    %load/vec4 v0x1436323e0_0;
    %cmp/ne;
    %jmp/0xz  T_5.2, 6;
    %vpi_call 2 102 "$fatal", 32'sb00000000000000000000000000000001, "Async reset failed to clear state" {0 0 0};
T_5.2 ;
    %pushi/vec4 0, 0, 1;
    %store/vec4 v0x143632500_0, 0, 1;
    %pushi/vec4 0, 0, 3;
    %store/vec4 v0x143632470_0, 0, 3;
    %pushi/vec4 0, 0, 1;
    %store/vec4 v0x143632790_0, 0, 1;
    %pushi/vec4 0, 0, 3;
    %store/vec4 v0x1436325d0_0, 0, 3;
    %pushi/vec4 1, 0, 1;
    %store/vec4 v0x143632680_0, 0, 1;
    %wait E_0x14361d310;
    %delay 1000, 0;
    %load/vec4 v0x143632350_0;
    %load/vec4 v0x1436323e0_0;
    %cmp/ne;
    %jmp/0xz  T_5.4, 6;
    %vpi_call 2 110 "$fatal", 32'sb00000000000000000000000000000001, "State should remain reset after releasing rst" {0 0 0};
T_5.4 ;
    %vpi_call 2 112 "$display", "state_register3: all cases covered" {0 0 0};
    %vpi_call 2 113 "$finish" {0 0 0};
    %end;
    .thread T_5;
# The file index is used to find the file name in the following table.
:file_names 5;
    "N/A";
    "<interactive>";
    "tb_state_register3.v";
    "./state_register3.v";
    "./../Q1/gated_dff.v";
