#! /opt/homebrew/Cellar/icarus-verilog/12.0/bin/vvp
:ivl_version "12.0 (stable)";
:ivl_delay_selection "TYPICAL";
:vpi_time_precision - 12;
:vpi_module "/opt/homebrew/Cellar/icarus-verilog/12.0/lib/ivl/system.vpi";
:vpi_module "/opt/homebrew/Cellar/icarus-verilog/12.0/lib/ivl/vhdl_sys.vpi";
:vpi_module "/opt/homebrew/Cellar/icarus-verilog/12.0/lib/ivl/vhdl_textio.vpi";
:vpi_module "/opt/homebrew/Cellar/icarus-verilog/12.0/lib/ivl/v2005_math.vpi";
:vpi_module "/opt/homebrew/Cellar/icarus-verilog/12.0/lib/ivl/va_math.vpi";
S_0x104b10480 .scope module, "tb_ripple_counter_4bit" "tb_ripple_counter_4bit" 2 4;
 .timescale -9 -12;
v0x73ec606e0_0 .var "clk", 0 0;
v0x73ec60780_0 .net "q", 3 0, L_0x104b12a40;  1 drivers
v0x73ec60820_0 .var "reset", 0 0;
S_0x104b117f0 .scope module, "uut" "ripple_counter_4bit" 2 12, 3 15 0, S_0x104b10480;
 .timescale -9 -12;
    .port_info 0 /INPUT 1 "clk";
    .port_info 1 /INPUT 1 "reset";
    .port_info 2 /OUTPUT 4 "q";
v0x73ec60500_0 .net "clk", 0 0, v0x73ec606e0_0;  1 drivers
v0x73ec605a0_0 .net "q", 3 0, L_0x104b12a40;  alias, 1 drivers
v0x73ec60640_0 .net "reset", 0 0, v0x73ec60820_0;  1 drivers
L_0x104b127e0 .part L_0x104b12a40, 0, 1;
L_0x104b12880 .part L_0x104b12a40, 1, 1;
L_0x104b12920 .part L_0x104b12a40, 2, 1;
L_0x104b12a40 .concat8 [ 1 1 1 1], v0x104b0b280_0, v0x104b069e0_0, v0x73ec600a0_0, v0x73ec60320_0;
S_0x104b10ec0 .scope module, "ff0" "t_ff" 3 21, 3 1 0, S_0x104b117f0;
 .timescale -9 -12;
    .port_info 0 /INPUT 1 "clk";
    .port_info 1 /INPUT 1 "reset";
    .port_info 2 /INPUT 1 "t";
    .port_info 3 /OUTPUT 1 "q";
v0x104b0b1e0_0 .net "clk", 0 0, v0x73ec606e0_0;  alias, 1 drivers
v0x104b0b280_0 .var "q", 0 0;
v0x104b0b320_0 .net "reset", 0 0, v0x73ec60820_0;  alias, 1 drivers
L_0x73e854010 .functor BUFT 1, C4<1>, C4<0>, C4<0>, C4<0>;
v0x104b0b3c0_0 .net "t", 0 0, L_0x73e854010;  1 drivers
E_0x73ec40400/0 .event negedge, v0x104b0b1e0_0;
E_0x73ec40400/1 .event posedge, v0x104b0b320_0;
E_0x73ec40400 .event/or E_0x73ec40400/0, E_0x73ec40400/1;
S_0x104b067c0 .scope module, "ff1" "t_ff" 3 22, 3 1 0, S_0x104b117f0;
 .timescale -9 -12;
    .port_info 0 /INPUT 1 "clk";
    .port_info 1 /INPUT 1 "reset";
    .port_info 2 /INPUT 1 "t";
    .port_info 3 /OUTPUT 1 "q";
v0x104b06940_0 .net "clk", 0 0, L_0x104b127e0;  1 drivers
v0x104b069e0_0 .var "q", 0 0;
v0x104b09c30_0 .net "reset", 0 0, v0x73ec60820_0;  alias, 1 drivers
L_0x73e854058 .functor BUFT 1, C4<1>, C4<0>, C4<0>, C4<0>;
v0x104b09cd0_0 .net "t", 0 0, L_0x73e854058;  1 drivers
E_0x73ec40440/0 .event negedge, v0x104b06940_0;
E_0x73ec40440/1 .event posedge, v0x104b0b320_0;
E_0x73ec40440 .event/or E_0x73ec40440/0, E_0x73ec40440/1;
S_0x104b09d70 .scope module, "ff2" "t_ff" 3 23, 3 1 0, S_0x104b117f0;
 .timescale -9 -12;
    .port_info 0 /INPUT 1 "clk";
    .port_info 1 /INPUT 1 "reset";
    .port_info 2 /INPUT 1 "t";
    .port_info 3 /OUTPUT 1 "q";
v0x73ec60000_0 .net "clk", 0 0, L_0x104b12880;  1 drivers
v0x73ec600a0_0 .var "q", 0 0;
v0x73ec60140_0 .net "reset", 0 0, v0x73ec60820_0;  alias, 1 drivers
L_0x73e8540a0 .functor BUFT 1, C4<1>, C4<0>, C4<0>, C4<0>;
v0x73ec601e0_0 .net "t", 0 0, L_0x73e8540a0;  1 drivers
E_0x73ec40480/0 .event negedge, v0x73ec60000_0;
E_0x73ec40480/1 .event posedge, v0x104b0b320_0;
E_0x73ec40480 .event/or E_0x73ec40480/0, E_0x73ec40480/1;
S_0x104b12660 .scope module, "ff3" "t_ff" 3 24, 3 1 0, S_0x104b117f0;
 .timescale -9 -12;
    .port_info 0 /INPUT 1 "clk";
    .port_info 1 /INPUT 1 "reset";
    .port_info 2 /INPUT 1 "t";
    .port_info 3 /OUTPUT 1 "q";
v0x73ec60280_0 .net "clk", 0 0, L_0x104b12920;  1 drivers
v0x73ec60320_0 .var "q", 0 0;
v0x73ec603c0_0 .net "reset", 0 0, v0x73ec60820_0;  alias, 1 drivers
L_0x73e8540e8 .functor BUFT 1, C4<1>, C4<0>, C4<0>, C4<0>;
v0x73ec60460_0 .net "t", 0 0, L_0x73e8540e8;  1 drivers
E_0x73ec404c0/0 .event negedge, v0x73ec60280_0;
E_0x73ec404c0/1 .event posedge, v0x104b0b320_0;
E_0x73ec404c0 .event/or E_0x73ec404c0/0, E_0x73ec404c0/1;
    .scope S_0x104b10ec0;
T_0 ;
    %wait E_0x73ec40400;
    %load/vec4 v0x104b0b320_0;
    %flag_set/vec4 8;
    %jmp/0xz  T_0.0, 8;
    %pushi/vec4 0, 0, 1;
    %assign/vec4 v0x104b0b280_0, 0;
    %jmp T_0.1;
T_0.0 ;
    %load/vec4 v0x104b0b3c0_0;
    %flag_set/vec4 8;
    %jmp/0xz  T_0.2, 8;
    %load/vec4 v0x104b0b280_0;
    %inv;
    %assign/vec4 v0x104b0b280_0, 0;
T_0.2 ;
T_0.1 ;
    %jmp T_0;
    .thread T_0;
    .scope S_0x104b067c0;
T_1 ;
    %wait E_0x73ec40440;
    %load/vec4 v0x104b09c30_0;
    %flag_set/vec4 8;
    %jmp/0xz  T_1.0, 8;
    %pushi/vec4 0, 0, 1;
    %assign/vec4 v0x104b069e0_0, 0;
    %jmp T_1.1;
T_1.0 ;
    %load/vec4 v0x104b09cd0_0;
    %flag_set/vec4 8;
    %jmp/0xz  T_1.2, 8;
    %load/vec4 v0x104b069e0_0;
    %inv;
    %assign/vec4 v0x104b069e0_0, 0;
T_1.2 ;
T_1.1 ;
    %jmp T_1;
    .thread T_1;
    .scope S_0x104b09d70;
T_2 ;
    %wait E_0x73ec40480;
    %load/vec4 v0x73ec60140_0;
    %flag_set/vec4 8;
    %jmp/0xz  T_2.0, 8;
    %pushi/vec4 0, 0, 1;
    %assign/vec4 v0x73ec600a0_0, 0;
    %jmp T_2.1;
T_2.0 ;
    %load/vec4 v0x73ec601e0_0;
    %flag_set/vec4 8;
    %jmp/0xz  T_2.2, 8;
    %load/vec4 v0x73ec600a0_0;
    %inv;
    %assign/vec4 v0x73ec600a0_0, 0;
T_2.2 ;
T_2.1 ;
    %jmp T_2;
    .thread T_2;
    .scope S_0x104b12660;
T_3 ;
    %wait E_0x73ec404c0;
    %load/vec4 v0x73ec603c0_0;
    %flag_set/vec4 8;
    %jmp/0xz  T_3.0, 8;
    %pushi/vec4 0, 0, 1;
    %assign/vec4 v0x73ec60320_0, 0;
    %jmp T_3.1;
T_3.0 ;
    %load/vec4 v0x73ec60460_0;
    %flag_set/vec4 8;
    %jmp/0xz  T_3.2, 8;
    %load/vec4 v0x73ec60320_0;
    %inv;
    %assign/vec4 v0x73ec60320_0, 0;
T_3.2 ;
T_3.1 ;
    %jmp T_3;
    .thread T_3;
    .scope S_0x104b10480;
T_4 ;
    %delay 5000, 0;
    %load/vec4 v0x73ec606e0_0;
    %inv;
    %store/vec4 v0x73ec606e0_0, 0, 1;
    %jmp T_4;
    .thread T_4;
    .scope S_0x104b10480;
T_5 ;
    %pushi/vec4 0, 0, 1;
    %store/vec4 v0x73ec606e0_0, 0, 1;
    %pushi/vec4 1, 0, 1;
    %store/vec4 v0x73ec60820_0, 0, 1;
    %delay 10000, 0;
    %pushi/vec4 0, 0, 1;
    %store/vec4 v0x73ec60820_0, 0, 1;
    %delay 200000, 0;
    %pushi/vec4 1, 0, 1;
    %store/vec4 v0x73ec60820_0, 0, 1;
    %delay 10000, 0;
    %pushi/vec4 0, 0, 1;
    %store/vec4 v0x73ec60820_0, 0, 1;
    %delay 100000, 0;
    %vpi_call 2 43 "$finish" {0 0 0};
    %end;
    .thread T_5;
    .scope S_0x104b10480;
T_6 ;
    %vpi_call 2 48 "$display", "Time\011Reset\011Q" {0 0 0};
    %vpi_call 2 49 "$monitor", "%0t\011%b\011%b", $time, v0x73ec60820_0, v0x73ec60780_0 {0 0 0};
    %end;
    .thread T_6;
# The file index is used to find the file name in the following table.
:file_names 4;
    "N/A";
    "<interactive>";
    "tb_ripple.v";
    "./4bit_ripple.v";
