#! /opt/homebrew/Cellar/icarus-verilog/12.0/bin/vvp
:ivl_version "12.0 (stable)";
:ivl_delay_selection "TYPICAL";
:vpi_time_precision + 0;
:vpi_module "/opt/homebrew/Cellar/icarus-verilog/12.0/lib/ivl/system.vpi";
:vpi_module "/opt/homebrew/Cellar/icarus-verilog/12.0/lib/ivl/vhdl_sys.vpi";
:vpi_module "/opt/homebrew/Cellar/icarus-verilog/12.0/lib/ivl/vhdl_textio.vpi";
:vpi_module "/opt/homebrew/Cellar/icarus-verilog/12.0/lib/ivl/v2005_math.vpi";
:vpi_module "/opt/homebrew/Cellar/icarus-verilog/12.0/lib/ivl/va_math.vpi";
S_0x100d583c0 .scope module, "tb_seq_counter" "tb_seq_counter" 2 2;
 .timescale 0 0;
v0xafcc49040_0 .var "clk", 0 0;
v0xafcc490e0_0 .net "q", 2 0, L_0xafcc50000;  1 drivers
v0xafcc49180_0 .var "rst", 0 0;
S_0x100d58540 .scope module, "dut" "seq_counter" 2 6, 3 1 0, S_0x100d583c0;
 .timescale 0 0;
    .port_info 0 /INPUT 1 "clk";
    .port_info 1 /INPUT 1 "rst";
    .port_info 2 /OUTPUT 3 "q";
L_0x100d5f420 .functor XOR 1, L_0x100d5feb0, L_0x100d5ff50, C4<0>, C4<0>;
L_0x100d5f7f0 .functor NOT 1, L_0x100d5fff0, C4<0>, C4<0>, C4<0>;
L_0x100d601d0 .functor XOR 1, L_0x100d60090, L_0x100d60130, C4<0>, C4<0>;
L_0x100d60240 .functor OR 1, L_0x100d5f7f0, L_0x100d601d0, C4<0>, C4<0>;
L_0x100d5fbc0 .functor AND 1, L_0x100d602b0, L_0x100d60350, C4<1>, C4<1>;
L_0x100d603f0 .functor NOT 1, L_0x100d621b0, C4<0>, C4<0>, C4<0>;
L_0x100d622f0 .functor AND 1, L_0x100d603f0, L_0x100d62250, C4<1>, C4<1>;
L_0x100d62360 .functor NOT 1, L_0xafd058000, C4<0>, C4<0>, C4<0>;
L_0x100d623d0 .functor AND 1, L_0x100d622f0, L_0x100d62360, C4<1>, C4<1>;
L_0x100d62440 .functor OR 1, L_0x100d5fbc0, L_0x100d623d0, C4<0>, C4<0>;
v0xafcc481e0_0 .net *"_ivl_1", 0 0, L_0x100d5feb0;  1 drivers
v0xafcc48280_0 .net *"_ivl_11", 0 0, L_0x100d60090;  1 drivers
v0xafcc48320_0 .net *"_ivl_13", 0 0, L_0x100d60130;  1 drivers
v0xafcc483c0_0 .net *"_ivl_14", 0 0, L_0x100d601d0;  1 drivers
v0xafcc48460_0 .net *"_ivl_19", 0 0, L_0x100d602b0;  1 drivers
v0xafcc48500_0 .net *"_ivl_21", 0 0, L_0x100d60350;  1 drivers
v0xafcc485a0_0 .net *"_ivl_22", 0 0, L_0x100d5fbc0;  1 drivers
v0xafcc48640_0 .net *"_ivl_25", 0 0, L_0x100d621b0;  1 drivers
v0xafcc486e0_0 .net *"_ivl_26", 0 0, L_0x100d603f0;  1 drivers
v0xafcc48780_0 .net *"_ivl_29", 0 0, L_0x100d62250;  1 drivers
v0xafcc48820_0 .net *"_ivl_3", 0 0, L_0x100d5ff50;  1 drivers
v0xafcc488c0_0 .net *"_ivl_30", 0 0, L_0x100d622f0;  1 drivers
v0xafcc48960_0 .net *"_ivl_33", 0 0, L_0xafd058000;  1 drivers
v0xafcc48a00_0 .net *"_ivl_34", 0 0, L_0x100d62360;  1 drivers
v0xafcc48aa0_0 .net *"_ivl_36", 0 0, L_0x100d623d0;  1 drivers
v0xafcc48b40_0 .net *"_ivl_7", 0 0, L_0x100d5fff0;  1 drivers
v0xafcc48be0_0 .net *"_ivl_8", 0 0, L_0x100d5f7f0;  1 drivers
v0xafcc48c80_0 .net "clk", 0 0, v0xafcc49040_0;  1 drivers
v0xafcc48d20_0 .net "q", 2 0, L_0xafcc50000;  alias, 1 drivers
v0xafcc48dc0_0 .net "rst", 0 0, v0xafcc49180_0;  1 drivers
v0xafcc48e60_0 .net "t0", 0 0, L_0x100d62440;  1 drivers
v0xafcc48f00_0 .net "t1", 0 0, L_0x100d60240;  1 drivers
v0xafcc48fa0_0 .net "t2", 0 0, L_0x100d5f420;  1 drivers
L_0x100d5feb0 .part L_0xafcc50000, 2, 1;
L_0x100d5ff50 .part L_0xafcc50000, 0, 1;
L_0x100d5fff0 .part L_0xafcc50000, 1, 1;
L_0x100d60090 .part L_0xafcc50000, 2, 1;
L_0x100d60130 .part L_0xafcc50000, 0, 1;
L_0x100d602b0 .part L_0xafcc50000, 2, 1;
L_0x100d60350 .part L_0xafcc50000, 0, 1;
L_0x100d621b0 .part L_0xafcc50000, 2, 1;
L_0x100d62250 .part L_0xafcc50000, 1, 1;
L_0xafd058000 .part L_0xafcc50000, 0, 1;
L_0xafcc50000 .concat8 [ 1 1 1 0], v0x100d5d720_0, v0x100d540b0_0, v0xafcc48000_0;
S_0x100d56560 .scope module, "t0" "t_ff" 3 20, 3 25 0, S_0x100d58540;
 .timescale 0 0;
    .port_info 0 /INPUT 1 "clk";
    .port_info 1 /INPUT 1 "rst";
    .port_info 2 /INPUT 1 "t";
    .port_info 3 /OUTPUT 1 "q";
v0x100d5c530_0 .net "clk", 0 0, v0xafcc49040_0;  alias, 1 drivers
v0x100d5d720_0 .var "q", 0 0;
v0x100d566e0_0 .net "rst", 0 0, v0xafcc49180_0;  alias, 1 drivers
v0x100d56780_0 .net "t", 0 0, L_0x100d62440;  alias, 1 drivers
E_0xafcc3c500 .event posedge, v0x100d5c530_0;
S_0x100d53e90 .scope module, "t1" "t_ff" 3 21, 3 25 0, S_0x100d58540;
 .timescale 0 0;
    .port_info 0 /INPUT 1 "clk";
    .port_info 1 /INPUT 1 "rst";
    .port_info 2 /INPUT 1 "t";
    .port_info 3 /OUTPUT 1 "q";
v0x100d54010_0 .net "clk", 0 0, v0xafcc49040_0;  alias, 1 drivers
v0x100d540b0_0 .var "q", 0 0;
v0x100d61650_0 .net "rst", 0 0, v0xafcc49180_0;  alias, 1 drivers
v0x100d616f0_0 .net "t", 0 0, L_0x100d60240;  alias, 1 drivers
S_0x100d61790 .scope module, "t2" "t_ff" 3 22, 3 25 0, S_0x100d58540;
 .timescale 0 0;
    .port_info 0 /INPUT 1 "clk";
    .port_info 1 /INPUT 1 "rst";
    .port_info 2 /INPUT 1 "t";
    .port_info 3 /OUTPUT 1 "q";
v0x100d61910_0 .net "clk", 0 0, v0xafcc49040_0;  alias, 1 drivers
v0xafcc48000_0 .var "q", 0 0;
v0xafcc480a0_0 .net "rst", 0 0, v0xafcc49180_0;  alias, 1 drivers
v0xafcc48140_0 .net "t", 0 0, L_0x100d5f420;  alias, 1 drivers
    .scope S_0x100d56560;
T_0 ;
    %wait E_0xafcc3c500;
    %load/vec4 v0x100d566e0_0;
    %flag_set/vec4 8;
    %jmp/0xz  T_0.0, 8;
    %pushi/vec4 0, 0, 1;
    %assign/vec4 v0x100d5d720_0, 0;
    %jmp T_0.1;
T_0.0 ;
    %load/vec4 v0x100d56780_0;
    %flag_set/vec4 8;
    %jmp/0xz  T_0.2, 8;
    %load/vec4 v0x100d5d720_0;
    %inv;
    %assign/vec4 v0x100d5d720_0, 0;
T_0.2 ;
T_0.1 ;
    %jmp T_0;
    .thread T_0;
    .scope S_0x100d53e90;
T_1 ;
    %wait E_0xafcc3c500;
    %load/vec4 v0x100d61650_0;
    %flag_set/vec4 8;
    %jmp/0xz  T_1.0, 8;
    %pushi/vec4 0, 0, 1;
    %assign/vec4 v0x100d540b0_0, 0;
    %jmp T_1.1;
T_1.0 ;
    %load/vec4 v0x100d616f0_0;
    %flag_set/vec4 8;
    %jmp/0xz  T_1.2, 8;
    %load/vec4 v0x100d540b0_0;
    %inv;
    %assign/vec4 v0x100d540b0_0, 0;
T_1.2 ;
T_1.1 ;
    %jmp T_1;
    .thread T_1;
    .scope S_0x100d61790;
T_2 ;
    %wait E_0xafcc3c500;
    %load/vec4 v0xafcc480a0_0;
    %flag_set/vec4 8;
    %jmp/0xz  T_2.0, 8;
    %pushi/vec4 0, 0, 1;
    %assign/vec4 v0xafcc48000_0, 0;
    %jmp T_2.1;
T_2.0 ;
    %load/vec4 v0xafcc48140_0;
    %flag_set/vec4 8;
    %jmp/0xz  T_2.2, 8;
    %load/vec4 v0xafcc48000_0;
    %inv;
    %assign/vec4 v0xafcc48000_0, 0;
T_2.2 ;
T_2.1 ;
    %jmp T_2;
    .thread T_2;
    .scope S_0x100d583c0;
T_3 ;
    %delay 5, 0;
    %load/vec4 v0xafcc49040_0;
    %inv;
    %store/vec4 v0xafcc49040_0, 0, 1;
    %jmp T_3;
    .thread T_3;
    .scope S_0x100d583c0;
T_4 ;
    %pushi/vec4 0, 0, 1;
    %store/vec4 v0xafcc49040_0, 0, 1;
    %pushi/vec4 1, 0, 1;
    %store/vec4 v0xafcc49180_0, 0, 1;
    %vpi_call 2 12 "$display", "\012Sequence Counter Simulation (0,2,3,5,6,...)" {0 0 0};
    %vpi_call 2 13 "$display", "|  Time | clk | rst | q2 q1 q0 | dec |" {0 0 0};
    %pushi/vec4 2, 0, 32;
T_4.0 %dup/vec4;
    %pushi/vec4 0, 0, 32;
    %cmp/s;
    %jmp/1xz T_4.1, 5;
    %jmp/1 T_4.1, 4;
    %pushi/vec4 1, 0, 32;
    %sub;
    %wait E_0xafcc3c500;
    %jmp T_4.0;
T_4.1 ;
    %pop/vec4 1;
    %pushi/vec4 0, 0, 1;
    %store/vec4 v0xafcc49180_0, 0, 1;
    %pushi/vec4 25, 0, 32;
T_4.2 %dup/vec4;
    %pushi/vec4 0, 0, 32;
    %cmp/s;
    %jmp/1xz T_4.3, 5;
    %jmp/1 T_4.3, 4;
    %pushi/vec4 1, 0, 32;
    %sub;
    %wait E_0xafcc3c500;
    %vpi_call 2 20 "$display", "| %4t |  %0b  |  %0b  |  %0b  %0b  %0b |  %0d  |", $time, v0xafcc49040_0, v0xafcc49180_0, &PV<v0xafcc490e0_0, 2, 1>, &PV<v0xafcc490e0_0, 1, 1>, &PV<v0xafcc490e0_0, 0, 1>, v0xafcc490e0_0 {0 0 0};
    %jmp T_4.2;
T_4.3 ;
    %pop/vec4 1;
    %vpi_call 2 24 "$finish" {0 0 0};
    %end;
    .thread T_4;
# The file index is used to find the file name in the following table.
:file_names 4;
    "N/A";
    "<interactive>";
    "q2_tb.v";
    "./q2.v";
