#! /opt/homebrew/Cellar/icarus-verilog/12.0/bin/vvp
:ivl_version "12.0 (stable)";
:ivl_delay_selection "TYPICAL";
:vpi_time_precision - 12;
:vpi_module "/opt/homebrew/Cellar/icarus-verilog/12.0/lib/ivl/system.vpi";
:vpi_module "/opt/homebrew/Cellar/icarus-verilog/12.0/lib/ivl/vhdl_sys.vpi";
:vpi_module "/opt/homebrew/Cellar/icarus-verilog/12.0/lib/ivl/vhdl_textio.vpi";
:vpi_module "/opt/homebrew/Cellar/icarus-verilog/12.0/lib/ivl/v2005_math.vpi";
:vpi_module "/opt/homebrew/Cellar/icarus-verilog/12.0/lib/ivl/va_math.vpi";
S_0x1054fb3c0 .scope module, "tb_player_control" "tb_player_control" 2 4;
 .timescale -9 -12;
v0xa190815e0_0 .var "game_active", 0 0;
v0xa19081680_0 .var/i "i", 31 0;
v0xa19081720_0 .var "jump_input", 0 0;
v0xa190817c0_0 .net "jump_velocity", 2 0, L_0xa18c3c280;  1 drivers
v0xa19081860_0 .net "player_height", 2 0, L_0xa18c3c460;  1 drivers
v0xa19081900_0 .var "prev_jump_velocity", 2 0;
v0xa190819a0_0 .var "prev_player_height", 2 0;
S_0x1054fb540 .scope module, "uut" "player_control" 2 13, 3 2 0, S_0x1054fb3c0;
 .timescale -9 -12;
    .port_info 0 /INPUT 1 "jump_input";
    .port_info 1 /INPUT 3 "prev_player_height";
    .port_info 2 /INPUT 3 "prev_jump_velocity";
    .port_info 3 /INPUT 1 "game_active";
    .port_info 4 /OUTPUT 3 "player_height";
    .port_info 5 /OUTPUT 3 "jump_velocity";
P_0x105501820 .param/l "GROUND_LEVEL" 0 3 4, +C4<00000000000000000000000000000000>;
P_0x105501860 .param/l "MAX_JUMP_HEIGHT" 0 3 3, +C4<00000000000000000000000000000011>;
L_0x105506cf0 .functor AND 1, v0xa190815e0_0, v0xa19081720_0, C4<1>, C4<1>;
L_0x105500d10 .functor AND 1, L_0x105506cf0, L_0x105507530, C4<1>, C4<1>;
L_0x1055018a0 .functor AND 1, L_0x105500d10, L_0x1055075d0, C4<1>, C4<1>;
L_0x105507710 .functor AND 1, v0xa190815e0_0, L_0x105507670, C4<1>, C4<1>;
L_0x105504b30 .functor AND 1, v0xa190815e0_0, L_0xa18c3c000, C4<1>, C4<1>;
L_0x105504c70 .functor AND 1, L_0x105504b30, L_0xa18c3c0a0, C4<1>, C4<1>;
v0x105500c70_0 .net *"_ivl_0", 0 0, L_0x105506cf0;  1 drivers
v0x105506c50_0 .net *"_ivl_10", 0 0, L_0x105500d10;  1 drivers
v0x1054f8690_0 .net *"_ivl_12", 31 0, L_0xa18c1cbe0;  1 drivers
L_0xa188540a0 .functor BUFT 1, C4<00000000000000000000000000000>, C4<0>, C4<0>, C4<0>;
v0x1054f8730_0 .net *"_ivl_15", 28 0, L_0xa188540a0;  1 drivers
L_0xa188540e8 .functor BUFT 1, C4<00000000000000000000000000000000>, C4<0>, C4<0>, C4<0>;
v0x1054f87d0_0 .net/2u *"_ivl_16", 31 0, L_0xa188540e8;  1 drivers
v0x1054f8870_0 .net *"_ivl_18", 0 0, L_0x1055075d0;  1 drivers
v0x1054f8910_0 .net *"_ivl_2", 31 0, L_0xa18c1cb40;  1 drivers
v0x1055072b0_0 .net *"_ivl_22", 31 0, L_0xa18c1cc80;  1 drivers
L_0xa18854130 .functor BUFT 1, C4<00000000000000000000000000000>, C4<0>, C4<0>, C4<0>;
v0x105507350_0 .net *"_ivl_25", 28 0, L_0xa18854130;  1 drivers
L_0xa18854178 .functor BUFT 1, C4<00000000000000000000000000000000>, C4<0>, C4<0>, C4<0>;
v0x1055073f0_0 .net/2u *"_ivl_26", 31 0, L_0xa18854178;  1 drivers
v0x105507490_0 .net *"_ivl_28", 0 0, L_0x105507670;  1 drivers
v0xa19080000_0 .net *"_ivl_32", 31 0, L_0xa18c1cd20;  1 drivers
L_0xa188541c0 .functor BUFT 1, C4<00000000000000000000000000000>, C4<0>, C4<0>, C4<0>;
v0xa190800a0_0 .net *"_ivl_35", 28 0, L_0xa188541c0;  1 drivers
L_0xa18854208 .functor BUFT 1, C4<00000000000000000000000000000000>, C4<0>, C4<0>, C4<0>;
v0xa19080140_0 .net/2u *"_ivl_36", 31 0, L_0xa18854208;  1 drivers
v0xa190801e0_0 .net *"_ivl_38", 0 0, L_0xa18c3c000;  1 drivers
v0xa19080280_0 .net *"_ivl_40", 0 0, L_0x105504b30;  1 drivers
v0xa19080320_0 .net *"_ivl_42", 31 0, L_0xa18c1cdc0;  1 drivers
L_0xa18854250 .functor BUFT 1, C4<00000000000000000000000000000>, C4<0>, C4<0>, C4<0>;
v0xa190803c0_0 .net *"_ivl_45", 28 0, L_0xa18854250;  1 drivers
L_0xa18854298 .functor BUFT 1, C4<00000000000000000000000000000000>, C4<0>, C4<0>, C4<0>;
v0xa19080460_0 .net/2u *"_ivl_46", 31 0, L_0xa18854298;  1 drivers
v0xa19080500_0 .net *"_ivl_48", 0 0, L_0xa18c3c0a0;  1 drivers
L_0xa18854010 .functor BUFT 1, C4<00000000000000000000000000000>, C4<0>, C4<0>, C4<0>;
v0xa190805a0_0 .net *"_ivl_5", 28 0, L_0xa18854010;  1 drivers
L_0xa188542e0 .functor BUFT 1, C4<00000000000000000000000000000011>, C4<0>, C4<0>, C4<0>;
v0xa19080640_0 .net/2u *"_ivl_52", 31 0, L_0xa188542e0;  1 drivers
v0xa190806e0_0 .net *"_ivl_54", 31 0, L_0xa18c1ce60;  1 drivers
L_0xa18854328 .functor BUFT 1, C4<00000000000000000000000000000>, C4<0>, C4<0>, C4<0>;
v0xa19080780_0 .net *"_ivl_57", 28 0, L_0xa18854328;  1 drivers
L_0xa18854370 .functor BUFT 1, C4<00000000000000000000000000000001>, C4<0>, C4<0>, C4<0>;
v0xa19080820_0 .net/2u *"_ivl_58", 31 0, L_0xa18854370;  1 drivers
L_0xa18854058 .functor BUFT 1, C4<00000000000000000000000000000000>, C4<0>, C4<0>, C4<0>;
v0xa190808c0_0 .net/2u *"_ivl_6", 31 0, L_0xa18854058;  1 drivers
v0xa19080960_0 .net *"_ivl_60", 31 0, L_0xa18c1cf00;  1 drivers
v0xa19080a00_0 .net *"_ivl_62", 31 0, L_0xa18c1cfa0;  1 drivers
L_0xa188543b8 .functor BUFT 1, C4<00000000000000000000000000000>, C4<0>, C4<0>, C4<0>;
v0xa19080aa0_0 .net *"_ivl_65", 28 0, L_0xa188543b8;  1 drivers
v0xa19080b40_0 .net *"_ivl_66", 31 0, L_0xa18c3c140;  1 drivers
v0xa19080be0_0 .net *"_ivl_68", 31 0, L_0xa18c3c1e0;  1 drivers
L_0xa18854400 .functor BUFT 1, C4<001>, C4<0>, C4<0>, C4<0>;
v0xa19080c80_0 .net/2u *"_ivl_72", 2 0, L_0xa18854400;  1 drivers
v0xa19080d20_0 .net *"_ivl_74", 2 0, L_0xa18c1d040;  1 drivers
L_0xa18854448 .functor BUFT 1, C4<001>, C4<0>, C4<0>, C4<0>;
v0xa19080dc0_0 .net/2u *"_ivl_76", 2 0, L_0xa18854448;  1 drivers
v0xa19080e60_0 .net *"_ivl_78", 2 0, L_0xa18c1d0e0;  1 drivers
v0xa19080f00_0 .net *"_ivl_8", 0 0, L_0x105507530;  1 drivers
v0xa19080fa0_0 .net *"_ivl_80", 2 0, L_0xa18c3c3c0;  1 drivers
v0xa19081040_0 .net "c1", 0 0, L_0x1055018a0;  1 drivers
v0xa190810e0_0 .net "c2", 0 0, L_0x105507710;  1 drivers
v0xa19081180_0 .net "c3", 0 0, L_0x105504c70;  1 drivers
v0xa19081220_0 .net "game_active", 0 0, v0xa190815e0_0;  1 drivers
v0xa190812c0_0 .net "jump_input", 0 0, v0xa19081720_0;  1 drivers
v0xa19081360_0 .net "jump_velocity", 2 0, L_0xa18c3c280;  alias, 1 drivers
v0xa19081400_0 .net "player_height", 2 0, L_0xa18c3c460;  alias, 1 drivers
v0xa190814a0_0 .net "prev_jump_velocity", 2 0, v0xa19081900_0;  1 drivers
v0xa19081540_0 .net "prev_player_height", 2 0, v0xa190819a0_0;  1 drivers
L_0xa18c1cb40 .concat [ 3 29 0 0], v0xa190819a0_0, L_0xa18854010;
L_0x105507530 .cmp/eq 32, L_0xa18c1cb40, L_0xa18854058;
L_0xa18c1cbe0 .concat [ 3 29 0 0], v0xa19081900_0, L_0xa188540a0;
L_0x1055075d0 .cmp/eq 32, L_0xa18c1cbe0, L_0xa188540e8;
L_0xa18c1cc80 .concat [ 3 29 0 0], v0xa19081900_0, L_0xa18854130;
L_0x105507670 .cmp/gt 32, L_0xa18c1cc80, L_0xa18854178;
L_0xa18c1cd20 .concat [ 3 29 0 0], v0xa19081900_0, L_0xa188541c0;
L_0xa18c3c000 .cmp/eq 32, L_0xa18c1cd20, L_0xa18854208;
L_0xa18c1cdc0 .concat [ 3 29 0 0], v0xa190819a0_0, L_0xa18854250;
L_0xa18c3c0a0 .cmp/gt 32, L_0xa18c1cdc0, L_0xa18854298;
L_0xa18c1ce60 .concat [ 3 29 0 0], v0xa19081900_0, L_0xa18854328;
L_0xa18c1cf00 .arith/sub 32, L_0xa18c1ce60, L_0xa18854370;
L_0xa18c1cfa0 .concat [ 3 29 0 0], v0xa19081900_0, L_0xa188543b8;
L_0xa18c3c140 .functor MUXZ 32, L_0xa18c1cfa0, L_0xa18c1cf00, L_0x105507710, C4<>;
L_0xa18c3c1e0 .functor MUXZ 32, L_0xa18c3c140, L_0xa188542e0, L_0x1055018a0, C4<>;
L_0xa18c3c280 .part L_0xa18c3c1e0, 0, 3;
L_0xa18c1d040 .arith/sum 3, v0xa190819a0_0, L_0xa18854400;
L_0xa18c1d0e0 .arith/sub 3, v0xa190819a0_0, L_0xa18854448;
L_0xa18c3c3c0 .functor MUXZ 3, v0xa190819a0_0, L_0xa18c1d0e0, L_0x105504c70, C4<>;
L_0xa18c3c460 .functor MUXZ 3, L_0xa18c3c3c0, L_0xa18c1d040, L_0x105507710, C4<>;
    .scope S_0x1054fb3c0;
T_0 ;
    %vpi_call 2 25 "$display", "Time(ns) | jump_in | prev_h | prev_v | active | next_h | next_v" {0 0 0};
    %vpi_call 2 26 "$display", "---------------------------------------------------------------" {0 0 0};
    %pushi/vec4 1, 0, 1;
    %store/vec4 v0xa190815e0_0, 0, 1;
    %pushi/vec4 0, 0, 3;
    %store/vec4 v0xa190819a0_0, 0, 3;
    %pushi/vec4 0, 0, 3;
    %store/vec4 v0xa19081900_0, 0, 3;
    %pushi/vec4 1, 0, 1;
    %store/vec4 v0xa19081720_0, 0, 1;
    %delay 10000, 0;
    %vpi_call 2 35 "$display", "%8t | %7b | %6d | %6d | %6b | %6d | %6d", $time, v0xa19081720_0, v0xa190819a0_0, v0xa19081900_0, v0xa190815e0_0, v0xa19081860_0, v0xa190817c0_0 {0 0 0};
    %pushi/vec4 0, 0, 32;
    %store/vec4 v0xa19081680_0, 0, 32;
T_0.0 ;
    %load/vec4 v0xa19081680_0;
    %cmpi/s 6, 0, 32;
    %jmp/0xz T_0.1, 5;
    %load/vec4 v0xa19081860_0;
    %store/vec4 v0xa190819a0_0, 0, 3;
    %load/vec4 v0xa190817c0_0;
    %store/vec4 v0xa19081900_0, 0, 3;
    %load/vec4 v0xa19081680_0;
    %cmpi/e 3, 0, 32;
    %flag_mov 8, 4;
    %jmp/0 T_0.2, 8;
    %pushi/vec4 1, 0, 2;
    %jmp/1 T_0.3, 8;
T_0.2 ; End of true expr.
    %pushi/vec4 0, 0, 2;
    %jmp/0 T_0.3, 8;
 ; End of false expr.
    %blend;
T_0.3;
    %pad/s 1;
    %store/vec4 v0xa19081720_0, 0, 1;
    %delay 10000, 0;
    %vpi_call 2 45 "$display", "%8t | %7b | %6d | %6d | %6b | %6d | %6d", $time, v0xa19081720_0, v0xa190819a0_0, v0xa19081900_0, v0xa190815e0_0, v0xa19081860_0, v0xa190817c0_0 {0 0 0};
    %load/vec4 v0xa19081680_0;
    %addi 1, 0, 32;
    %store/vec4 v0xa19081680_0, 0, 32;
    %jmp T_0.0;
T_0.1 ;
    %pushi/vec4 0, 0, 1;
    %store/vec4 v0xa19081720_0, 0, 1;
    %pushi/vec4 0, 0, 3;
    %store/vec4 v0xa19081900_0, 0, 3;
    %pushi/vec4 2, 0, 3;
    %store/vec4 v0xa190819a0_0, 0, 3;
    %delay 10000, 0;
    %vpi_call 2 53 "$display", "%8t | %7b | %6d | %6d | %6b | %6d | %6d", $time, v0xa19081720_0, v0xa190819a0_0, v0xa19081900_0, v0xa190815e0_0, v0xa19081860_0, v0xa190817c0_0 {0 0 0};
    %pushi/vec4 0, 0, 1;
    %store/vec4 v0xa190815e0_0, 0, 1;
    %load/vec4 v0xa19081860_0;
    %store/vec4 v0xa190819a0_0, 0, 3;
    %load/vec4 v0xa190817c0_0;
    %store/vec4 v0xa19081900_0, 0, 3;
    %pushi/vec4 1, 0, 1;
    %store/vec4 v0xa19081720_0, 0, 1;
    %delay 10000, 0;
    %vpi_call 2 58 "$display", "%8t | %7b | %6d | %6d | %6b | %6d | %6d", $time, v0xa19081720_0, v0xa190819a0_0, v0xa19081900_0, v0xa190815e0_0, v0xa19081860_0, v0xa190817c0_0 {0 0 0};
    %vpi_call 2 61 "$finish" {0 0 0};
    %end;
    .thread T_0;
# The file index is used to find the file name in the following table.
:file_names 4;
    "N/A";
    "<interactive>";
    "tb/tb_Q1_player_control.v";
    "./modules/Q1_player_control.v";
