#! /opt/homebrew/Cellar/icarus-verilog/12.0/bin/vvp
:ivl_version "12.0 (stable)";
:ivl_delay_selection "TYPICAL";
:vpi_time_precision - 12;
:vpi_module "/opt/homebrew/Cellar/icarus-verilog/12.0/lib/ivl/system.vpi";
:vpi_module "/opt/homebrew/Cellar/icarus-verilog/12.0/lib/ivl/vhdl_sys.vpi";
:vpi_module "/opt/homebrew/Cellar/icarus-verilog/12.0/lib/ivl/vhdl_textio.vpi";
:vpi_module "/opt/homebrew/Cellar/icarus-verilog/12.0/lib/ivl/v2005_math.vpi";
:vpi_module "/opt/homebrew/Cellar/icarus-verilog/12.0/lib/ivl/va_math.vpi";
S_0x1037ca980 .scope module, "tb_Q2_collision_detector" "tb_Q2_collision_detector" 2 4;
 .timescale -9 -12;
P_0x7db058440 .param/l "WIDTH" 0 2 6, +C4<00000000000000000000000000010000>;
v0x7db0785a0_0 .net "collision", 0 0, L_0x1037d2d60;  1 drivers
v0x7db078640_0 .var "game_active", 0 0;
v0x7db0786e0_0 .net "game_over", 0 0, L_0x7dac40000;  1 drivers
v0x7db078780_0 .var "obstacles", 15 0;
v0x7db078820_0 .var "player_height", 2 0;
v0x7db0788c0_0 .var "prev_game_over", 0 0;
S_0x1037cab00 .scope module, "uut" "collision_detector" 2 18, 3 2 0, S_0x1037ca980;
 .timescale -9 -12;
    .port_info 0 /INPUT 16 "obstacles";
    .port_info 1 /INPUT 3 "player_height";
    .port_info 2 /INPUT 1 "prev_game_over";
    .port_info 3 /INPUT 1 "game_active";
    .port_info 4 /OUTPUT 1 "collision";
    .port_info 5 /OUTPUT 1 "game_over";
P_0x7dac04240 .param/l "GROUND_LEVEL" 0 3 5, +C4<00000000000000000000000000000000>;
P_0x7dac04280 .param/l "PLAYER_POSITION" 0 3 4, +C4<00000000000000000000000000000010>;
P_0x7dac042c0 .param/l "WORLD_WIDTH" 0 3 3, +C4<00000000000000000000000000010000>;
L_0x1037d2320 .functor AND 1, v0x7db078640_0, L_0x1037d2c20, C4<1>, C4<1>;
L_0x1037d0820 .functor AND 1, L_0x1037d2320, L_0x1037d2cc0, C4<1>, C4<1>;
v0x1037c8680_0 .net *"_ivl_1", 0 0, L_0x1037d2ae0;  1 drivers
v0x1037c8720_0 .net *"_ivl_10", 0 0, L_0x1037d2320;  1 drivers
v0x1037c87c0_0 .net *"_ivl_12", 31 0, L_0x7dac3c000;  1 drivers
L_0x7da8540a0 .functor BUFT 1, C4<00000000000000000000000000000>, C4<0>, C4<0>, C4<0>;
v0x1037c8860_0 .net *"_ivl_15", 28 0, L_0x7da8540a0;  1 drivers
L_0x7da8540e8 .functor BUFT 1, C4<00000000000000000000000000000000>, C4<0>, C4<0>, C4<0>;
v0x1037c8900_0 .net/2u *"_ivl_16", 31 0, L_0x7da8540e8;  1 drivers
v0x1037d1f60_0 .net *"_ivl_18", 0 0, L_0x1037d2cc0;  1 drivers
v0x1037d2000_0 .net *"_ivl_2", 31 0, L_0x1037d2b80;  1 drivers
L_0x7da854130 .functor BUFT 1, C4<1>, C4<0>, C4<0>, C4<0>;
v0x1037d20a0_0 .net/2u *"_ivl_22", 0 0, L_0x7da854130;  1 drivers
L_0x7da854178 .functor BUFT 1, C4<0>, C4<0>, C4<0>, C4<0>;
v0x1037d2140_0 .net/2u *"_ivl_24", 0 0, L_0x7da854178;  1 drivers
L_0x7da8541c0 .functor BUFT 1, C4<1>, C4<0>, C4<0>, C4<0>;
v0x1037d21e0_0 .net/2u *"_ivl_28", 0 0, L_0x7da8541c0;  1 drivers
L_0x7da854010 .functor BUFT 1, C4<0000000000000000000000000000000>, C4<0>, C4<0>, C4<0>;
v0x1037d2280_0 .net *"_ivl_5", 30 0, L_0x7da854010;  1 drivers
L_0x7da854058 .functor BUFT 1, C4<00000000000000000000000000000001>, C4<0>, C4<0>, C4<0>;
v0x7db078000_0 .net/2u *"_ivl_6", 31 0, L_0x7da854058;  1 drivers
v0x7db0780a0_0 .net *"_ivl_8", 0 0, L_0x1037d2c20;  1 drivers
v0x7db078140_0 .net "c1", 0 0, L_0x1037d0820;  1 drivers
v0x7db0781e0_0 .net "collision", 0 0, L_0x1037d2d60;  alias, 1 drivers
v0x7db078280_0 .net "game_active", 0 0, v0x7db078640_0;  1 drivers
v0x7db078320_0 .net "game_over", 0 0, L_0x7dac40000;  alias, 1 drivers
v0x7db0783c0_0 .net "obstacles", 15 0, v0x7db078780_0;  1 drivers
v0x7db078460_0 .net "player_height", 2 0, v0x7db078820_0;  1 drivers
v0x7db078500_0 .net "prev_game_over", 0 0, v0x7db0788c0_0;  1 drivers
L_0x1037d2ae0 .part v0x7db078780_0, 2, 1;
L_0x1037d2b80 .concat [ 1 31 0 0], L_0x1037d2ae0, L_0x7da854010;
L_0x1037d2c20 .cmp/eq 32, L_0x1037d2b80, L_0x7da854058;
L_0x7dac3c000 .concat [ 3 29 0 0], v0x7db078820_0, L_0x7da8540a0;
L_0x1037d2cc0 .cmp/eq 32, L_0x7dac3c000, L_0x7da8540e8;
L_0x1037d2d60 .functor MUXZ 1, L_0x7da854178, L_0x7da854130, L_0x1037d0820, C4<>;
L_0x7dac40000 .functor MUXZ 1, v0x7db0788c0_0, L_0x7da8541c0, L_0x1037d2d60, C4<>;
    .scope S_0x1037ca980;
T_0 ;
    %vpi_call 2 28 "$display", "Time(ns) | obstacles | player_h | prev_GO | active | collision | game_over" {0 0 0};
    %vpi_call 2 29 "$display", "--------------------------------------------------------------------" {0 0 0};
    %pushi/vec4 1, 0, 1;
    %store/vec4 v0x7db078640_0, 0, 1;
    %pushi/vec4 0, 0, 1;
    %store/vec4 v0x7db0788c0_0, 0, 1;
    %pushi/vec4 4, 0, 16;
    %store/vec4 v0x7db078780_0, 0, 16;
    %pushi/vec4 0, 0, 3;
    %store/vec4 v0x7db078820_0, 0, 3;
    %delay 10000, 0;
    %vpi_call 2 34 "$display", "%8t | %016b | %8d | %7b | %6b | %9b | %9b", $time, v0x7db078780_0, v0x7db078820_0, v0x7db0788c0_0, v0x7db078640_0, v0x7db0785a0_0, v0x7db0786e0_0 {0 0 0};
    %pushi/vec4 4, 0, 16;
    %store/vec4 v0x7db078780_0, 0, 16;
    %pushi/vec4 1, 0, 3;
    %store/vec4 v0x7db078820_0, 0, 3;
    %delay 10000, 0;
    %vpi_call 2 38 "$display", "%8t | %016b | %8d | %7b | %6b | %9b | %9b", $time, v0x7db078780_0, v0x7db078820_0, v0x7db0788c0_0, v0x7db078640_0, v0x7db0785a0_0, v0x7db0786e0_0 {0 0 0};
    %pushi/vec4 0, 0, 16;
    %store/vec4 v0x7db078780_0, 0, 16;
    %pushi/vec4 0, 0, 3;
    %store/vec4 v0x7db078820_0, 0, 3;
    %delay 10000, 0;
    %vpi_call 2 42 "$display", "%8t | %016b | %8d | %7b | %6b | %9b | %9b", $time, v0x7db078780_0, v0x7db078820_0, v0x7db0788c0_0, v0x7db078640_0, v0x7db0785a0_0, v0x7db0786e0_0 {0 0 0};
    %pushi/vec4 1, 0, 1;
    %store/vec4 v0x7db0788c0_0, 0, 1;
    %pushi/vec4 0, 0, 16;
    %store/vec4 v0x7db078780_0, 0, 16;
    %pushi/vec4 0, 0, 3;
    %store/vec4 v0x7db078820_0, 0, 3;
    %delay 10000, 0;
    %vpi_call 2 46 "$display", "%8t | %016b | %8d | %7b | %6b | %9b | %9b", $time, v0x7db078780_0, v0x7db078820_0, v0x7db0788c0_0, v0x7db078640_0, v0x7db0785a0_0, v0x7db0786e0_0 {0 0 0};
    %vpi_call 2 48 "$finish" {0 0 0};
    %end;
    .thread T_0;
# The file index is used to find the file name in the following table.
:file_names 4;
    "N/A";
    "<interactive>";
    "tb/tb_Q2_collision_detector.v";
    "./modules/Q2_collision_detector.v";
