#! /opt/homebrew/Cellar/icarus-verilog/12.0/bin/vvp
:ivl_version "12.0 (stable)";
:ivl_delay_selection "TYPICAL";
:vpi_time_precision - 12;
:vpi_module "/opt/homebrew/Cellar/icarus-verilog/12.0/lib/ivl/system.vpi";
:vpi_module "/opt/homebrew/Cellar/icarus-verilog/12.0/lib/ivl/vhdl_sys.vpi";
:vpi_module "/opt/homebrew/Cellar/icarus-verilog/12.0/lib/ivl/vhdl_textio.vpi";
:vpi_module "/opt/homebrew/Cellar/icarus-verilog/12.0/lib/ivl/v2005_math.vpi";
:vpi_module "/opt/homebrew/Cellar/icarus-verilog/12.0/lib/ivl/va_math.vpi";
S_0x102d96310 .scope module, "tb_Q3_score_counter" "tb_Q3_score_counter" 2 4;
 .timescale -9 -12;
P_0x8b9058340 .param/l "WIDTH" 0 2 6, +C4<00000000000000000000000000010000>;
v0x8b9070460_0 .var "game_active", 0 0;
v0x8b9070500_0 .var "obstacles", 15 0;
v0x8b90705a0_0 .var "prev_score", 15 0;
v0x8b9070640_0 .net "score", 15 0, L_0x102d9ee70;  1 drivers
S_0x102d94670 .scope module, "uut" "score_counter" 2 15, 3 2 0, S_0x102d96310;
 .timescale -9 -12;
    .port_info 0 /INPUT 16 "obstacles";
    .port_info 1 /INPUT 16 "prev_score";
    .port_info 2 /INPUT 1 "game_active";
    .port_info 3 /OUTPUT 16 "score";
P_0x8b8c10000 .param/l "POINTS_PER_OBSTACLE" 0 3 4, +C4<00000000000000000000000000001010>;
P_0x8b8c10040 .param/l "WORLD_WIDTH" 0 3 3, +C4<00000000000000000000000000010000>;
L_0x102d94930 .functor AND 1, v0x8b9070460_0, L_0x102d9eb50, C4<1>, C4<1>;
v0x102d947f0_0 .net *"_ivl_1", 0 0, L_0x102d9ea10;  1 drivers
v0x102d94890_0 .net *"_ivl_12", 31 0, L_0x102d9ebf0;  1 drivers
L_0x8b88540a0 .functor BUFT 1, C4<0000000000000000>, C4<0>, C4<0>, C4<0>;
v0x102d9e410_0 .net *"_ivl_15", 15 0, L_0x8b88540a0;  1 drivers
L_0x8b88540e8 .functor BUFT 1, C4<00000000000000000000000000001010>, C4<0>, C4<0>, C4<0>;
v0x102d9e4b0_0 .net/2u *"_ivl_16", 31 0, L_0x8b88540e8;  1 drivers
v0x102d9e550_0 .net *"_ivl_18", 31 0, L_0x102d9ec90;  1 drivers
v0x102d9e5f0_0 .net *"_ivl_2", 31 0, L_0x102d9eab0;  1 drivers
v0x102d9e690_0 .net *"_ivl_20", 31 0, L_0x102d9ed30;  1 drivers
L_0x8b8854130 .functor BUFT 1, C4<0000000000000000>, C4<0>, C4<0>, C4<0>;
v0x102d9e730_0 .net *"_ivl_23", 15 0, L_0x8b8854130;  1 drivers
v0x102d9e7d0_0 .net *"_ivl_24", 31 0, L_0x102d9edd0;  1 drivers
L_0x8b8854010 .functor BUFT 1, C4<0000000000000000000000000000000>, C4<0>, C4<0>, C4<0>;
v0x102d9e870_0 .net *"_ivl_5", 30 0, L_0x8b8854010;  1 drivers
L_0x8b8854058 .functor BUFT 1, C4<00000000000000000000000000000001>, C4<0>, C4<0>, C4<0>;
v0x8b9070000_0 .net/2u *"_ivl_6", 31 0, L_0x8b8854058;  1 drivers
v0x8b90700a0_0 .net *"_ivl_8", 0 0, L_0x102d9eb50;  1 drivers
v0x8b9070140_0 .net "c1", 0 0, L_0x102d94930;  1 drivers
v0x8b90701e0_0 .net "game_active", 0 0, v0x8b9070460_0;  1 drivers
v0x8b9070280_0 .net "obstacles", 15 0, v0x8b9070500_0;  1 drivers
v0x8b9070320_0 .net "prev_score", 15 0, v0x8b90705a0_0;  1 drivers
v0x8b90703c0_0 .net "score", 15 0, L_0x102d9ee70;  alias, 1 drivers
L_0x102d9ea10 .part v0x8b9070500_0, 0, 1;
L_0x102d9eab0 .concat [ 1 31 0 0], L_0x102d9ea10, L_0x8b8854010;
L_0x102d9eb50 .cmp/eq 32, L_0x102d9eab0, L_0x8b8854058;
L_0x102d9ebf0 .concat [ 16 16 0 0], v0x8b90705a0_0, L_0x8b88540a0;
L_0x102d9ec90 .arith/sum 32, L_0x102d9ebf0, L_0x8b88540e8;
L_0x102d9ed30 .concat [ 16 16 0 0], v0x8b90705a0_0, L_0x8b8854130;
L_0x102d9edd0 .functor MUXZ 32, L_0x102d9ed30, L_0x102d9ec90, L_0x102d94930, C4<>;
L_0x102d9ee70 .part L_0x102d9edd0, 0, 16;
    .scope S_0x102d96310;
T_0 ;
    %vpi_call 2 23 "$display", "Time(ns) | obstacles | prev_score | active | next_score" {0 0 0};
    %vpi_call 2 24 "$display", "---------------------------------------------------------" {0 0 0};
    %pushi/vec4 1, 0, 1;
    %store/vec4 v0x8b9070460_0, 0, 1;
    %pushi/vec4 0, 0, 16;
    %store/vec4 v0x8b90705a0_0, 0, 16;
    %pushi/vec4 1, 0, 16;
    %store/vec4 v0x8b9070500_0, 0, 16;
    %delay 10000, 0;
    %vpi_call 2 29 "$display", "%8t | %016b | %10d | %6b | %10d", $time, v0x8b9070500_0, v0x8b90705a0_0, v0x8b9070460_0, v0x8b9070640_0 {0 0 0};
    %pushi/vec4 0, 0, 16;
    %store/vec4 v0x8b9070500_0, 0, 16;
    %load/vec4 v0x8b9070640_0;
    %store/vec4 v0x8b90705a0_0, 0, 16;
    %delay 10000, 0;
    %vpi_call 2 32 "$display", "%8t | %016b | %10d | %6b | %10d", $time, v0x8b9070500_0, v0x8b90705a0_0, v0x8b9070460_0, v0x8b9070640_0 {0 0 0};
    %pushi/vec4 0, 0, 1;
    %store/vec4 v0x8b9070460_0, 0, 1;
    %pushi/vec4 1, 0, 16;
    %store/vec4 v0x8b9070500_0, 0, 16;
    %load/vec4 v0x8b9070640_0;
    %store/vec4 v0x8b90705a0_0, 0, 16;
    %delay 10000, 0;
    %vpi_call 2 36 "$display", "%8t | %016b | %10d | %6b | %10d", $time, v0x8b9070500_0, v0x8b90705a0_0, v0x8b9070460_0, v0x8b9070640_0 {0 0 0};
    %vpi_call 2 38 "$finish" {0 0 0};
    %end;
    .thread T_0;
# The file index is used to find the file name in the following table.
:file_names 4;
    "N/A";
    "<interactive>";
    "tb/tb_Q3_score_counter.v";
    "./modules/Q3_score_counter.v";
