#! /opt/homebrew/Cellar/icarus-verilog/12.0/bin/vvp
:ivl_version "12.0 (stable)";
:ivl_delay_selection "TYPICAL";
:vpi_time_precision - 12;
:vpi_module "/opt/homebrew/Cellar/icarus-verilog/12.0/lib/ivl/system.vpi";
:vpi_module "/opt/homebrew/Cellar/icarus-verilog/12.0/lib/ivl/vhdl_sys.vpi";
:vpi_module "/opt/homebrew/Cellar/icarus-verilog/12.0/lib/ivl/vhdl_textio.vpi";
:vpi_module "/opt/homebrew/Cellar/icarus-verilog/12.0/lib/ivl/v2005_math.vpi";
:vpi_module "/opt/homebrew/Cellar/icarus-verilog/12.0/lib/ivl/va_math.vpi";
S_0x1008b27d0 .scope module, "tb_universal_shift_register" "tb_universal_shift_register" 2 4;
 .timescale -9 -12;
P_0xa8f000140 .param/l "WIDTH" 0 2 6, +C4<00000000000000000000000000001000>;
v0xa8ec64320_0 .var "data_in", 7 0;
v0xa8ec643c0_0 .net "data_out", 7 0, L_0x1008b7f90;  1 drivers
v0xa8ec64460_0 .var "expected", 7 0;
v0xa8ec64500_0 .var "mode", 1 0;
v0xa8ec645a0_0 .var "parallel_in", 7 0;
v0xa8ec64640_0 .var "serial_in_left", 0 0;
v0xa8ec646e0_0 .var "serial_in_right", 0 0;
S_0x1008b2950 .scope module, "uut" "universal_shift_register" 2 19, 3 5 0, S_0x1008b27d0;
 .timescale -9 -12;
    .port_info 0 /INPUT 8 "data_in";
    .port_info 1 /INPUT 8 "parallel_in";
    .port_info 2 /INPUT 1 "serial_in_left";
    .port_info 3 /INPUT 1 "serial_in_right";
    .port_info 4 /INPUT 2 "mode";
    .port_info 5 /OUTPUT 8 "data_out";
P_0xa8f000180 .param/l "WIDTH" 0 3 6, +C4<00000000000000000000000000001000>;
L_0x1008b7f90 .functor BUFZ 8, v0xa8ec64000_0, C4<00000000>, C4<00000000>, C4<00000000>;
L_0xa8e854010 .functor BUFT 1, C4<xxxxxxxx>, C4<0>, C4<0>, C4<0>;
v0x1008b7c20_0 .net *"_ivl_0", 7 0, L_0xa8e854010;  1 drivers
v0x1008b7cc0_0 .net "data_in", 7 0, v0xa8ec64320_0;  1 drivers
v0x1008b7d60_0 .net "data_out", 7 0, L_0x1008b7f90;  alias, 1 drivers
v0x1008b7e00_0 .net "mode", 1 0, v0xa8ec64500_0;  1 drivers
v0xa8ec64000_0 .var "next_data", 7 0;
v0xa8ec640a0_0 .net "parallel_in", 7 0, v0xa8ec645a0_0;  1 drivers
v0xa8ec64140_0 .net "serial_in_left", 0 0, v0xa8ec64640_0;  1 drivers
v0xa8ec641e0_0 .net "serial_in_right", 0 0, v0xa8ec646e0_0;  1 drivers
v0xa8ec64280_0 .net "valid_data", 0 0, L_0x1008bdc10;  1 drivers
E_0xa8f040b00/0 .event anyedge, v0xa8ec64280_0, v0x1008b7e00_0, v0x1008b7cc0_0, v0xa8ec64140_0;
E_0xa8f040b00/1 .event anyedge, v0xa8ec641e0_0, v0xa8ec640a0_0;
E_0xa8f040b00 .event/or E_0xa8f040b00/0, E_0xa8f040b00/1;
L_0x1008bdc10 .cmp/nee 8, v0xa8ec64320_0, L_0xa8e854010;
    .scope S_0x1008b2950;
T_0 ;
    %wait E_0xa8f040b00;
    %load/vec4 v0xa8ec64280_0;
    %flag_set/vec4 8;
    %jmp/0xz  T_0.0, 8;
    %load/vec4 v0x1008b7e00_0;
    %dup/vec4;
    %pushi/vec4 0, 0, 2;
    %cmp/u;
    %jmp/1 T_0.2, 6;
    %dup/vec4;
    %pushi/vec4 1, 0, 2;
    %cmp/u;
    %jmp/1 T_0.3, 6;
    %dup/vec4;
    %pushi/vec4 2, 0, 2;
    %cmp/u;
    %jmp/1 T_0.4, 6;
    %dup/vec4;
    %pushi/vec4 3, 0, 2;
    %cmp/u;
    %jmp/1 T_0.5, 6;
    %jmp T_0.6;
T_0.2 ;
    %load/vec4 v0x1008b7cc0_0;
    %store/vec4 v0xa8ec64000_0, 0, 8;
    %jmp T_0.6;
T_0.3 ;
    %load/vec4 v0x1008b7cc0_0;
    %ix/load 4, 1, 0;
    %flag_set/imm 4, 0;
    %shiftr 4;
    %store/vec4 v0xa8ec64000_0, 0, 8;
    %load/vec4 v0xa8ec64140_0;
    %ix/load 4, 7, 0;
    %flag_set/imm 4, 0;
    %store/vec4 v0xa8ec64000_0, 4, 1;
    %jmp T_0.6;
T_0.4 ;
    %load/vec4 v0x1008b7cc0_0;
    %ix/load 4, 1, 0;
    %flag_set/imm 4, 0;
    %shiftl 4;
    %store/vec4 v0xa8ec64000_0, 0, 8;
    %load/vec4 v0xa8ec641e0_0;
    %ix/load 4, 0, 0;
    %flag_set/imm 4, 0;
    %store/vec4 v0xa8ec64000_0, 4, 1;
    %jmp T_0.6;
T_0.5 ;
    %load/vec4 v0xa8ec640a0_0;
    %store/vec4 v0xa8ec64000_0, 0, 8;
    %jmp T_0.6;
T_0.6 ;
    %pop/vec4 1;
    %jmp T_0.1;
T_0.0 ;
    %pushi/vec4 0, 0, 8;
    %store/vec4 v0xa8ec64000_0, 0, 8;
T_0.1 ;
    %jmp T_0;
    .thread T_0, $push;
    .scope S_0x1008b27d0;
T_1 ;
    %vpi_call 2 33 "$display", "Time | mode | data_in   | parallel_in | S_in_L | S_in_R | data_out | expected | Correct/Wrong" {0 0 0};
    %vpi_call 2 34 "$display", "-------------------------------------------------------------------------------" {0 0 0};
    %pushi/vec4 170, 0, 8;
    %store/vec4 v0xa8ec64320_0, 0, 8;
    %pushi/vec4 240, 0, 8;
    %store/vec4 v0xa8ec645a0_0, 0, 8;
    %pushi/vec4 0, 0, 1;
    %store/vec4 v0xa8ec64640_0, 0, 1;
    %pushi/vec4 0, 0, 1;
    %store/vec4 v0xa8ec646e0_0, 0, 1;
    %pushi/vec4 0, 0, 2;
    %store/vec4 v0xa8ec64500_0, 0, 2;
    %delay 10000, 0;
    %load/vec4 v0xa8ec64320_0;
    %store/vec4 v0xa8ec64460_0, 0, 8;
    %load/vec4 v0xa8ec643c0_0;
    %load/vec4 v0xa8ec64460_0;
    %cmp/e;
    %flag_mov 8, 6;
    %jmp/0 T_1.0, 8;
    %pushi/vec4 1131377266, 0, 32; draw_string_vec4
    %pushi/vec4 6644596, 0, 24; draw_string_vec4
    %concat/vec4; draw_string_vec4
    %jmp/1 T_1.1, 8;
T_1.0 ; End of true expr.
    %pushi/vec4 22386, 0, 32; draw_string_vec4
    %pushi/vec4 7302759, 0, 24; draw_string_vec4
    %concat/vec4; draw_string_vec4
    %jmp/0 T_1.1, 8;
 ; End of false expr.
    %blend;
T_1.1;
    %vpi_call 2 39 "$display", "%4t | 00   | %b | %b | %b      | %b      | %b | %b | %s", $time, v0xa8ec64320_0, v0xa8ec645a0_0, v0xa8ec64640_0, v0xa8ec646e0_0, v0xa8ec643c0_0, v0xa8ec64460_0, S<0,vec4,u56> {1 0 0};
    %pushi/vec4 170, 0, 8;
    %store/vec4 v0xa8ec64320_0, 0, 8;
    %pushi/vec4 1, 0, 1;
    %store/vec4 v0xa8ec64640_0, 0, 1;
    %pushi/vec4 1, 0, 2;
    %store/vec4 v0xa8ec64500_0, 0, 2;
    %delay 10000, 0;
    %load/vec4 v0xa8ec64640_0;
    %load/vec4 v0xa8ec64320_0;
    %parti/s 7, 1, 2;
    %concat/vec4; draw_concat_vec4
    %store/vec4 v0xa8ec64460_0, 0, 8;
    %load/vec4 v0xa8ec643c0_0;
    %load/vec4 v0xa8ec64460_0;
    %cmp/e;
    %flag_mov 8, 6;
    %jmp/0 T_1.2, 8;
    %pushi/vec4 1131377266, 0, 32; draw_string_vec4
    %pushi/vec4 6644596, 0, 24; draw_string_vec4
    %concat/vec4; draw_string_vec4
    %jmp/1 T_1.3, 8;
T_1.2 ; End of true expr.
    %pushi/vec4 22386, 0, 32; draw_string_vec4
    %pushi/vec4 7302759, 0, 24; draw_string_vec4
    %concat/vec4; draw_string_vec4
    %jmp/0 T_1.3, 8;
 ; End of false expr.
    %blend;
T_1.3;
    %vpi_call 2 46 "$display", "%4t | 01   | %b | %b | %b      | %b      | %b | %b | %s", $time, v0xa8ec64320_0, v0xa8ec645a0_0, v0xa8ec64640_0, v0xa8ec646e0_0, v0xa8ec643c0_0, v0xa8ec64460_0, S<0,vec4,u56> {1 0 0};
    %pushi/vec4 170, 0, 8;
    %store/vec4 v0xa8ec64320_0, 0, 8;
    %pushi/vec4 0, 0, 1;
    %store/vec4 v0xa8ec646e0_0, 0, 1;
    %pushi/vec4 2, 0, 2;
    %store/vec4 v0xa8ec64500_0, 0, 2;
    %delay 10000, 0;
    %load/vec4 v0xa8ec64320_0;
    %parti/s 7, 0, 2;
    %load/vec4 v0xa8ec646e0_0;
    %concat/vec4; draw_concat_vec4
    %store/vec4 v0xa8ec64460_0, 0, 8;
    %load/vec4 v0xa8ec643c0_0;
    %load/vec4 v0xa8ec64460_0;
    %cmp/e;
    %flag_mov 8, 6;
    %jmp/0 T_1.4, 8;
    %pushi/vec4 1131377266, 0, 32; draw_string_vec4
    %pushi/vec4 6644596, 0, 24; draw_string_vec4
    %concat/vec4; draw_string_vec4
    %jmp/1 T_1.5, 8;
T_1.4 ; End of true expr.
    %pushi/vec4 22386, 0, 32; draw_string_vec4
    %pushi/vec4 7302759, 0, 24; draw_string_vec4
    %concat/vec4; draw_string_vec4
    %jmp/0 T_1.5, 8;
 ; End of false expr.
    %blend;
T_1.5;
    %vpi_call 2 53 "$display", "%4t | 10   | %b | %b | %b      | %b      | %b | %b | %s", $time, v0xa8ec64320_0, v0xa8ec645a0_0, v0xa8ec64640_0, v0xa8ec646e0_0, v0xa8ec643c0_0, v0xa8ec64460_0, S<0,vec4,u56> {1 0 0};
    %pushi/vec4 85, 0, 8;
    %store/vec4 v0xa8ec645a0_0, 0, 8;
    %pushi/vec4 3, 0, 2;
    %store/vec4 v0xa8ec64500_0, 0, 2;
    %delay 10000, 0;
    %load/vec4 v0xa8ec645a0_0;
    %store/vec4 v0xa8ec64460_0, 0, 8;
    %load/vec4 v0xa8ec643c0_0;
    %load/vec4 v0xa8ec64460_0;
    %cmp/e;
    %flag_mov 8, 6;
    %jmp/0 T_1.6, 8;
    %pushi/vec4 1131377266, 0, 32; draw_string_vec4
    %pushi/vec4 6644596, 0, 24; draw_string_vec4
    %concat/vec4; draw_string_vec4
    %jmp/1 T_1.7, 8;
T_1.6 ; End of true expr.
    %pushi/vec4 22386, 0, 32; draw_string_vec4
    %pushi/vec4 7302759, 0, 24; draw_string_vec4
    %concat/vec4; draw_string_vec4
    %jmp/0 T_1.7, 8;
 ; End of false expr.
    %blend;
T_1.7;
    %vpi_call 2 60 "$display", "%4t | 11   | %b | %b | %b      | %b      | %b | %b | %s", $time, v0xa8ec64320_0, v0xa8ec645a0_0, v0xa8ec64640_0, v0xa8ec646e0_0, v0xa8ec643c0_0, v0xa8ec64460_0, S<0,vec4,u56> {1 0 0};
    %vpi_call 2 64 "$finish" {0 0 0};
    %end;
    .thread T_1;
# The file index is used to find the file name in the following table.
:file_names 4;
    "N/A";
    "<interactive>";
    "tb/tb_Q4_universal_shift_register.v";
    "./modules/Q4_universal_shift_register.v";
