#! /opt/homebrew/Cellar/icarus-verilog/12.0/bin/vvp
:ivl_version "12.0 (stable)";
:ivl_delay_selection "TYPICAL";
:vpi_time_precision - 12;
:vpi_module "/opt/homebrew/Cellar/icarus-verilog/12.0/lib/ivl/system.vpi";
:vpi_module "/opt/homebrew/Cellar/icarus-verilog/12.0/lib/ivl/vhdl_sys.vpi";
:vpi_module "/opt/homebrew/Cellar/icarus-verilog/12.0/lib/ivl/vhdl_textio.vpi";
:vpi_module "/opt/homebrew/Cellar/icarus-verilog/12.0/lib/ivl/v2005_math.vpi";
:vpi_module "/opt/homebrew/Cellar/icarus-verilog/12.0/lib/ivl/va_math.vpi";
S_0x1029421c0 .scope module, "tb_obstacle_spawner" "tb_obstacle_spawner" 2 4;
 .timescale -9 -12;
P_0x742c18000 .param/l "SPAWN_INTERVAL" 0 2 7, +C4<00000000000000000000000000001000>;
P_0x742c18040 .param/l "WORLD_WIDTH" 0 2 6, +C4<00000000000000000000000000010000>;
v0x742c3cd20_0 .var "expected_frame", 3 0;
v0x742c3cdc0_0 .var "expected_spawn", 0 0;
v0x742c3ce60_0 .net "frame_count", 3 0, L_0x743090280;  1 drivers
v0x742c3cf00_0 .var "game_active", 0 0;
v0x742c3cfa0_0 .var "obstacles_in", 15 0;
v0x742c3d040_0 .var "prev_frame_count", 3 0;
v0x742c3d0e0_0 .net "spawn_obstacle", 0 0, L_0x102940130;  1 drivers
S_0x102942340 .scope module, "uut" "obstacle_spawner" 2 20, 3 3 0, S_0x1029421c0;
 .timescale -9 -12;
    .port_info 0 /INPUT 16 "obstacles_in";
    .port_info 1 /INPUT 4 "prev_frame_count";
    .port_info 2 /INPUT 1 "game_active";
    .port_info 3 /OUTPUT 1 "spawn_obstacle";
    .port_info 4 /OUTPUT 4 "frame_count";
P_0x742c18080 .param/l "SPAWN_INTERVAL" 0 3 5, +C4<00000000000000000000000000001000>;
P_0x742c180c0 .param/l "WORLD_WIDTH" 0 3 4, +C4<00000000000000000000000000010000>;
L_0x1029424c0 .functor AND 1, v0x742c3cf00_0, L_0x743090000, C4<1>, C4<1>;
L_0x7428540a0 .functor BUFT 1, C4<0>, C4<0>, C4<0>, C4<0>;
L_0x102949e40 .functor XNOR 1, L_0x7430900a0, L_0x7428540a0, C4<0>, C4<0>;
L_0x102940050 .functor AND 1, L_0x1029424c0, L_0x102949e40, C4<1>, C4<1>;
L_0x7428540e8 .functor BUFT 1, C4<0>, C4<0>, C4<0>, C4<0>;
L_0x1029400c0 .functor XNOR 1, L_0x743090140, L_0x7428540e8, C4<0>, C4<0>;
L_0x102940130 .functor AND 1, L_0x102940050, L_0x1029400c0, C4<1>, C4<1>;
v0x742c3c000_0 .net *"_ivl_0", 31 0, L_0x10293ffb0;  1 drivers
v0x742c3c0a0_0 .net *"_ivl_11", 0 0, L_0x7430900a0;  1 drivers
v0x742c3c140_0 .net/2u *"_ivl_12", 0 0, L_0x7428540a0;  1 drivers
v0x742c3c1e0_0 .net *"_ivl_14", 0 0, L_0x102949e40;  1 drivers
v0x742c3c280_0 .net *"_ivl_17", 0 0, L_0x102940050;  1 drivers
v0x742c3c320_0 .net *"_ivl_19", 0 0, L_0x743090140;  1 drivers
v0x742c3c3c0_0 .net/2u *"_ivl_20", 0 0, L_0x7428540e8;  1 drivers
v0x742c3c460_0 .net *"_ivl_22", 0 0, L_0x1029400c0;  1 drivers
L_0x742854130 .functor BUFT 1, C4<0000>, C4<0>, C4<0>, C4<0>;
v0x742c3c500_0 .net/2u *"_ivl_26", 3 0, L_0x742854130;  1 drivers
L_0x742854178 .functor BUFT 1, C4<0001>, C4<0>, C4<0>, C4<0>;
v0x742c3c5a0_0 .net/2u *"_ivl_28", 3 0, L_0x742854178;  1 drivers
L_0x742854010 .functor BUFT 1, C4<0000000000000000000000000000>, C4<0>, C4<0>, C4<0>;
v0x742c3c640_0 .net *"_ivl_3", 27 0, L_0x742854010;  1 drivers
v0x742c3c6e0_0 .net *"_ivl_30", 3 0, L_0x10294b570;  1 drivers
v0x742c3c780_0 .net *"_ivl_32", 3 0, L_0x7430901e0;  1 drivers
L_0x742854058 .functor BUFT 1, C4<00000000000000000000000000001000>, C4<0>, C4<0>, C4<0>;
v0x742c3c820_0 .net/2u *"_ivl_4", 31 0, L_0x742854058;  1 drivers
v0x742c3c8c0_0 .net *"_ivl_6", 0 0, L_0x743090000;  1 drivers
v0x742c3c960_0 .net *"_ivl_9", 0 0, L_0x1029424c0;  1 drivers
v0x742c3ca00_0 .net "frame_count", 3 0, L_0x743090280;  alias, 1 drivers
v0x742c3caa0_0 .net "game_active", 0 0, v0x742c3cf00_0;  1 drivers
v0x742c3cb40_0 .net "obstacles_in", 15 0, v0x742c3cfa0_0;  1 drivers
v0x742c3cbe0_0 .net "prev_frame_count", 3 0, v0x742c3d040_0;  1 drivers
v0x742c3cc80_0 .net "spawn_obstacle", 0 0, L_0x102940130;  alias, 1 drivers
L_0x10293ffb0 .concat [ 4 28 0 0], v0x742c3d040_0, L_0x742854010;
L_0x743090000 .cmp/ge 32, L_0x10293ffb0, L_0x742854058;
L_0x7430900a0 .part v0x742c3cfa0_0, 15, 1;
L_0x743090140 .part v0x742c3cfa0_0, 14, 1;
L_0x10294b570 .arith/sum 4, v0x742c3d040_0, L_0x742854178;
L_0x7430901e0 .functor MUXZ 4, L_0x10294b570, L_0x742854130, L_0x102940130, C4<>;
L_0x743090280 .functor MUXZ 4, v0x742c3d040_0, L_0x7430901e0, v0x742c3cf00_0, C4<>;
    .scope S_0x1029421c0;
T_0 ;
    %vpi_call 2 33 "$display", "Time | active | obstacles           | prev_count | spawn_obstacle | frame_count | Correct/Wrong" {0 0 0};
    %vpi_call 2 34 "$display", "---------------------------------------------------------------------------------------------" {0 0 0};
    %pushi/vec4 0, 0, 16;
    %store/vec4 v0x742c3cfa0_0, 0, 16;
    %pushi/vec4 5, 0, 4;
    %store/vec4 v0x742c3d040_0, 0, 4;
    %pushi/vec4 1, 0, 1;
    %store/vec4 v0x742c3cf00_0, 0, 1;
    %delay 10000, 0;
    %pushi/vec4 0, 0, 1;
    %store/vec4 v0x742c3cdc0_0, 0, 1;
    %load/vec4 v0x742c3d040_0;
    %addi 1, 0, 4;
    %store/vec4 v0x742c3cd20_0, 0, 4;
    %load/vec4 v0x742c3d0e0_0;
    %load/vec4 v0x742c3cdc0_0;
    %cmp/e;
    %flag_get/vec4 6;
    %jmp/0 T_0.2, 6;
    %load/vec4 v0x742c3ce60_0;
    %load/vec4 v0x742c3cd20_0;
    %cmp/e;
    %flag_get/vec4 6;
    %and;
T_0.2;
    %flag_set/vec4 8;
    %jmp/0 T_0.0, 8;
    %pushi/vec4 1131377266, 0, 32; draw_string_vec4
    %pushi/vec4 6644596, 0, 24; draw_string_vec4
    %concat/vec4; draw_string_vec4
    %jmp/1 T_0.1, 8;
T_0.0 ; End of true expr.
    %pushi/vec4 22386, 0, 32; draw_string_vec4
    %pushi/vec4 7302759, 0, 24; draw_string_vec4
    %concat/vec4; draw_string_vec4
    %jmp/0 T_0.1, 8;
 ; End of false expr.
    %blend;
T_0.1;
    %vpi_call 2 40 "$display", "%4t | %b      | %b | %d          | %b             | %d          | %s", $time, v0x742c3cf00_0, v0x742c3cfa0_0, v0x742c3d040_0, v0x742c3d0e0_0, v0x742c3ce60_0, S<0,vec4,u56> {1 0 0};
    %pushi/vec4 0, 0, 16;
    %store/vec4 v0x742c3cfa0_0, 0, 16;
    %pushi/vec4 8, 0, 4;
    %store/vec4 v0x742c3d040_0, 0, 4;
    %pushi/vec4 1, 0, 1;
    %store/vec4 v0x742c3cf00_0, 0, 1;
    %delay 10000, 0;
    %pushi/vec4 1, 0, 1;
    %store/vec4 v0x742c3cdc0_0, 0, 1;
    %pushi/vec4 0, 0, 4;
    %store/vec4 v0x742c3cd20_0, 0, 4;
    %load/vec4 v0x742c3d0e0_0;
    %load/vec4 v0x742c3cdc0_0;
    %cmp/e;
    %flag_get/vec4 6;
    %jmp/0 T_0.5, 6;
    %load/vec4 v0x742c3ce60_0;
    %load/vec4 v0x742c3cd20_0;
    %cmp/e;
    %flag_get/vec4 6;
    %and;
T_0.5;
    %flag_set/vec4 8;
    %jmp/0 T_0.3, 8;
    %pushi/vec4 1131377266, 0, 32; draw_string_vec4
    %pushi/vec4 6644596, 0, 24; draw_string_vec4
    %concat/vec4; draw_string_vec4
    %jmp/1 T_0.4, 8;
T_0.3 ; End of true expr.
    %pushi/vec4 22386, 0, 32; draw_string_vec4
    %pushi/vec4 7302759, 0, 24; draw_string_vec4
    %concat/vec4; draw_string_vec4
    %jmp/0 T_0.4, 8;
 ; End of false expr.
    %blend;
T_0.4;
    %vpi_call 2 48 "$display", "%4t | %b      | %b | %d          | %b             | %d          | %s", $time, v0x742c3cf00_0, v0x742c3cfa0_0, v0x742c3d040_0, v0x742c3d0e0_0, v0x742c3ce60_0, S<0,vec4,u56> {1 0 0};
    %pushi/vec4 49152, 0, 16;
    %store/vec4 v0x742c3cfa0_0, 0, 16;
    %pushi/vec4 8, 0, 4;
    %store/vec4 v0x742c3d040_0, 0, 4;
    %pushi/vec4 1, 0, 1;
    %store/vec4 v0x742c3cf00_0, 0, 1;
    %delay 10000, 0;
    %pushi/vec4 0, 0, 1;
    %store/vec4 v0x742c3cdc0_0, 0, 1;
    %load/vec4 v0x742c3d040_0;
    %addi 1, 0, 4;
    %store/vec4 v0x742c3cd20_0, 0, 4;
    %load/vec4 v0x742c3d0e0_0;
    %load/vec4 v0x742c3cdc0_0;
    %cmp/e;
    %flag_get/vec4 6;
    %jmp/0 T_0.8, 6;
    %load/vec4 v0x742c3ce60_0;
    %load/vec4 v0x742c3cd20_0;
    %cmp/e;
    %flag_get/vec4 6;
    %and;
T_0.8;
    %flag_set/vec4 8;
    %jmp/0 T_0.6, 8;
    %pushi/vec4 1131377266, 0, 32; draw_string_vec4
    %pushi/vec4 6644596, 0, 24; draw_string_vec4
    %concat/vec4; draw_string_vec4
    %jmp/1 T_0.7, 8;
T_0.6 ; End of true expr.
    %pushi/vec4 22386, 0, 32; draw_string_vec4
    %pushi/vec4 7302759, 0, 24; draw_string_vec4
    %concat/vec4; draw_string_vec4
    %jmp/0 T_0.7, 8;
 ; End of false expr.
    %blend;
T_0.7;
    %vpi_call 2 56 "$display", "%4t | %b      | %b | %d          | %b             | %d          | %s", $time, v0x742c3cf00_0, v0x742c3cfa0_0, v0x742c3d040_0, v0x742c3d0e0_0, v0x742c3ce60_0, S<0,vec4,u56> {1 0 0};
    %pushi/vec4 0, 0, 16;
    %store/vec4 v0x742c3cfa0_0, 0, 16;
    %pushi/vec4 8, 0, 4;
    %store/vec4 v0x742c3d040_0, 0, 4;
    %pushi/vec4 0, 0, 1;
    %store/vec4 v0x742c3cf00_0, 0, 1;
    %delay 10000, 0;
    %pushi/vec4 0, 0, 1;
    %store/vec4 v0x742c3cdc0_0, 0, 1;
    %load/vec4 v0x742c3d040_0;
    %store/vec4 v0x742c3cd20_0, 0, 4;
    %load/vec4 v0x742c3d0e0_0;
    %load/vec4 v0x742c3cdc0_0;
    %cmp/e;
    %flag_get/vec4 6;
    %jmp/0 T_0.11, 6;
    %load/vec4 v0x742c3ce60_0;
    %load/vec4 v0x742c3cd20_0;
    %cmp/e;
    %flag_get/vec4 6;
    %and;
T_0.11;
    %flag_set/vec4 8;
    %jmp/0 T_0.9, 8;
    %pushi/vec4 1131377266, 0, 32; draw_string_vec4
    %pushi/vec4 6644596, 0, 24; draw_string_vec4
    %concat/vec4; draw_string_vec4
    %jmp/1 T_0.10, 8;
T_0.9 ; End of true expr.
    %pushi/vec4 22386, 0, 32; draw_string_vec4
    %pushi/vec4 7302759, 0, 24; draw_string_vec4
    %concat/vec4; draw_string_vec4
    %jmp/0 T_0.10, 8;
 ; End of false expr.
    %blend;
T_0.10;
    %vpi_call 2 64 "$display", "%4t | %b      | %b | %d          | %b             | %d          | %s", $time, v0x742c3cf00_0, v0x742c3cfa0_0, v0x742c3d040_0, v0x742c3d0e0_0, v0x742c3ce60_0, S<0,vec4,u56> {1 0 0};
    %pushi/vec4 0, 0, 16;
    %store/vec4 v0x742c3cfa0_0, 0, 16;
    %pushi/vec4 0, 0, 4;
    %store/vec4 v0x742c3d040_0, 0, 4;
    %pushi/vec4 1, 0, 1;
    %store/vec4 v0x742c3cf00_0, 0, 1;
    %delay 10000, 0;
    %pushi/vec4 0, 0, 1;
    %store/vec4 v0x742c3cdc0_0, 0, 1;
    %pushi/vec4 1, 0, 4;
    %store/vec4 v0x742c3cd20_0, 0, 4;
    %load/vec4 v0x742c3d0e0_0;
    %load/vec4 v0x742c3cdc0_0;
    %cmp/e;
    %flag_get/vec4 6;
    %jmp/0 T_0.14, 6;
    %load/vec4 v0x742c3ce60_0;
    %load/vec4 v0x742c3cd20_0;
    %cmp/e;
    %flag_get/vec4 6;
    %and;
T_0.14;
    %flag_set/vec4 8;
    %jmp/0 T_0.12, 8;
    %pushi/vec4 1131377266, 0, 32; draw_string_vec4
    %pushi/vec4 6644596, 0, 24; draw_string_vec4
    %concat/vec4; draw_string_vec4
    %jmp/1 T_0.13, 8;
T_0.12 ; End of true expr.
    %pushi/vec4 22386, 0, 32; draw_string_vec4
    %pushi/vec4 7302759, 0, 24; draw_string_vec4
    %concat/vec4; draw_string_vec4
    %jmp/0 T_0.13, 8;
 ; End of false expr.
    %blend;
T_0.13;
    %vpi_call 2 72 "$display", "%4t | %b      | %b | %d          | %b             | %d          | %s", $time, v0x742c3cf00_0, v0x742c3cfa0_0, v0x742c3d040_0, v0x742c3d0e0_0, v0x742c3ce60_0, S<0,vec4,u56> {1 0 0};
    %pushi/vec4 16384, 0, 16;
    %store/vec4 v0x742c3cfa0_0, 0, 16;
    %pushi/vec4 8, 0, 4;
    %store/vec4 v0x742c3d040_0, 0, 4;
    %pushi/vec4 1, 0, 1;
    %store/vec4 v0x742c3cf00_0, 0, 1;
    %delay 10000, 0;
    %pushi/vec4 0, 0, 1;
    %store/vec4 v0x742c3cdc0_0, 0, 1;
    %load/vec4 v0x742c3d040_0;
    %addi 1, 0, 4;
    %store/vec4 v0x742c3cd20_0, 0, 4;
    %load/vec4 v0x742c3d0e0_0;
    %load/vec4 v0x742c3cdc0_0;
    %cmp/e;
    %flag_get/vec4 6;
    %jmp/0 T_0.17, 6;
    %load/vec4 v0x742c3ce60_0;
    %load/vec4 v0x742c3cd20_0;
    %cmp/e;
    %flag_get/vec4 6;
    %and;
T_0.17;
    %flag_set/vec4 8;
    %jmp/0 T_0.15, 8;
    %pushi/vec4 1131377266, 0, 32; draw_string_vec4
    %pushi/vec4 6644596, 0, 24; draw_string_vec4
    %concat/vec4; draw_string_vec4
    %jmp/1 T_0.16, 8;
T_0.15 ; End of true expr.
    %pushi/vec4 22386, 0, 32; draw_string_vec4
    %pushi/vec4 7302759, 0, 24; draw_string_vec4
    %concat/vec4; draw_string_vec4
    %jmp/0 T_0.16, 8;
 ; End of false expr.
    %blend;
T_0.16;
    %vpi_call 2 80 "$display", "%4t | %b      | %b | %d          | %b             | %d          | %s", $time, v0x742c3cf00_0, v0x742c3cfa0_0, v0x742c3d040_0, v0x742c3d0e0_0, v0x742c3ce60_0, S<0,vec4,u56> {1 0 0};
    %vpi_call 2 84 "$finish" {0 0 0};
    %end;
    .thread T_0;
# The file index is used to find the file name in the following table.
:file_names 4;
    "N/A";
    "<interactive>";
    "tb/tb_Q5_obstacle_spawner.v";
    "./modules/Q5_obstacle_spawner.v";
