#! /opt/homebrew/Cellar/icarus-verilog/12.0/bin/vvp
:ivl_version "12.0 (stable)";
:ivl_delay_selection "TYPICAL";
:vpi_time_precision - 12;
:vpi_module "/opt/homebrew/Cellar/icarus-verilog/12.0/lib/ivl/system.vpi";
:vpi_module "/opt/homebrew/Cellar/icarus-verilog/12.0/lib/ivl/vhdl_sys.vpi";
:vpi_module "/opt/homebrew/Cellar/icarus-verilog/12.0/lib/ivl/vhdl_textio.vpi";
:vpi_module "/opt/homebrew/Cellar/icarus-verilog/12.0/lib/ivl/v2005_math.vpi";
:vpi_module "/opt/homebrew/Cellar/icarus-verilog/12.0/lib/ivl/va_math.vpi";
S_0x14ce0adb0 .scope module, "tb_saturating_counter" "tb_saturating_counter" 2 4;
 .timescale -9 -12;
v0x14ce31500_0 .net "at_max", 0 0, L_0x14ce31ed0;  1 drivers
v0x14ce315c0_0 .var "clk", 0 0;
v0x14ce31650_0 .var "clr", 0 0;
v0x14ce31700_0 .var/i "combo", 31 0;
v0x14ce31790_0 .net "count", 1 0, v0x14ce311a0_0;  1 drivers
v0x14ce31860_0 .var "expected", 1 0;
v0x14ce318f0_0 .var "inc_double", 0 0;
v0x14ce319a0_0 .var "inc_single", 0 0;
v0x14ce31a50_0 .var "prev_expected", 1 0;
v0x14ce31b60_0 .var/i "round", 31 0;
v0x14ce31c10_0 .var "rst_n", 0 0;
v0x14ce31cc0_0 .var "sum", 2 0;
E_0x14ce18ed0 .event posedge, v0x14ce31030_0;
E_0x14ce0b570 .event negedge, v0x14ce31030_0;
S_0x14ce0af20 .scope module, "uut" "saturating_counter" 2 14, 3 1 0, S_0x14ce0adb0;
 .timescale -9 -12;
    .port_info 0 /INPUT 1 "clk";
    .port_info 1 /INPUT 1 "rst_n";
    .port_info 2 /INPUT 1 "inc_single";
    .port_info 3 /INPUT 1 "inc_double";
    .port_info 4 /INPUT 1 "clr";
    .port_info 5 /OUTPUT 2 "count";
    .port_info 6 /OUTPUT 1 "at_max";
L_0x14ce31ed0 .functor AND 1, L_0x14ce31d50, L_0x14ce31e30, C4<1>, C4<1>;
v0x14ce1c160_0 .net *"_ivl_1", 0 0, L_0x14ce31d50;  1 drivers
v0x14ce30ee0_0 .net *"_ivl_3", 0 0, L_0x14ce31e30;  1 drivers
v0x14ce30f80_0 .net "at_max", 0 0, L_0x14ce31ed0;  alias, 1 drivers
v0x14ce31030_0 .net "clk", 0 0, v0x14ce315c0_0;  1 drivers
v0x14ce310c0_0 .net "clr", 0 0, v0x14ce31650_0;  1 drivers
v0x14ce311a0_0 .var "count", 1 0;
v0x14ce31250_0 .net "inc_double", 0 0, v0x14ce318f0_0;  1 drivers
v0x14ce312f0_0 .net "inc_single", 0 0, v0x14ce319a0_0;  1 drivers
v0x14ce31390_0 .net "rst_n", 0 0, v0x14ce31c10_0;  1 drivers
E_0x14ce0ce70/0 .event negedge, v0x14ce31390_0;
E_0x14ce0ce70/1 .event posedge, v0x14ce31030_0;
E_0x14ce0ce70 .event/or E_0x14ce0ce70/0, E_0x14ce0ce70/1;
L_0x14ce31d50 .part v0x14ce311a0_0, 0, 1;
L_0x14ce31e30 .part v0x14ce311a0_0, 1, 1;
    .scope S_0x14ce0af20;
T_0 ;
    %wait E_0x14ce0ce70;
    %load/vec4 v0x14ce31390_0;
    %pad/u 32;
    %cmpi/e 0, 0, 32;
    %jmp/0xz  T_0.0, 4;
    %pushi/vec4 0, 0, 2;
    %assign/vec4 v0x14ce311a0_0, 0;
    %jmp T_0.1;
T_0.0 ;
    %load/vec4 v0x14ce310c0_0;
    %pad/u 32;
    %cmpi/e 1, 0, 32;
    %jmp/0xz  T_0.2, 4;
    %pushi/vec4 0, 0, 2;
    %assign/vec4 v0x14ce311a0_0, 0;
    %jmp T_0.3;
T_0.2 ;
    %load/vec4 v0x14ce311a0_0;
    %pad/u 32;
    %cmpi/u 3, 0, 32;
    %jmp/0xz  T_0.4, 5;
    %load/vec4 v0x14ce31250_0;
    %load/vec4 v0x14ce312f0_0;
    %concat/vec4; draw_concat_vec4
    %dup/vec4;
    %pushi/vec4 1, 0, 2;
    %cmp/u;
    %jmp/1 T_0.6, 6;
    %dup/vec4;
    %pushi/vec4 2, 0, 2;
    %cmp/u;
    %jmp/1 T_0.7, 6;
    %dup/vec4;
    %pushi/vec4 3, 0, 2;
    %cmp/u;
    %jmp/1 T_0.8, 6;
    %jmp T_0.9;
T_0.6 ;
    %load/vec4 v0x14ce311a0_0;
    %addi 1, 0, 2;
    %assign/vec4 v0x14ce311a0_0, 0;
    %jmp T_0.9;
T_0.7 ;
    %load/vec4 v0x14ce311a0_0;
    %pad/u 32;
    %cmpi/e 2, 0, 32;
    %jmp/0xz  T_0.10, 4;
    %pushi/vec4 3, 0, 2;
    %assign/vec4 v0x14ce311a0_0, 0;
    %jmp T_0.11;
T_0.10 ;
    %load/vec4 v0x14ce311a0_0;
    %pad/u 3;
    %addi 2, 0, 3;
    %pad/u 2;
    %assign/vec4 v0x14ce311a0_0, 0;
T_0.11 ;
    %jmp T_0.9;
T_0.8 ;
    %pushi/vec4 3, 0, 2;
    %assign/vec4 v0x14ce311a0_0, 0;
    %jmp T_0.9;
T_0.9 ;
    %pop/vec4 1;
T_0.4 ;
T_0.3 ;
T_0.1 ;
    %jmp T_0;
    .thread T_0;
    .scope S_0x14ce0adb0;
T_1 ;
    %pushi/vec4 0, 0, 1;
    %store/vec4 v0x14ce315c0_0, 0, 1;
T_1.0 ;
    %delay 5000, 0;
    %load/vec4 v0x14ce315c0_0;
    %inv;
    %store/vec4 v0x14ce315c0_0, 0, 1;
    %jmp T_1.0;
    %end;
    .thread T_1;
    .scope S_0x14ce0adb0;
T_2 ;
    %vpi_call 2 35 "$dumpfile", "tb_saturating_counter.vcd" {0 0 0};
    %vpi_call 2 36 "$dumpvars", 32'sb00000000000000000000000000000000, S_0x14ce0adb0 {0 0 0};
    %pushi/vec4 0, 0, 1;
    %store/vec4 v0x14ce31c10_0, 0, 1;
    %pushi/vec4 0, 0, 1;
    %store/vec4 v0x14ce319a0_0, 0, 1;
    %pushi/vec4 0, 0, 1;
    %store/vec4 v0x14ce318f0_0, 0, 1;
    %pushi/vec4 0, 0, 1;
    %store/vec4 v0x14ce31650_0, 0, 1;
    %pushi/vec4 0, 0, 2;
    %store/vec4 v0x14ce31860_0, 0, 2;
    %delay 2000, 0;
    %load/vec4 v0x14ce31790_0;
    %pad/u 32;
    %cmpi/ne 0, 0, 32;
    %jmp/1 T_2.2, 6;
    %flag_mov 8, 6;
    %load/vec4 v0x14ce31500_0;
    %pad/u 32;
    %cmpi/ne 0, 0, 32;
    %flag_or 6, 8;
T_2.2;
    %jmp/0xz  T_2.0, 6;
    %vpi_call 2 44 "$fatal", 32'sb00000000000000000000000000000001, "Reset should force count=0" {0 0 0};
T_2.0 ;
    %pushi/vec4 1, 0, 1;
    %store/vec4 v0x14ce31c10_0, 0, 1;
    %pushi/vec4 0, 0, 32;
    %store/vec4 v0x14ce31b60_0, 0, 32;
T_2.3 ;
    %load/vec4 v0x14ce31b60_0;
    %cmpi/s 4, 0, 32;
    %jmp/0xz T_2.4, 5;
    %pushi/vec4 0, 0, 32;
    %store/vec4 v0x14ce31700_0, 0, 32;
T_2.5 ;
    %load/vec4 v0x14ce31700_0;
    %cmpi/s 8, 0, 32;
    %jmp/0xz T_2.6, 5;
    %wait E_0x14ce0b570;
    %load/vec4 v0x14ce31700_0;
    %parti/s 1, 0, 2;
    %store/vec4 v0x14ce319a0_0, 0, 1;
    %load/vec4 v0x14ce31700_0;
    %parti/s 1, 1, 2;
    %store/vec4 v0x14ce318f0_0, 0, 1;
    %load/vec4 v0x14ce31700_0;
    %parti/s 1, 2, 3;
    %store/vec4 v0x14ce31650_0, 0, 1;
    %load/vec4 v0x14ce31860_0;
    %store/vec4 v0x14ce31a50_0, 0, 2;
    %wait E_0x14ce18ed0;
    %load/vec4 v0x14ce31c10_0;
    %nor/r;
    %flag_set/vec4 8;
    %jmp/0xz  T_2.7, 8;
    %pushi/vec4 0, 0, 2;
    %store/vec4 v0x14ce31860_0, 0, 2;
    %jmp T_2.8;
T_2.7 ;
    %load/vec4 v0x14ce31650_0;
    %flag_set/vec4 8;
    %jmp/0xz  T_2.9, 8;
    %pushi/vec4 0, 0, 2;
    %store/vec4 v0x14ce31860_0, 0, 2;
    %jmp T_2.10;
T_2.9 ;
    %load/vec4 v0x14ce318f0_0;
    %flag_set/vec4 9;
    %flag_get/vec4 9;
    %jmp/0 T_2.13, 9;
    %load/vec4 v0x14ce31a50_0;
    %pushi/vec4 3, 0, 2;
    %cmp/ne;
    %flag_get/vec4 4;
    %and;
T_2.13;
    %flag_set/vec4 8;
    %jmp/0xz  T_2.11, 8;
    %pushi/vec4 0, 0, 1;
    %load/vec4 v0x14ce31a50_0;
    %concat/vec4; draw_concat_vec4
    %addi 2, 0, 3;
    %store/vec4 v0x14ce31cc0_0, 0, 3;
    %load/vec4 v0x14ce31cc0_0;
    %parti/s 1, 2, 3;
    %flag_set/vec4 8;
    %jmp/1 T_2.16, 8;
    %load/vec4 v0x14ce31cc0_0;
    %parti/s 2, 0, 2;
    %cmpi/u 3, 0, 2;
    %flag_inv 5; GE is !LT
    %flag_or 8, 5;
T_2.16;
    %jmp/0xz  T_2.14, 8;
    %pushi/vec4 3, 0, 2;
    %store/vec4 v0x14ce31860_0, 0, 2;
    %jmp T_2.15;
T_2.14 ;
    %load/vec4 v0x14ce31cc0_0;
    %parti/s 2, 0, 2;
    %store/vec4 v0x14ce31860_0, 0, 2;
T_2.15 ;
    %jmp T_2.12;
T_2.11 ;
    %load/vec4 v0x14ce319a0_0;
    %flag_set/vec4 9;
    %flag_get/vec4 9;
    %jmp/0 T_2.19, 9;
    %load/vec4 v0x14ce31a50_0;
    %pushi/vec4 3, 0, 2;
    %cmp/ne;
    %flag_get/vec4 4;
    %and;
T_2.19;
    %flag_set/vec4 8;
    %jmp/0xz  T_2.17, 8;
    %load/vec4 v0x14ce31a50_0;
    %addi 1, 0, 2;
    %store/vec4 v0x14ce31860_0, 0, 2;
    %jmp T_2.18;
T_2.17 ;
    %load/vec4 v0x14ce31a50_0;
    %store/vec4 v0x14ce31860_0, 0, 2;
T_2.18 ;
T_2.12 ;
T_2.10 ;
T_2.8 ;
    %delay 1000, 0;
    %load/vec4 v0x14ce31790_0;
    %load/vec4 v0x14ce31860_0;
    %cmp/ne;
    %jmp/0xz  T_2.20, 6;
    %vpi_call 2 70 "$fatal", 32'sb00000000000000000000000000000001, "Count mismatch: inc_single=%0b inc_double=%0b clr=%0b prev=%0b expected=%0b got=%0b", v0x14ce319a0_0, v0x14ce318f0_0, v0x14ce31650_0, v0x14ce31a50_0, v0x14ce31860_0, v0x14ce31790_0 {0 0 0};
T_2.20 ;
    %load/vec4 v0x14ce31500_0;
    %load/vec4 v0x14ce31860_0;
    %pushi/vec4 3, 0, 2;
    %cmp/e;
    %flag_get/vec4 4;
    %cmp/ne;
    %jmp/0xz  T_2.22, 6;
    %load/vec4 v0x14ce31860_0;
    %pushi/vec4 3, 0, 2;
    %cmp/e;
    %flag_get/vec4 4;
    %vpi_call 2 74 "$fatal", 32'sb00000000000000000000000000000001, "at_max incorrect: expected %0b got %0b", S<0,vec4,u1>, v0x14ce31500_0 {1 0 0};
T_2.22 ;
    %load/vec4 v0x14ce31700_0;
    %addi 1, 0, 32;
    %store/vec4 v0x14ce31700_0, 0, 32;
    %jmp T_2.5;
T_2.6 ;
    %load/vec4 v0x14ce31b60_0;
    %addi 1, 0, 32;
    %store/vec4 v0x14ce31b60_0, 0, 32;
    %jmp T_2.3;
T_2.4 ;
    %wait E_0x14ce0b570;
    %pushi/vec4 1, 0, 1;
    %store/vec4 v0x14ce318f0_0, 0, 1;
    %pushi/vec4 0, 0, 1;
    %store/vec4 v0x14ce319a0_0, 0, 1;
    %pushi/vec4 0, 0, 1;
    %store/vec4 v0x14ce31650_0, 0, 1;
    %pushi/vec4 2, 0, 32;
T_2.24 %dup/vec4;
    %pushi/vec4 0, 0, 32;
    %cmp/s;
    %jmp/1xz T_2.25, 5;
    %jmp/1 T_2.25, 4;
    %pushi/vec4 1, 0, 32;
    %sub;
    %load/vec4 v0x14ce31860_0;
    %store/vec4 v0x14ce31a50_0, 0, 2;
    %wait E_0x14ce18ed0;
    %load/vec4 v0x14ce31a50_0;
    %cmpi/ne 3, 0, 2;
    %jmp/0xz  T_2.26, 4;
    %pushi/vec4 0, 0, 1;
    %load/vec4 v0x14ce31a50_0;
    %concat/vec4; draw_concat_vec4
    %addi 2, 0, 3;
    %store/vec4 v0x14ce31cc0_0, 0, 3;
    %load/vec4 v0x14ce31cc0_0;
    %parti/s 1, 2, 3;
    %flag_set/vec4 8;
    %jmp/1 T_2.30, 8;
    %load/vec4 v0x14ce31cc0_0;
    %parti/s 2, 0, 2;
    %cmpi/u 3, 0, 2;
    %flag_inv 5; GE is !LT
    %flag_or 8, 5;
T_2.30;
    %jmp/0 T_2.28, 8;
    %pushi/vec4 3, 0, 2;
    %jmp/1 T_2.29, 8;
T_2.28 ; End of true expr.
    %load/vec4 v0x14ce31cc0_0;
    %parti/s 2, 0, 2;
    %jmp/0 T_2.29, 8;
 ; End of false expr.
    %blend;
T_2.29;
    %store/vec4 v0x14ce31860_0, 0, 2;
T_2.26 ;
    %delay 1000, 0;
    %jmp T_2.24;
T_2.25 ;
    %pop/vec4 1;
    %load/vec4 v0x14ce31790_0;
    %load/vec4 v0x14ce31860_0;
    %cmp/ne;
    %jmp/0xz  T_2.31, 6;
    %vpi_call 2 93 "$fatal", 32'sb00000000000000000000000000000001, "Double-step sequence mismatch" {0 0 0};
T_2.31 ;
    %wait E_0x14ce0b570;
    %pushi/vec4 0, 0, 1;
    %store/vec4 v0x14ce318f0_0, 0, 1;
    %pushi/vec4 1, 0, 1;
    %store/vec4 v0x14ce319a0_0, 0, 1;
    %wait E_0x14ce18ed0;
    %delay 1000, 0;
    %load/vec4 v0x14ce31790_0;
    %cmpi/ne 3, 0, 2;
    %jmp/0xz  T_2.33, 6;
    %vpi_call 2 100 "$fatal", 32'sb00000000000000000000000000000001, "Failed to saturate at 3 after mixed increments" {0 0 0};
T_2.33 ;
    %delay 2000, 0;
    %pushi/vec4 0, 0, 1;
    %store/vec4 v0x14ce31c10_0, 0, 1;
    %delay 1000, 0;
    %load/vec4 v0x14ce31790_0;
    %cmpi/ne 0, 0, 2;
    %jmp/0xz  T_2.35, 6;
    %vpi_call 2 105 "$fatal", 32'sb00000000000000000000000000000001, "Async reset failed to clear counter" {0 0 0};
T_2.35 ;
    %pushi/vec4 1, 0, 1;
    %store/vec4 v0x14ce31c10_0, 0, 1;
    %pushi/vec4 0, 0, 1;
    %store/vec4 v0x14ce319a0_0, 0, 1;
    %pushi/vec4 0, 0, 1;
    %store/vec4 v0x14ce318f0_0, 0, 1;
    %pushi/vec4 0, 0, 1;
    %store/vec4 v0x14ce31650_0, 0, 1;
    %wait E_0x14ce18ed0;
    %delay 1000, 0;
    %load/vec4 v0x14ce31790_0;
    %cmpi/ne 0, 0, 2;
    %jmp/0xz  T_2.37, 6;
    %vpi_call 2 112 "$fatal", 32'sb00000000000000000000000000000001, "Counter should remain 0 after reset release" {0 0 0};
T_2.37 ;
    %vpi_call 2 114 "$display", "saturating_counter: all cases covered" {0 0 0};
    %vpi_call 2 115 "$finish" {0 0 0};
    %end;
    .thread T_2;
# The file index is used to find the file name in the following table.
:file_names 4;
    "N/A";
    "<interactive>";
    "tb_saturating_counter.v";
    "./saturating_counter.v";
