#! /opt/homebrew/Cellar/icarus-verilog/12.0/bin/vvp
:ivl_version "12.0 (stable)";
:ivl_delay_selection "TYPICAL";
:vpi_time_precision - 12;
:vpi_module "/opt/homebrew/Cellar/icarus-verilog/12.0/lib/ivl/system.vpi";
:vpi_module "/opt/homebrew/Cellar/icarus-verilog/12.0/lib/ivl/vhdl_sys.vpi";
:vpi_module "/opt/homebrew/Cellar/icarus-verilog/12.0/lib/ivl/vhdl_textio.vpi";
:vpi_module "/opt/homebrew/Cellar/icarus-verilog/12.0/lib/ivl/v2005_math.vpi";
:vpi_module "/opt/homebrew/Cellar/icarus-verilog/12.0/lib/ivl/va_math.vpi";
S_0x1023f0150 .scope module, "testbench" "testbench" 2 4;
 .timescale -9 -12;
v0xcb8c605a0_0 .net "A", 3 0, L_0x1023f6ff0;  1 drivers
v0xcb8c60640_0 .var "clk", 0 0;
v0xcb8c606e0_0 .var "set", 0 0;
S_0x1023f02d0 .scope module, "dut" "q1" 2 11, 3 3 0, S_0x1023f0150;
 .timescale 0 0;
    .port_info 0 /INPUT 1 "clk";
    .port_info 1 /INPUT 1 "set";
    .port_info 2 /OUTPUT 4 "A";
L_0x1023f46a0 .functor XOR 1, L_0x1023f6cd0, L_0x1023f6d70, C4<0>, C4<0>;
v0xcb8c60280_0 .net "A", 3 0, L_0x1023f6ff0;  alias, 1 drivers
v0xcb8c60320_0 .net *"_ivl_1", 0 0, L_0x1023f6cd0;  1 drivers
v0xcb8c603c0_0 .net *"_ivl_3", 0 0, L_0x1023f6d70;  1 drivers
v0xcb8c60460_0 .net "clk", 0 0, v0xcb8c60640_0;  1 drivers
v0xcb8c60500_0 .net "set", 0 0, v0xcb8c606e0_0;  1 drivers
L_0x1023f6cd0 .part L_0x1023f6ff0, 2, 1;
L_0x1023f6d70 .part L_0x1023f6ff0, 0, 1;
L_0x1023f6e10 .part L_0x1023f6ff0, 3, 1;
L_0x1023f6eb0 .part L_0x1023f6ff0, 2, 1;
L_0x1023f6f50 .part L_0x1023f6ff0, 1, 1;
L_0x1023f6ff0 .concat8 [ 1 1 1 1], v0xcb8c60140_0, v0x1023f6a10_0, v0x1023edc90_0, v0x1023f5560_0;
S_0x1023eed80 .scope module, "d1" "dff1" 3 18, 4 1 0, S_0x1023f02d0;
 .timescale 0 0;
    .port_info 0 /INPUT 1 "clk";
    .port_info 1 /INPUT 1 "reset";
    .port_info 2 /INPUT 1 "d";
    .port_info 3 /OUTPUT 1 "q";
v0x1023f4600_0 .net "clk", 0 0, v0xcb8c60640_0;  alias, 1 drivers
v0x1023f5b80_0 .net "d", 0 0, L_0x1023f46a0;  1 drivers
v0x1023f5560_0 .var "q", 0 0;
v0x1023eef00_0 .net "reset", 0 0, v0xcb8c606e0_0;  alias, 1 drivers
E_0xcb8c40300 .event posedge, v0x1023f4600_0;
S_0x1023eda70 .scope module, "d2" "dff0" 3 19, 5 1 0, S_0x1023f02d0;
 .timescale 0 0;
    .port_info 0 /INPUT 1 "clk";
    .port_info 1 /INPUT 1 "reset";
    .port_info 2 /INPUT 1 "d";
    .port_info 3 /OUTPUT 1 "q";
v0x1023eefa0_0 .net "clk", 0 0, v0xcb8c60640_0;  alias, 1 drivers
v0x1023edbf0_0 .net "d", 0 0, L_0x1023f6e10;  1 drivers
v0x1023edc90_0 .var "q", 0 0;
v0x1023ea7d0_0 .net "reset", 0 0, v0xcb8c606e0_0;  alias, 1 drivers
S_0x1023ea870 .scope module, "d3" "dff0" 3 20, 5 1 0, S_0x1023f02d0;
 .timescale 0 0;
    .port_info 0 /INPUT 1 "clk";
    .port_info 1 /INPUT 1 "reset";
    .port_info 2 /INPUT 1 "d";
    .port_info 3 /OUTPUT 1 "q";
v0x1023ea9f0_0 .net "clk", 0 0, v0xcb8c60640_0;  alias, 1 drivers
v0x1023f6970_0 .net "d", 0 0, L_0x1023f6eb0;  1 drivers
v0x1023f6a10_0 .var "q", 0 0;
v0x1023f6ab0_0 .net "reset", 0 0, v0xcb8c606e0_0;  alias, 1 drivers
S_0x1023f6b50 .scope module, "d4" "dff1" 3 21, 4 1 0, S_0x1023f02d0;
 .timescale 0 0;
    .port_info 0 /INPUT 1 "clk";
    .port_info 1 /INPUT 1 "reset";
    .port_info 2 /INPUT 1 "d";
    .port_info 3 /OUTPUT 1 "q";
v0xcb8c60000_0 .net "clk", 0 0, v0xcb8c60640_0;  alias, 1 drivers
v0xcb8c600a0_0 .net "d", 0 0, L_0x1023f6f50;  1 drivers
v0xcb8c60140_0 .var "q", 0 0;
v0xcb8c601e0_0 .net "reset", 0 0, v0xcb8c606e0_0;  alias, 1 drivers
    .scope S_0x1023eed80;
T_0 ;
    %wait E_0xcb8c40300;
    %load/vec4 v0x1023eef00_0;
    %flag_set/vec4 8;
    %jmp/0xz  T_0.0, 8;
    %pushi/vec4 1, 0, 1;
    %assign/vec4 v0x1023f5560_0, 0;
    %jmp T_0.1;
T_0.0 ;
    %load/vec4 v0x1023f5b80_0;
    %assign/vec4 v0x1023f5560_0, 0;
T_0.1 ;
    %jmp T_0;
    .thread T_0;
    .scope S_0x1023eda70;
T_1 ;
    %wait E_0xcb8c40300;
    %load/vec4 v0x1023ea7d0_0;
    %flag_set/vec4 8;
    %jmp/0xz  T_1.0, 8;
    %pushi/vec4 0, 0, 1;
    %assign/vec4 v0x1023edc90_0, 0;
    %jmp T_1.1;
T_1.0 ;
    %load/vec4 v0x1023edbf0_0;
    %assign/vec4 v0x1023edc90_0, 0;
T_1.1 ;
    %jmp T_1;
    .thread T_1;
    .scope S_0x1023ea870;
T_2 ;
    %wait E_0xcb8c40300;
    %load/vec4 v0x1023f6ab0_0;
    %flag_set/vec4 8;
    %jmp/0xz  T_2.0, 8;
    %pushi/vec4 0, 0, 1;
    %assign/vec4 v0x1023f6a10_0, 0;
    %jmp T_2.1;
T_2.0 ;
    %load/vec4 v0x1023f6970_0;
    %assign/vec4 v0x1023f6a10_0, 0;
T_2.1 ;
    %jmp T_2;
    .thread T_2;
    .scope S_0x1023f6b50;
T_3 ;
    %wait E_0xcb8c40300;
    %load/vec4 v0xcb8c601e0_0;
    %flag_set/vec4 8;
    %jmp/0xz  T_3.0, 8;
    %pushi/vec4 1, 0, 1;
    %assign/vec4 v0xcb8c60140_0, 0;
    %jmp T_3.1;
T_3.0 ;
    %load/vec4 v0xcb8c600a0_0;
    %assign/vec4 v0xcb8c60140_0, 0;
T_3.1 ;
    %jmp T_3;
    .thread T_3;
    .scope S_0x1023f0150;
T_4 ;
    %pushi/vec4 0, 0, 1;
    %store/vec4 v0xcb8c60640_0, 0, 1;
T_4.0 ;
    %delay 5000, 0;
    %load/vec4 v0xcb8c60640_0;
    %inv;
    %store/vec4 v0xcb8c60640_0, 0, 1;
    %jmp T_4.0;
    %end;
    .thread T_4;
    .scope S_0x1023f0150;
T_5 ;
    %vpi_call 2 24 "$display", "Time   clk set  A" {0 0 0};
    %vpi_call 2 25 "$monitor", "%4t   %b   %b   %b", $time, v0xcb8c60640_0, v0xcb8c606e0_0, v0xcb8c605a0_0 {0 0 0};
    %pushi/vec4 1, 0, 1;
    %store/vec4 v0xcb8c606e0_0, 0, 1;
    %delay 10000, 0;
    %pushi/vec4 0, 0, 1;
    %store/vec4 v0xcb8c606e0_0, 0, 1;
    %delay 200000, 0;
    %vpi_call 2 37 "$finish" {0 0 0};
    %end;
    .thread T_5;
# The file index is used to find the file name in the following table.
:file_names 6;
    "N/A";
    "<interactive>";
    "tb_q1.v";
    "./q1.v";
    "./dff1.v";
    "./dff0.v";
